2026-08-13 13:40:40,822 | ============================================================
2026-08-13 13:40:40,822 | BRICK Training -- ablation_3_batch_size_4/ablation_no_control_no_ic
2026-08-13 13:40:40,822 | N_ROIS=24, M=96, H=4, T=240
2026-08-13 13:40:40,822 | Epochs=3000, LR=0.0001, WD=0.05, LAMBDA_NOISE=0.01, BATCH_SIZE=4, BETA=0.2, EPSILON=1.0
2026-08-13 13:40:40,823 | cls_regression_threshold=0.3, use_control=False, use_ic=False
2026-08-13 13:40:40,823 | KL annealing: g0 over 0 epochs, u delayed 0 then over 0 epochs
2026-08-13 13:40:40,823 | Split mode: random split_dataset(seed=42)
2026-08-13 13:40:40,823 | ============================================================
2026-08-13 13:40:40,823 | Loading dataset...
2026-08-13 13:40:40,874 | Split: 52 train | 4 val | 20 test items
2026-08-13 13:40:40,898 | Model parameters: 554,702
2026-08-13 13:40:40,898 | Starting training...
2026-08-13 13:40:41,383 | Epoch    1/3000 | kl_g0_w=1.00 kl_u_w=1.00 | train=39.8333 (recon=49.7917, kl_g0=0.0000, kl_u=0.0000, cls=0.0000) | val=39.8333 | lr=1.00e-04 [PREOVERFIT-UPDATE]
2026-08-13 13:40:41,393 |   -> New best val loss: 39.8333 (saved best_model_recon.pt)
2026-08-13 13:40:41,399 |   -> New joint-best cls loss: val=0.0000, train=0.0000
2026-08-13 13:40:43,853 | Epoch   10/3000 | kl_g0_w=1.00 kl_u_w=1.00 | train=39.8333 (recon=49.7917, kl_g0=0.0000, kl_u=0.0000, cls=0.0000) | val=39.8333 | lr=1.00e-04
2026-08-13 13:40:46,498 | Epoch   20/3000 | kl_g0_w=1.00 kl_u_w=1.00 | train=39.8333 (recon=49.7917, kl_g0=0.0000, kl_u=0.0000, cls=0.0000) | val=39.8333 | lr=5.00e-05
2026-08-13 13:40:49,146 | Epoch   30/3000 | kl_g0_w=1.00 kl_u_w=1.00 | train=39.8333 (recon=49.7917, kl_g0=0.0000, kl_u=0.0000, cls=0.0000) | val=39.8333 | lr=5.00e-05
2026-08-13 13:40:51,790 | Epoch   40/3000 | kl_g0_w=1.00 kl_u_w=1.00 | train=39.8333 (recon=49.7917, kl_g0=0.0000, kl_u=0.0000, cls=0.0000) | val=39.8333 | lr=2.50e-05
2026-08-13 13:40:54,418 | Epoch   50/3000 | kl_g0_w=1.00 kl_u_w=1.00 | train=39.8333 (recon=49.7917, kl_g0=0.0000, kl_u=0.0000, cls=0.0000) | val=39.8333 | lr=1.25e-05
2026-08-13 13:40:57,067 | Epoch   60/3000 | kl_g0_w=1.00 kl_u_w=1.00 | train=39.8333 (recon=49.7917, kl_g0=0.0000, kl_u=0.0000, cls=0.0000) | val=39.8333 | lr=1.25e-05
2026-08-13 13:40:59,735 | Epoch   70/3000 | kl_g0_w=1.00 kl_u_w=1.00 | train=39.8333 (recon=49.7917, kl_g0=0.0000, kl_u=0.0000, cls=0.0000) | val=39.8333 | lr=6.25e-06
2026-08-13 13:41:02,381 | Epoch   80/3000 | kl_g0_w=1.00 kl_u_w=1.00 | train=39.8333 (recon=49.7917, kl_g0=0.0000, kl_u=0.0000, cls=0.0000) | val=39.8333 | lr=6.25e-06
2026-08-13 13:41:05,073 | Epoch   90/3000 | kl_g0_w=1.00 kl_u_w=1.00 | train=39.8333 (recon=49.7917, kl_g0=0.0000, kl_u=0.0000, cls=0.0000) | val=39.8333 | lr=3.13e-06
2026-08-13 13:41:07,759 | Epoch  100/3000 | kl_g0_w=1.00 kl_u_w=1.00 | train=39.8333 (recon=49.7917, kl_g0=0.0000, kl_u=0.0000, cls=0.0000) | val=39.8333 | lr=1.56e-06
2026-08-13 13:41:10,425 | Epoch  110/3000 | kl_g0_w=1.00 kl_u_w=1.00 | train=39.8333 (recon=49.7917, kl_g0=0.0000, kl_u=0.0000, cls=0.0000) | val=39.8333 | lr=1.56e-06
2026-08-13 13:41:13,128 | Epoch  120/3000 | kl_g0_w=1.00 kl_u_w=1.00 | train=39.8333 (recon=49.7917, kl_g0=0.0000, kl_u=0.0000, cls=0.0000) | val=39.8333 | lr=1.00e-06
2026-08-13 13:41:15,793 | Epoch  130/3000 | kl_g0_w=1.00 kl_u_w=1.00 | train=39.8333 (recon=49.7917, kl_g0=0.0000, kl_u=0.0000, cls=0.0000) | val=39.8333 | lr=1.00e-06
2026-08-13 13:41:18,477 | Epoch  140/3000 | kl_g0_w=1.00 kl_u_w=1.00 | train=39.8333 (recon=49.7917, kl_g0=0.0000, kl_u=0.0000, cls=0.0000) | val=39.8333 | lr=1.00e-06
2026-08-13 13:41:21,144 | Epoch  150/3000 | kl_g0_w=1.00 kl_u_w=1.00 | train=39.8333 (recon=49.7917, kl_g0=0.0000, kl_u=0.0000, cls=0.0000) | val=39.8333 | lr=1.00e-06
2026-08-13 13:41:23,810 | Epoch  160/3000 | kl_g0_w=1.00 kl_u_w=1.00 | train=39.8333 (recon=49.7917, kl_g0=0.0000, kl_u=0.0000, cls=0.0000) | val=39.8333 | lr=1.00e-06
2026-08-13 13:41:26,473 | Epoch  170/3000 | kl_g0_w=1.00 kl_u_w=1.00 | train=39.8333 (recon=49.7917, kl_g0=0.0000, kl_u=0.0000, cls=0.0000) | val=39.8333 | lr=1.00e-06
2026-08-13 13:41:29,160 | Epoch  180/3000 | kl_g0_w=1.00 kl_u_w=1.00 | train=39.8333 (recon=49.7917, kl_g0=0.0000, kl_u=0.0000, cls=0.0000) | val=39.8333 | lr=1.00e-06
2026-08-13 13:41:31,837 | Epoch  190/3000 | kl_g0_w=1.00 kl_u_w=1.00 | train=39.8333 (recon=49.7917, kl_g0=0.0000, kl_u=0.0000, cls=0.0000) | val=39.8333 | lr=1.00e-06
2026-08-13 13:41:34,493 | Epoch  200/3000 | kl_g0_w=1.00 kl_u_w=1.00 | train=39.8333 (recon=49.7917, kl_g0=0.0000, kl_u=0.0000, cls=0.0000) | val=39.8333 | lr=1.00e-06
2026-08-13 13:41:37,138 | Epoch  210/3000 | kl_g0_w=1.00 kl_u_w=1.00 | train=39.8333 (recon=49.7917, kl_g0=0.0000, kl_u=0.0000, cls=0.0000) | val=39.8333 | lr=1.00e-06
2026-08-13 13:41:39,813 | Epoch  220/3000 | kl_g0_w=1.00 kl_u_w=1.00 | train=39.8333 (recon=49.7917, kl_g0=0.0000, kl_u=0.0000, cls=0.0000) | val=39.8333 | lr=1.00e-06
2026-08-13 13:41:42,499 | Epoch  230/3000 | kl_g0_w=1.00 kl_u_w=1.00 | train=39.8333 (recon=49.7917, kl_g0=0.0000, kl_u=0.0000, cls=0.0000) | val=39.8333 | lr=1.00e-06
2026-08-13 13:41:45,179 | Epoch  240/3000 | kl_g0_w=1.00 kl_u_w=1.00 | train=39.8333 (recon=49.7917, kl_g0=0.0000, kl_u=0.0000, cls=0.0000) | val=39.8333 | lr=1.00e-06
2026-08-13 13:41:47,847 | Epoch  250/3000 | kl_g0_w=1.00 kl_u_w=1.00 | train=39.8333 (recon=49.7917, kl_g0=0.0000, kl_u=0.0000, cls=0.0000) | val=39.8333 | lr=1.00e-06
2026-08-13 13:41:50,499 | Epoch  260/3000 | kl_g0_w=1.00 kl_u_w=1.00 | train=39.8333 (recon=49.7917, kl_g0=0.0000, kl_u=0.0000, cls=0.0000) | val=39.8333 | lr=1.00e-06
2026-08-13 13:41:53,195 | Epoch  270/3000 | kl_g0_w=1.00 kl_u_w=1.00 | train=39.8333 (recon=49.7917, kl_g0=0.0000, kl_u=0.0000, cls=0.0000) | val=39.8333 | lr=1.00e-06
2026-08-13 13:41:55,862 | Epoch  280/3000 | kl_g0_w=1.00 kl_u_w=1.00 | train=39.8333 (recon=49.7917, kl_g0=0.0000, kl_u=0.0000, cls=0.0000) | val=39.8333 | lr=1.00e-06
2026-08-13 13:41:58,530 | Epoch  290/3000 | kl_g0_w=1.00 kl_u_w=1.00 | train=39.8333 (recon=49.7917, kl_g0=0.0000, kl_u=0.0000, cls=0.0000) | val=39.8333 | lr=1.00e-06
2026-08-13 13:42:01,184 | Epoch  300/3000 | kl_g0_w=1.00 kl_u_w=1.00 | train=39.8333 (recon=49.7917, kl_g0=0.0000, kl_u=0.0000, cls=0.0000) | val=39.8333 | lr=1.00e-06
2026-08-13 13:42:03,865 | Epoch  310/3000 | kl_g0_w=1.00 kl_u_w=1.00 | train=39.8333 (recon=49.7917, kl_g0=0.0000, kl_u=0.0000, cls=0.0000) | val=39.8333 | lr=1.00e-06
2026-08-13 13:42:06,560 | Epoch  320/3000 | kl_g0_w=1.00 kl_u_w=1.00 | train=39.8333 (recon=49.7917, kl_g0=0.0000, kl_u=0.0000, cls=0.0000) | val=39.8333 | lr=1.00e-06
2026-08-13 13:42:09,274 | Epoch  330/3000 | kl_g0_w=1.00 kl_u_w=1.00 | train=39.8333 (recon=49.7917, kl_g0=0.0000, kl_u=0.0000, cls=0.0000) | val=39.8333 | lr=1.00e-06
2026-08-13 13:42:11,936 | Epoch  340/3000 | kl_g0_w=1.00 kl_u_w=1.00 | train=39.8333 (recon=49.7917, kl_g0=0.0000, kl_u=0.0000, cls=0.0000) | val=39.8333 | lr=1.00e-06
2026-08-13 13:42:14,589 | Epoch  350/3000 | kl_g0_w=1.00 kl_u_w=1.00 | train=39.8333 (recon=49.7917, kl_g0=0.0000, kl_u=0.0000, cls=0.0000) | val=39.8333 | lr=1.00e-06
2026-08-13 13:42:17,267 | Epoch  360/3000 | kl_g0_w=1.00 kl_u_w=1.00 | train=39.8333 (recon=49.7917, kl_g0=0.0000, kl_u=0.0000, cls=0.0000) | val=39.8333 | lr=1.00e-06
2026-08-13 13:42:19,963 | Epoch  370/3000 | kl_g0_w=1.00 kl_u_w=1.00 | train=39.8333 (recon=49.7917, kl_g0=0.0000, kl_u=0.0000, cls=0.0000) | val=39.8333 | lr=1.00e-06
2026-08-13 13:42:22,656 | Epoch  380/3000 | kl_g0_w=1.00 kl_u_w=1.00 | train=39.8333 (recon=49.7917, kl_g0=0.0000, kl_u=0.0000, cls=0.0000) | val=39.8333 | lr=1.00e-06
2026-08-13 13:42:25,314 | Epoch  390/3000 | kl_g0_w=1.00 kl_u_w=1.00 | train=39.8333 (recon=49.7917, kl_g0=0.0000, kl_u=0.0000, cls=0.0000) | val=39.8333 | lr=1.00e-06
2026-08-13 13:42:28,012 | Epoch  400/3000 | kl_g0_w=1.00 kl_u_w=1.00 | train=39.8333 (recon=49.7917, kl_g0=0.0000, kl_u=0.0000, cls=0.0000) | val=39.8333 | lr=1.00e-06
2026-08-13 13:42:30,686 | Epoch  410/3000 | kl_g0_w=1.00 kl_u_w=1.00 | train=39.8333 (recon=49.7917, kl_g0=0.0000, kl_u=0.0000, cls=0.0000) | val=39.8333 | lr=1.00e-06
2026-08-13 13:42:33,417 | Epoch  420/3000 | kl_g0_w=1.00 kl_u_w=1.00 | train=39.8333 (recon=49.7917, kl_g0=0.0000, kl_u=0.0000, cls=0.0000) | val=39.8333 | lr=1.00e-06
2026-08-13 13:42:36,094 | Epoch  430/3000 | kl_g0_w=1.00 kl_u_w=1.00 | train=39.8333 (recon=49.7917, kl_g0=0.0000, kl_u=0.0000, cls=0.0000) | val=39.8333 | lr=1.00e-06
2026-08-13 13:42:38,835 | Epoch  440/3000 | kl_g0_w=1.00 kl_u_w=1.00 | train=39.8333 (recon=49.7917, kl_g0=0.0000, kl_u=0.0000, cls=0.0000) | val=39.8333 | lr=1.00e-06
2026-08-13 13:42:41,527 | Epoch  450/3000 | kl_g0_w=1.00 kl_u_w=1.00 | train=39.8333 (recon=49.7917, kl_g0=0.0000, kl_u=0.0000, cls=0.0000) | val=39.8333 | lr=1.00e-06
2026-08-13 13:42:44,365 | Epoch  460/3000 | kl_g0_w=1.00 kl_u_w=1.00 | train=39.8333 (recon=49.7917, kl_g0=0.0000, kl_u=0.0000, cls=0.0000) | val=39.8333 | lr=1.00e-06
2026-08-13 13:42:49,242 | Epoch  470/3000 | kl_g0_w=1.00 kl_u_w=1.00 | train=39.8333 (recon=49.7917, kl_g0=0.0000, kl_u=0.0000, cls=0.0000) | val=39.8333 | lr=1.00e-06
2026-08-13 13:42:54,147 | Epoch  480/3000 | kl_g0_w=1.00 kl_u_w=1.00 | train=39.8333 (recon=49.7917, kl_g0=0.0000, kl_u=0.0000, cls=0.0000) | val=39.8333 | lr=1.00e-06
2026-08-13 13:42:59,110 | Epoch  490/3000 | kl_g0_w=1.00 kl_u_w=1.00 | train=39.8333 (recon=49.7917, kl_g0=0.0000, kl_u=0.0000, cls=0.0000) | val=39.8333 | lr=1.00e-06
2026-08-13 13:43:04,021 | Epoch  500/3000 | kl_g0_w=1.00 kl_u_w=1.00 | train=39.8333 (recon=49.7917, kl_g0=0.0000, kl_u=0.0000, cls=0.0000) | val=39.8333 | lr=1.00e-06
2026-08-13 13:43:08,931 | Epoch  510/3000 | kl_g0_w=1.00 kl_u_w=1.00 | train=39.8333 (recon=49.7917, kl_g0=0.0000, kl_u=0.0000, cls=0.0000) | val=39.8333 | lr=1.00e-06
2026-08-13 13:43:13,967 | Epoch  520/3000 | kl_g0_w=1.00 kl_u_w=1.00 | train=39.8333 (recon=49.7917, kl_g0=0.0000, kl_u=0.0000, cls=0.0000) | val=39.8333 | lr=1.00e-06
2026-08-13 13:43:18,887 | Epoch  530/3000 | kl_g0_w=1.00 kl_u_w=1.00 | train=39.8333 (recon=49.7917, kl_g0=0.0000, kl_u=0.0000, cls=0.0000) | val=39.8333 | lr=1.00e-06
2026-08-13 13:43:23,772 | Epoch  540/3000 | kl_g0_w=1.00 kl_u_w=1.00 | train=39.8333 (recon=49.7917, kl_g0=0.0000, kl_u=0.0000, cls=0.0000) | val=39.8333 | lr=1.00e-06
2026-08-13 13:43:29,429 | Epoch  550/3000 | kl_g0_w=1.00 kl_u_w=1.00 | train=39.8333 (recon=49.7917, kl_g0=0.0000, kl_u=0.0000, cls=0.0000) | val=39.8333 | lr=1.00e-06
2026-08-13 13:43:34,373 | Epoch  560/3000 | kl_g0_w=1.00 kl_u_w=1.00 | train=39.8333 (recon=49.7917, kl_g0=0.0000, kl_u=0.0000, cls=0.0000) | val=39.8333 | lr=1.00e-06
2026-08-13 13:43:40,774 | Epoch  570/3000 | kl_g0_w=1.00 kl_u_w=1.00 | train=39.8333 (recon=49.7917, kl_g0=0.0000, kl_u=0.0000, cls=0.0000) | val=39.8333 | lr=1.00e-06
2026-08-13 13:43:43,846 | Epoch  580/3000 | kl_g0_w=1.00 kl_u_w=1.00 | train=39.8333 (recon=49.7917, kl_g0=0.0000, kl_u=0.0000, cls=0.0000) | val=39.8333 | lr=1.00e-06
2026-08-13 13:43:48,713 | Epoch  590/3000 | kl_g0_w=1.00 kl_u_w=1.00 | train=39.8333 (recon=49.7917, kl_g0=0.0000, kl_u=0.0000, cls=0.0000) | val=39.8333 | lr=1.00e-06
2026-08-13 13:43:53,546 | Epoch  600/3000 | kl_g0_w=1.00 kl_u_w=1.00 | train=39.8333 (recon=49.7917, kl_g0=0.0000, kl_u=0.0000, cls=0.0000) | val=39.8333 | lr=1.00e-06
2026-08-13 13:43:58,613 | Epoch  610/3000 | kl_g0_w=1.00 kl_u_w=1.00 | train=39.8333 (recon=49.7917, kl_g0=0.0000, kl_u=0.0000, cls=0.0000) | val=39.8333 | lr=1.00e-06
2026-08-13 13:44:05,311 | Epoch  620/3000 | kl_g0_w=1.00 kl_u_w=1.00 | train=39.8333 (recon=49.7917, kl_g0=0.0000, kl_u=0.0000, cls=0.0000) | val=39.8333 | lr=1.00e-06
2026-08-13 13:44:10,164 | Epoch  630/3000 | kl_g0_w=1.00 kl_u_w=1.00 | train=39.8333 (recon=49.7917, kl_g0=0.0000, kl_u=0.0000, cls=0.0000) | val=39.8333 | lr=1.00e-06
2026-08-13 13:44:15,068 | Epoch  640/3000 | kl_g0_w=1.00 kl_u_w=1.00 | train=39.8333 (recon=49.7917, kl_g0=0.0000, kl_u=0.0000, cls=0.0000) | val=39.8333 | lr=1.00e-06
2026-08-13 13:44:20,013 | Epoch  650/3000 | kl_g0_w=1.00 kl_u_w=1.00 | train=39.8333 (recon=49.7917, kl_g0=0.0000, kl_u=0.0000, cls=0.0000) | val=39.8333 | lr=1.00e-06
2026-08-13 13:44:24,001 | Epoch  660/3000 | kl_g0_w=1.00 kl_u_w=1.00 | train=39.8333 (recon=49.7917, kl_g0=0.0000, kl_u=0.0000, cls=0.0000) | val=39.8333 | lr=1.00e-06
2026-08-13 13:44:28,090 | Epoch  670/3000 | kl_g0_w=1.00 kl_u_w=1.00 | train=39.8333 (recon=49.7917, kl_g0=0.0000, kl_u=0.0000, cls=0.0000) | val=39.8333 | lr=1.00e-06
2026-08-13 13:44:32,937 | Epoch  680/3000 | kl_g0_w=1.00 kl_u_w=1.00 | train=39.8333 (recon=49.7917, kl_g0=0.0000, kl_u=0.0000, cls=0.0000) | val=39.8333 | lr=1.00e-06
2026-08-13 13:44:37,779 | Epoch  690/3000 | kl_g0_w=1.00 kl_u_w=1.00 | train=39.8333 (recon=49.7917, kl_g0=0.0000, kl_u=0.0000, cls=0.0000) | val=39.8333 | lr=1.00e-06
2026-08-13 13:44:42,619 | Epoch  700/3000 | kl_g0_w=1.00 kl_u_w=1.00 | train=39.8333 (recon=49.7917, kl_g0=0.0000, kl_u=0.0000, cls=0.0000) | val=39.8333 | lr=1.00e-06
2026-08-13 13:44:47,489 | Epoch  710/3000 | kl_g0_w=1.00 kl_u_w=1.00 | train=39.8333 (recon=49.7917, kl_g0=0.0000, kl_u=0.0000, cls=0.0000) | val=39.8333 | lr=1.00e-06
2026-08-13 13:44:52,363 | Epoch  720/3000 | kl_g0_w=1.00 kl_u_w=1.00 | train=39.8333 (recon=49.7917, kl_g0=0.0000, kl_u=0.0000, cls=0.0000) | val=39.8333 | lr=1.00e-06
2026-08-13 13:44:57,201 | Epoch  730/3000 | kl_g0_w=1.00 kl_u_w=1.00 | train=39.8333 (recon=49.7917, kl_g0=0.0000, kl_u=0.0000, cls=0.0000) | val=39.8333 | lr=1.00e-06
2026-08-13 13:45:02,000 | Epoch  740/3000 | kl_g0_w=1.00 kl_u_w=1.00 | train=39.8333 (recon=49.7917, kl_g0=0.0000, kl_u=0.0000, cls=0.0000) | val=39.8333 | lr=1.00e-06
2026-08-13 13:45:06,802 | Epoch  750/3000 | kl_g0_w=1.00 kl_u_w=1.00 | train=39.8333 (recon=49.7917, kl_g0=0.0000, kl_u=0.0000, cls=0.0000) | val=39.8333 | lr=1.00e-06
2026-08-13 13:45:11,616 | Epoch  760/3000 | kl_g0_w=1.00 kl_u_w=1.00 | train=39.8333 (recon=49.7917, kl_g0=0.0000, kl_u=0.0000, cls=0.0000) | val=39.8333 | lr=1.00e-06
2026-08-13 13:45:16,467 | Epoch  770/3000 | kl_g0_w=1.00 kl_u_w=1.00 | train=39.8333 (recon=49.7917, kl_g0=0.0000, kl_u=0.0000, cls=0.0000) | val=39.8333 | lr=1.00e-06
2026-08-13 13:45:21,317 | Epoch  780/3000 | kl_g0_w=1.00 kl_u_w=1.00 | train=39.8333 (recon=49.7917, kl_g0=0.0000, kl_u=0.0000, cls=0.0000) | val=39.8333 | lr=1.00e-06
2026-08-13 13:45:26,123 | Epoch  790/3000 | kl_g0_w=1.00 kl_u_w=1.00 | train=39.8333 (recon=49.7917, kl_g0=0.0000, kl_u=0.0000, cls=0.0000) | val=39.8333 | lr=1.00e-06
2026-08-13 13:45:30,984 | Epoch  800/3000 | kl_g0_w=1.00 kl_u_w=1.00 | train=39.8333 (recon=49.7917, kl_g0=0.0000, kl_u=0.0000, cls=0.0000) | val=39.8333 | lr=1.00e-06
2026-08-13 13:45:35,846 | Epoch  810/3000 | kl_g0_w=1.00 kl_u_w=1.00 | train=39.8333 (recon=49.7917, kl_g0=0.0000, kl_u=0.0000, cls=0.0000) | val=39.8333 | lr=1.00e-06
2026-08-13 13:45:40,695 | Epoch  820/3000 | kl_g0_w=1.00 kl_u_w=1.00 | train=39.8333 (recon=49.7917, kl_g0=0.0000, kl_u=0.0000, cls=0.0000) | val=39.8333 | lr=1.00e-06
2026-08-13 13:45:45,550 | Epoch  830/3000 | kl_g0_w=1.00 kl_u_w=1.00 | train=39.8333 (recon=49.7917, kl_g0=0.0000, kl_u=0.0000, cls=0.0000) | val=39.8333 | lr=1.00e-06
2026-08-13 13:45:50,413 | Epoch  840/3000 | kl_g0_w=1.00 kl_u_w=1.00 | train=39.8333 (recon=49.7917, kl_g0=0.0000, kl_u=0.0000, cls=0.0000) | val=39.8333 | lr=1.00e-06
2026-08-13 13:45:55,252 | Epoch  850/3000 | kl_g0_w=1.00 kl_u_w=1.00 | train=39.8333 (recon=49.7917, kl_g0=0.0000, kl_u=0.0000, cls=0.0000) | val=39.8333 | lr=1.00e-06
2026-08-13 13:46:00,117 | Epoch  860/3000 | kl_g0_w=1.00 kl_u_w=1.00 | train=39.8333 (recon=49.7917, kl_g0=0.0000, kl_u=0.0000, cls=0.0000) | val=39.8333 | lr=1.00e-06
2026-08-13 13:46:04,954 | Epoch  870/3000 | kl_g0_w=1.00 kl_u_w=1.00 | train=39.8333 (recon=49.7917, kl_g0=0.0000, kl_u=0.0000, cls=0.0000) | val=39.8333 | lr=1.00e-06
2026-08-13 13:46:09,789 | Epoch  880/3000 | kl_g0_w=1.00 kl_u_w=1.00 | train=39.8333 (recon=49.7917, kl_g0=0.0000, kl_u=0.0000, cls=0.0000) | val=39.8333 | lr=1.00e-06
2026-08-13 13:46:14,638 | Epoch  890/3000 | kl_g0_w=1.00 kl_u_w=1.00 | train=39.8333 (recon=49.7917, kl_g0=0.0000, kl_u=0.0000, cls=0.0000) | val=39.8333 | lr=1.00e-06
2026-08-13 13:46:19,464 | Epoch  900/3000 | kl_g0_w=1.00 kl_u_w=1.00 | train=39.8333 (recon=49.7917, kl_g0=0.0000, kl_u=0.0000, cls=0.0000) | val=39.8333 | lr=1.00e-06
2026-08-13 13:46:24,299 | Epoch  910/3000 | kl_g0_w=1.00 kl_u_w=1.00 | train=39.8333 (recon=49.7917, kl_g0=0.0000, kl_u=0.0000, cls=0.0000) | val=39.8333 | lr=1.00e-06
2026-08-13 13:46:29,137 | Epoch  920/3000 | kl_g0_w=1.00 kl_u_w=1.00 | train=39.8333 (recon=49.7917, kl_g0=0.0000, kl_u=0.0000, cls=0.0000) | val=39.8333 | lr=1.00e-06
2026-08-13 13:46:34,028 | Epoch  930/3000 | kl_g0_w=1.00 kl_u_w=1.00 | train=39.8333 (recon=49.7917, kl_g0=0.0000, kl_u=0.0000, cls=0.0000) | val=39.8333 | lr=1.00e-06
2026-08-13 13:46:38,960 | Epoch  940/3000 | kl_g0_w=1.00 kl_u_w=1.00 | train=39.8333 (recon=49.7917, kl_g0=0.0000, kl_u=0.0000, cls=0.0000) | val=39.8333 | lr=1.00e-06
2026-08-13 13:46:43,962 | Epoch  950/3000 | kl_g0_w=1.00 kl_u_w=1.00 | train=39.8333 (recon=49.7917, kl_g0=0.0000, kl_u=0.0000, cls=0.0000) | val=39.8333 | lr=1.00e-06
2026-08-13 13:46:48,926 | Epoch  960/3000 | kl_g0_w=1.00 kl_u_w=1.00 | train=39.8333 (recon=49.7917, kl_g0=0.0000, kl_u=0.0000, cls=0.0000) | val=39.8333 | lr=1.00e-06
2026-08-13 13:46:53,851 | Epoch  970/3000 | kl_g0_w=1.00 kl_u_w=1.00 | train=39.8333 (recon=49.7917, kl_g0=0.0000, kl_u=0.0000, cls=0.0000) | val=39.8333 | lr=1.00e-06
2026-08-13 13:46:58,751 | Epoch  980/3000 | kl_g0_w=1.00 kl_u_w=1.00 | train=39.8333 (recon=49.7917, kl_g0=0.0000, kl_u=0.0000, cls=0.0000) | val=39.8333 | lr=1.00e-06
2026-08-13 13:47:03,678 | Epoch  990/3000 | kl_g0_w=1.00 kl_u_w=1.00 | train=39.8333 (recon=49.7917, kl_g0=0.0000, kl_u=0.0000, cls=0.0000) | val=39.8333 | lr=1.00e-06
2026-08-13 13:47:08,519 | Epoch 1000/3000 | kl_g0_w=1.00 kl_u_w=1.00 | train=39.8333 (recon=49.7917, kl_g0=0.0000, kl_u=0.0000, cls=0.0000) | val=39.8333 | lr=1.00e-06
2026-08-13 13:47:13,387 | Epoch 1010/3000 | kl_g0_w=1.00 kl_u_w=1.00 | train=39.8333 (recon=49.7917, kl_g0=0.0000, kl_u=0.0000, cls=0.0000) | val=39.8333 | lr=1.00e-06
2026-08-13 13:47:18,250 | Epoch 1020/3000 | kl_g0_w=1.00 kl_u_w=1.00 | train=39.8333 (recon=49.7917, kl_g0=0.0000, kl_u=0.0000, cls=0.0000) | val=39.8333 | lr=1.00e-06
2026-08-13 13:47:23,089 | Epoch 1030/3000 | kl_g0_w=1.00 kl_u_w=1.00 | train=39.8333 (recon=49.7917, kl_g0=0.0000, kl_u=0.0000, cls=0.0000) | val=39.8333 | lr=1.00e-06
2026-08-13 13:47:27,968 | Epoch 1040/3000 | kl_g0_w=1.00 kl_u_w=1.00 | train=39.8333 (recon=49.7917, kl_g0=0.0000, kl_u=0.0000, cls=0.0000) | val=39.8333 | lr=1.00e-06
2026-08-13 13:47:32,838 | Epoch 1050/3000 | kl_g0_w=1.00 kl_u_w=1.00 | train=39.8333 (recon=49.7917, kl_g0=0.0000, kl_u=0.0000, cls=0.0000) | val=39.8333 | lr=1.00e-06
2026-08-13 13:47:37,697 | Epoch 1060/3000 | kl_g0_w=1.00 kl_u_w=1.00 | train=39.8333 (recon=49.7917, kl_g0=0.0000, kl_u=0.0000, cls=0.0000) | val=39.8333 | lr=1.00e-06
2026-08-13 13:47:42,578 | Epoch 1070/3000 | kl_g0_w=1.00 kl_u_w=1.00 | train=39.8333 (recon=49.7917, kl_g0=0.0000, kl_u=0.0000, cls=0.0000) | val=39.8333 | lr=1.00e-06
2026-08-13 13:47:47,461 | Epoch 1080/3000 | kl_g0_w=1.00 kl_u_w=1.00 | train=39.8333 (recon=49.7917, kl_g0=0.0000, kl_u=0.0000, cls=0.0000) | val=39.8333 | lr=1.00e-06
2026-08-13 13:47:52,379 | Epoch 1090/3000 | kl_g0_w=1.00 kl_u_w=1.00 | train=39.8333 (recon=49.7917, kl_g0=0.0000, kl_u=0.0000, cls=0.0000) | val=39.8333 | lr=1.00e-06
2026-08-13 13:47:57,302 | Epoch 1100/3000 | kl_g0_w=1.00 kl_u_w=1.00 | train=39.8333 (recon=49.7917, kl_g0=0.0000, kl_u=0.0000, cls=0.0000) | val=39.8333 | lr=1.00e-06
2026-08-13 13:48:02,441 | Epoch 1110/3000 | kl_g0_w=1.00 kl_u_w=1.00 | train=39.8333 (recon=49.7917, kl_g0=0.0000, kl_u=0.0000, cls=0.0000) | val=39.8333 | lr=1.00e-06
2026-08-13 13:48:07,337 | Epoch 1120/3000 | kl_g0_w=1.00 kl_u_w=1.00 | train=39.8333 (recon=49.7917, kl_g0=0.0000, kl_u=0.0000, cls=0.0000) | val=39.8333 | lr=1.00e-06
2026-08-13 13:48:12,315 | Epoch 1130/3000 | kl_g0_w=1.00 kl_u_w=1.00 | train=39.8333 (recon=49.7917, kl_g0=0.0000, kl_u=0.0000, cls=0.0000) | val=39.8333 | lr=1.00e-06
2026-08-13 13:48:17,179 | Epoch 1140/3000 | kl_g0_w=1.00 kl_u_w=1.00 | train=39.8333 (recon=49.7917, kl_g0=0.0000, kl_u=0.0000, cls=0.0000) | val=39.8333 | lr=1.00e-06
2026-08-13 13:48:22,129 | Epoch 1150/3000 | kl_g0_w=1.00 kl_u_w=1.00 | train=39.8333 (recon=49.7917, kl_g0=0.0000, kl_u=0.0000, cls=0.0000) | val=39.8333 | lr=1.00e-06
2026-08-13 13:48:27,357 | Epoch 1160/3000 | kl_g0_w=1.00 kl_u_w=1.00 | train=39.8333 (recon=49.7917, kl_g0=0.0000, kl_u=0.0000, cls=0.0000) | val=39.8333 | lr=1.00e-06
2026-08-13 13:48:32,511 | Epoch 1170/3000 | kl_g0_w=1.00 kl_u_w=1.00 | train=39.8333 (recon=49.7917, kl_g0=0.0000, kl_u=0.0000, cls=0.0000) | val=39.8333 | lr=1.00e-06
2026-08-13 13:48:37,429 | Epoch 1180/3000 | kl_g0_w=1.00 kl_u_w=1.00 | train=39.8333 (recon=49.7917, kl_g0=0.0000, kl_u=0.0000, cls=0.0000) | val=39.8333 | lr=1.00e-06
2026-08-13 13:48:42,399 | Epoch 1190/3000 | kl_g0_w=1.00 kl_u_w=1.00 | train=39.8333 (recon=49.7917, kl_g0=0.0000, kl_u=0.0000, cls=0.0000) | val=39.8333 | lr=1.00e-06
2026-08-13 13:48:47,686 | Epoch 1200/3000 | kl_g0_w=1.00 kl_u_w=1.00 | train=39.8333 (recon=49.7917, kl_g0=0.0000, kl_u=0.0000, cls=0.0000) | val=39.8333 | lr=1.00e-06
2026-08-13 13:48:52,741 | Epoch 1210/3000 | kl_g0_w=1.00 kl_u_w=1.00 | train=39.8333 (recon=49.7917, kl_g0=0.0000, kl_u=0.0000, cls=0.0000) | val=39.8333 | lr=1.00e-06
2026-08-13 13:48:57,812 | Epoch 1220/3000 | kl_g0_w=1.00 kl_u_w=1.00 | train=39.8333 (recon=49.7917, kl_g0=0.0000, kl_u=0.0000, cls=0.0000) | val=39.8333 | lr=1.00e-06
2026-08-13 13:49:02,952 | Epoch 1230/3000 | kl_g0_w=1.00 kl_u_w=1.00 | train=39.8333 (recon=49.7917, kl_g0=0.0000, kl_u=0.0000, cls=0.0000) | val=39.8333 | lr=1.00e-06
2026-08-13 13:49:08,121 | Epoch 1240/3000 | kl_g0_w=1.00 kl_u_w=1.00 | train=39.8333 (recon=49.7917, kl_g0=0.0000, kl_u=0.0000, cls=0.0000) | val=39.8333 | lr=1.00e-06
2026-08-13 13:49:13,041 | Epoch 1250/3000 | kl_g0_w=1.00 kl_u_w=1.00 | train=39.8333 (recon=49.7917, kl_g0=0.0000, kl_u=0.0000, cls=0.0000) | val=39.8333 | lr=1.00e-06
2026-08-13 13:49:17,886 | Epoch 1260/3000 | kl_g0_w=1.00 kl_u_w=1.00 | train=39.8333 (recon=49.7917, kl_g0=0.0000, kl_u=0.0000, cls=0.0000) | val=39.8333 | lr=1.00e-06
2026-08-13 13:49:21,351 | Epoch 1270/3000 | kl_g0_w=1.00 kl_u_w=1.00 | train=39.8333 (recon=49.7917, kl_g0=0.0000, kl_u=0.0000, cls=0.0000) | val=39.8333 | lr=1.00e-06
2026-08-13 13:49:24,052 | Epoch 1280/3000 | kl_g0_w=1.00 kl_u_w=1.00 | train=39.8333 (recon=49.7917, kl_g0=0.0000, kl_u=0.0000, cls=0.0000) | val=39.8333 | lr=1.00e-06
2026-08-13 13:49:26,850 | Epoch 1290/3000 | kl_g0_w=1.00 kl_u_w=1.00 | train=39.8333 (recon=49.7917, kl_g0=0.0000, kl_u=0.0000, cls=0.0000) | val=39.8333 | lr=1.00e-06
2026-08-13 13:49:29,698 | Epoch 1300/3000 | kl_g0_w=1.00 kl_u_w=1.00 | train=39.8333 (recon=49.7917, kl_g0=0.0000, kl_u=0.0000, cls=0.0000) | val=39.8333 | lr=1.00e-06
2026-08-13 13:49:33,086 | Epoch 1310/3000 | kl_g0_w=1.00 kl_u_w=1.00 | train=39.8333 (recon=49.7917, kl_g0=0.0000, kl_u=0.0000, cls=0.0000) | val=39.8333 | lr=1.00e-06
2026-08-13 13:49:39,679 | Epoch 1320/3000 | kl_g0_w=1.00 kl_u_w=1.00 | train=39.8333 (recon=49.7917, kl_g0=0.0000, kl_u=0.0000, cls=0.0000) | val=39.8333 | lr=1.00e-06
2026-08-13 13:49:44,596 | Epoch 1330/3000 | kl_g0_w=1.00 kl_u_w=1.00 | train=39.8333 (recon=49.7917, kl_g0=0.0000, kl_u=0.0000, cls=0.0000) | val=39.8333 | lr=1.00e-06
2026-08-13 13:49:49,782 | Epoch 1340/3000 | kl_g0_w=1.00 kl_u_w=1.00 | train=39.8333 (recon=49.7917, kl_g0=0.0000, kl_u=0.0000, cls=0.0000) | val=39.8333 | lr=1.00e-06
2026-08-13 13:49:55,092 | Epoch 1350/3000 | kl_g0_w=1.00 kl_u_w=1.00 | train=39.8333 (recon=49.7917, kl_g0=0.0000, kl_u=0.0000, cls=0.0000) | val=39.8333 | lr=1.00e-06
2026-08-13 13:50:00,657 | Epoch 1360/3000 | kl_g0_w=1.00 kl_u_w=1.00 | train=39.8333 (recon=49.7917, kl_g0=0.0000, kl_u=0.0000, cls=0.0000) | val=39.8333 | lr=1.00e-06
2026-08-13 13:50:06,525 | Epoch 1370/3000 | kl_g0_w=1.00 kl_u_w=1.00 | train=39.8333 (recon=49.7917, kl_g0=0.0000, kl_u=0.0000, cls=0.0000) | val=39.8333 | lr=1.00e-06
2026-08-13 13:50:09,297 | Epoch 1380/3000 | kl_g0_w=1.00 kl_u_w=1.00 | train=39.8333 (recon=49.7917, kl_g0=0.0000, kl_u=0.0000, cls=0.0000) | val=39.8333 | lr=1.00e-06
2026-08-13 13:50:14,476 | Epoch 1390/3000 | kl_g0_w=1.00 kl_u_w=1.00 | train=39.8333 (recon=49.7917, kl_g0=0.0000, kl_u=0.0000, cls=0.0000) | val=39.8333 | lr=1.00e-06
2026-08-13 13:50:18,281 | Epoch 1400/3000 | kl_g0_w=1.00 kl_u_w=1.00 | train=39.8333 (recon=49.7917, kl_g0=0.0000, kl_u=0.0000, cls=0.0000) | val=39.8333 | lr=1.00e-06
2026-08-13 13:50:24,055 | Epoch 1410/3000 | kl_g0_w=1.00 kl_u_w=1.00 | train=39.8333 (recon=49.7917, kl_g0=0.0000, kl_u=0.0000, cls=0.0000) | val=39.8333 | lr=1.00e-06
2026-08-13 13:50:26,848 | Epoch 1420/3000 | kl_g0_w=1.00 kl_u_w=1.00 | train=39.8333 (recon=49.7917, kl_g0=0.0000, kl_u=0.0000, cls=0.0000) | val=39.8333 | lr=1.00e-06
2026-08-13 13:50:29,856 | Epoch 1430/3000 | kl_g0_w=1.00 kl_u_w=1.00 | train=39.8333 (recon=49.7917, kl_g0=0.0000, kl_u=0.0000, cls=0.0000) | val=39.8333 | lr=1.00e-06
2026-08-13 13:50:32,685 | Epoch 1440/3000 | kl_g0_w=1.00 kl_u_w=1.00 | train=39.8333 (recon=49.7917, kl_g0=0.0000, kl_u=0.0000, cls=0.0000) | val=39.8333 | lr=1.00e-06
2026-08-13 13:50:35,508 | Epoch 1450/3000 | kl_g0_w=1.00 kl_u_w=1.00 | train=39.8333 (recon=49.7917, kl_g0=0.0000, kl_u=0.0000, cls=0.0000) | val=39.8333 | lr=1.00e-06
2026-08-13 13:50:38,229 | Epoch 1460/3000 | kl_g0_w=1.00 kl_u_w=1.00 | train=39.8333 (recon=49.7917, kl_g0=0.0000, kl_u=0.0000, cls=0.0000) | val=39.8333 | lr=1.00e-06
2026-08-13 13:50:41,256 | Epoch 1470/3000 | kl_g0_w=1.00 kl_u_w=1.00 | train=39.8333 (recon=49.7917, kl_g0=0.0000, kl_u=0.0000, cls=0.0000) | val=39.8333 | lr=1.00e-06
2026-08-13 13:50:49,823 | Epoch 1480/3000 | kl_g0_w=1.00 kl_u_w=1.00 | train=39.8333 (recon=49.7917, kl_g0=0.0000, kl_u=0.0000, cls=0.0000) | val=39.8333 | lr=1.00e-06
2026-08-13 13:50:54,814 | Epoch 1490/3000 | kl_g0_w=1.00 kl_u_w=1.00 | train=39.8333 (recon=49.7917, kl_g0=0.0000, kl_u=0.0000, cls=0.0000) | val=39.8333 | lr=1.00e-06
2026-08-13 13:50:59,964 | Epoch 1500/3000 | kl_g0_w=1.00 kl_u_w=1.00 | train=39.8333 (recon=49.7917, kl_g0=0.0000, kl_u=0.0000, cls=0.0000) | val=39.8333 | lr=1.00e-06
2026-08-13 13:51:06,913 | Epoch 1510/3000 | kl_g0_w=1.00 kl_u_w=1.00 | train=39.8333 (recon=49.7917, kl_g0=0.0000, kl_u=0.0000, cls=0.0000) | val=39.8333 | lr=1.00e-06
2026-08-13 13:51:11,639 | Epoch 1520/3000 | kl_g0_w=1.00 kl_u_w=1.00 | train=39.8333 (recon=49.7917, kl_g0=0.0000, kl_u=0.0000, cls=0.0000) | val=39.8333 | lr=1.00e-06
2026-08-13 13:51:14,314 | Epoch 1530/3000 | kl_g0_w=1.00 kl_u_w=1.00 | train=39.8333 (recon=49.7917, kl_g0=0.0000, kl_u=0.0000, cls=0.0000) | val=39.8333 | lr=1.00e-06
2026-08-13 13:51:20,475 | Epoch 1540/3000 | kl_g0_w=1.00 kl_u_w=1.00 | train=39.8333 (recon=49.7917, kl_g0=0.0000, kl_u=0.0000, cls=0.0000) | val=39.8333 | lr=1.00e-06
2026-08-13 13:51:25,478 | Epoch 1550/3000 | kl_g0_w=1.00 kl_u_w=1.00 | train=39.8333 (recon=49.7917, kl_g0=0.0000, kl_u=0.0000, cls=0.0000) | val=39.8333 | lr=1.00e-06
2026-08-13 13:51:30,470 | Epoch 1560/3000 | kl_g0_w=1.00 kl_u_w=1.00 | train=39.8333 (recon=49.7917, kl_g0=0.0000, kl_u=0.0000, cls=0.0000) | val=39.8333 | lr=1.00e-06
2026-08-13 13:51:36,854 | Epoch 1570/3000 | kl_g0_w=1.00 kl_u_w=1.00 | train=39.8333 (recon=49.7917, kl_g0=0.0000, kl_u=0.0000, cls=0.0000) | val=39.8333 | lr=1.00e-06
2026-08-13 13:51:39,578 | Epoch 1580/3000 | kl_g0_w=1.00 kl_u_w=1.00 | train=39.8333 (recon=49.7917, kl_g0=0.0000, kl_u=0.0000, cls=0.0000) | val=39.8333 | lr=1.00e-06
2026-08-13 13:51:42,322 | Epoch 1590/3000 | kl_g0_w=1.00 kl_u_w=1.00 | train=39.8333 (recon=49.7917, kl_g0=0.0000, kl_u=0.0000, cls=0.0000) | val=39.8333 | lr=1.00e-06
2026-08-13 13:51:45,646 | Epoch 1600/3000 | kl_g0_w=1.00 kl_u_w=1.00 | train=39.8333 (recon=49.7917, kl_g0=0.0000, kl_u=0.0000, cls=0.0000) | val=39.8333 | lr=1.00e-06
2026-08-13 13:51:48,847 | Epoch 1610/3000 | kl_g0_w=1.00 kl_u_w=1.00 | train=39.8333 (recon=49.7917, kl_g0=0.0000, kl_u=0.0000, cls=0.0000) | val=39.8333 | lr=1.00e-06
2026-08-13 13:51:51,577 | Epoch 1620/3000 | kl_g0_w=1.00 kl_u_w=1.00 | train=39.8333 (recon=49.7917, kl_g0=0.0000, kl_u=0.0000, cls=0.0000) | val=39.8333 | lr=1.00e-06
2026-08-13 13:51:54,276 | Epoch 1630/3000 | kl_g0_w=1.00 kl_u_w=1.00 | train=39.8333 (recon=49.7917, kl_g0=0.0000, kl_u=0.0000, cls=0.0000) | val=39.8333 | lr=1.00e-06
2026-08-13 13:51:56,947 | Epoch 1640/3000 | kl_g0_w=1.00 kl_u_w=1.00 | train=39.8333 (recon=49.7917, kl_g0=0.0000, kl_u=0.0000, cls=0.0000) | val=39.8333 | lr=1.00e-06
2026-08-13 13:52:01,863 | Epoch 1650/3000 | kl_g0_w=1.00 kl_u_w=1.00 | train=39.8333 (recon=49.7917, kl_g0=0.0000, kl_u=0.0000, cls=0.0000) | val=39.8333 | lr=1.00e-06
2026-08-13 13:52:04,774 | Epoch 1660/3000 | kl_g0_w=1.00 kl_u_w=1.00 | train=39.8333 (recon=49.7917, kl_g0=0.0000, kl_u=0.0000, cls=0.0000) | val=39.8333 | lr=1.00e-06
2026-08-13 13:52:07,464 | Epoch 1670/3000 | kl_g0_w=1.00 kl_u_w=1.00 | train=39.8333 (recon=49.7917, kl_g0=0.0000, kl_u=0.0000, cls=0.0000) | val=39.8333 | lr=1.00e-06
2026-08-13 13:52:10,153 | Epoch 1680/3000 | kl_g0_w=1.00 kl_u_w=1.00 | train=39.8333 (recon=49.7917, kl_g0=0.0000, kl_u=0.0000, cls=0.0000) | val=39.8333 | lr=1.00e-06
2026-08-13 13:52:18,301 | Epoch 1690/3000 | kl_g0_w=1.00 kl_u_w=1.00 | train=39.8333 (recon=49.7917, kl_g0=0.0000, kl_u=0.0000, cls=0.0000) | val=39.8333 | lr=1.00e-06
2026-08-13 13:52:21,479 | Epoch 1700/3000 | kl_g0_w=1.00 kl_u_w=1.00 | train=39.8333 (recon=49.7917, kl_g0=0.0000, kl_u=0.0000, cls=0.0000) | val=39.8333 | lr=1.00e-06
2026-08-13 13:52:25,994 | Epoch 1710/3000 | kl_g0_w=1.00 kl_u_w=1.00 | train=39.8333 (recon=49.7917, kl_g0=0.0000, kl_u=0.0000, cls=0.0000) | val=39.8333 | lr=1.00e-06
2026-08-13 13:52:30,876 | Epoch 1720/3000 | kl_g0_w=1.00 kl_u_w=1.00 | train=39.8333 (recon=49.7917, kl_g0=0.0000, kl_u=0.0000, cls=0.0000) | val=39.8333 | lr=1.00e-06
2026-08-13 13:52:35,807 | Epoch 1730/3000 | kl_g0_w=1.00 kl_u_w=1.00 | train=39.8333 (recon=49.7917, kl_g0=0.0000, kl_u=0.0000, cls=0.0000) | val=39.8333 | lr=1.00e-06
2026-08-13 13:52:41,895 | Epoch 1740/3000 | kl_g0_w=1.00 kl_u_w=1.00 | train=39.8333 (recon=49.7917, kl_g0=0.0000, kl_u=0.0000, cls=0.0000) | val=39.8333 | lr=1.00e-06
2026-08-13 13:52:46,782 | Epoch 1750/3000 | kl_g0_w=1.00 kl_u_w=1.00 | train=39.8333 (recon=49.7917, kl_g0=0.0000, kl_u=0.0000, cls=0.0000) | val=39.8333 | lr=1.00e-06
2026-08-13 13:52:51,725 | Epoch 1760/3000 | kl_g0_w=1.00 kl_u_w=1.00 | train=39.8333 (recon=49.7917, kl_g0=0.0000, kl_u=0.0000, cls=0.0000) | val=39.8333 | lr=1.00e-06
2026-08-13 13:52:57,406 | Epoch 1770/3000 | kl_g0_w=1.00 kl_u_w=1.00 | train=39.8333 (recon=49.7917, kl_g0=0.0000, kl_u=0.0000, cls=0.0000) | val=39.8333 | lr=1.00e-06
2026-08-13 13:53:02,398 | Epoch 1780/3000 | kl_g0_w=1.00 kl_u_w=1.00 | train=39.8333 (recon=49.7917, kl_g0=0.0000, kl_u=0.0000, cls=0.0000) | val=39.8333 | lr=1.00e-06
2026-08-13 13:53:07,567 | Epoch 1790/3000 | kl_g0_w=1.00 kl_u_w=1.00 | train=39.8333 (recon=49.7917, kl_g0=0.0000, kl_u=0.0000, cls=0.0000) | val=39.8333 | lr=1.00e-06
2026-08-13 13:53:12,524 | Epoch 1800/3000 | kl_g0_w=1.00 kl_u_w=1.00 | train=39.8333 (recon=49.7917, kl_g0=0.0000, kl_u=0.0000, cls=0.0000) | val=39.8333 | lr=1.00e-06
2026-08-13 13:53:18,334 | Epoch 1810/3000 | kl_g0_w=1.00 kl_u_w=1.00 | train=39.8333 (recon=49.7917, kl_g0=0.0000, kl_u=0.0000, cls=0.0000) | val=39.8333 | lr=1.00e-06
2026-08-13 13:53:21,153 | Epoch 1820/3000 | kl_g0_w=1.00 kl_u_w=1.00 | train=39.8333 (recon=49.7917, kl_g0=0.0000, kl_u=0.0000, cls=0.0000) | val=39.8333 | lr=1.00e-06
2026-08-13 13:53:26,057 | Epoch 1830/3000 | kl_g0_w=1.00 kl_u_w=1.00 | train=39.8333 (recon=49.7917, kl_g0=0.0000, kl_u=0.0000, cls=0.0000) | val=39.8333 | lr=1.00e-06
2026-08-13 13:53:30,976 | Epoch 1840/3000 | kl_g0_w=1.00 kl_u_w=1.00 | train=39.8333 (recon=49.7917, kl_g0=0.0000, kl_u=0.0000, cls=0.0000) | val=39.8333 | lr=1.00e-06
2026-08-13 13:53:35,908 | Epoch 1850/3000 | kl_g0_w=1.00 kl_u_w=1.00 | train=39.8333 (recon=49.7917, kl_g0=0.0000, kl_u=0.0000, cls=0.0000) | val=39.8333 | lr=1.00e-06
2026-08-13 13:53:40,823 | Epoch 1860/3000 | kl_g0_w=1.00 kl_u_w=1.00 | train=39.8333 (recon=49.7917, kl_g0=0.0000, kl_u=0.0000, cls=0.0000) | val=39.8333 | lr=1.00e-06
2026-08-13 13:53:46,293 | Epoch 1870/3000 | kl_g0_w=1.00 kl_u_w=1.00 | train=39.8333 (recon=49.7917, kl_g0=0.0000, kl_u=0.0000, cls=0.0000) | val=39.8333 | lr=1.00e-06
2026-08-13 13:53:51,166 | Epoch 1880/3000 | kl_g0_w=1.00 kl_u_w=1.00 | train=39.8333 (recon=49.7917, kl_g0=0.0000, kl_u=0.0000, cls=0.0000) | val=39.8333 | lr=1.00e-06
2026-08-13 13:53:59,295 | Epoch 1890/3000 | kl_g0_w=1.00 kl_u_w=1.00 | train=39.8333 (recon=49.7917, kl_g0=0.0000, kl_u=0.0000, cls=0.0000) | val=39.8333 | lr=1.00e-06
2026-08-13 13:54:02,119 | Epoch 1900/3000 | kl_g0_w=1.00 kl_u_w=1.00 | train=39.8333 (recon=49.7917, kl_g0=0.0000, kl_u=0.0000, cls=0.0000) | val=39.8333 | lr=1.00e-06
2026-08-13 13:54:04,791 | Epoch 1910/3000 | kl_g0_w=1.00 kl_u_w=1.00 | train=39.8333 (recon=49.7917, kl_g0=0.0000, kl_u=0.0000, cls=0.0000) | val=39.8333 | lr=1.00e-06
2026-08-13 13:54:07,481 | Epoch 1920/3000 | kl_g0_w=1.00 kl_u_w=1.00 | train=39.8333 (recon=49.7917, kl_g0=0.0000, kl_u=0.0000, cls=0.0000) | val=39.8333 | lr=1.00e-06
2026-08-13 13:54:10,210 | Epoch 1930/3000 | kl_g0_w=1.00 kl_u_w=1.00 | train=39.8333 (recon=49.7917, kl_g0=0.0000, kl_u=0.0000, cls=0.0000) | val=39.8333 | lr=1.00e-06
2026-08-13 13:54:12,898 | Epoch 1940/3000 | kl_g0_w=1.00 kl_u_w=1.00 | train=39.8333 (recon=49.7917, kl_g0=0.0000, kl_u=0.0000, cls=0.0000) | val=39.8333 | lr=1.00e-06
2026-08-13 13:54:15,560 | Epoch 1950/3000 | kl_g0_w=1.00 kl_u_w=1.00 | train=39.8333 (recon=49.7917, kl_g0=0.0000, kl_u=0.0000, cls=0.0000) | val=39.8333 | lr=1.00e-06
2026-08-13 13:54:18,228 | Epoch 1960/3000 | kl_g0_w=1.00 kl_u_w=1.00 | train=39.8333 (recon=49.7917, kl_g0=0.0000, kl_u=0.0000, cls=0.0000) | val=39.8333 | lr=1.00e-06
2026-08-13 13:54:20,972 | Epoch 1970/3000 | kl_g0_w=1.00 kl_u_w=1.00 | train=39.8333 (recon=49.7917, kl_g0=0.0000, kl_u=0.0000, cls=0.0000) | val=39.8333 | lr=1.00e-06
2026-08-13 13:54:23,690 | Epoch 1980/3000 | kl_g0_w=1.00 kl_u_w=1.00 | train=39.8333 (recon=49.7917, kl_g0=0.0000, kl_u=0.0000, cls=0.0000) | val=39.8333 | lr=1.00e-06
2026-08-13 13:54:26,426 | Epoch 1990/3000 | kl_g0_w=1.00 kl_u_w=1.00 | train=39.8333 (recon=49.7917, kl_g0=0.0000, kl_u=0.0000, cls=0.0000) | val=39.8333 | lr=1.00e-06
2026-08-13 13:54:29,365 | Epoch 2000/3000 | kl_g0_w=1.00 kl_u_w=1.00 | train=39.8333 (recon=49.7917, kl_g0=0.0000, kl_u=0.0000, cls=0.0000) | val=39.8333 | lr=1.00e-06
2026-08-13 13:54:32,076 | Epoch 2010/3000 | kl_g0_w=1.00 kl_u_w=1.00 | train=39.8333 (recon=49.7917, kl_g0=0.0000, kl_u=0.0000, cls=0.0000) | val=39.8333 | lr=1.00e-06
2026-08-13 13:54:34,763 | Epoch 2020/3000 | kl_g0_w=1.00 kl_u_w=1.00 | train=39.8333 (recon=49.7917, kl_g0=0.0000, kl_u=0.0000, cls=0.0000) | val=39.8333 | lr=1.00e-06
2026-08-13 13:54:37,444 | Epoch 2030/3000 | kl_g0_w=1.00 kl_u_w=1.00 | train=39.8333 (recon=49.7917, kl_g0=0.0000, kl_u=0.0000, cls=0.0000) | val=39.8333 | lr=1.00e-06
2026-08-13 13:54:40,100 | Epoch 2040/3000 | kl_g0_w=1.00 kl_u_w=1.00 | train=39.8333 (recon=49.7917, kl_g0=0.0000, kl_u=0.0000, cls=0.0000) | val=39.8333 | lr=1.00e-06
2026-08-13 13:54:42,752 | Epoch 2050/3000 | kl_g0_w=1.00 kl_u_w=1.00 | train=39.8333 (recon=49.7917, kl_g0=0.0000, kl_u=0.0000, cls=0.0000) | val=39.8333 | lr=1.00e-06
2026-08-13 13:54:45,426 | Epoch 2060/3000 | kl_g0_w=1.00 kl_u_w=1.00 | train=39.8333 (recon=49.7917, kl_g0=0.0000, kl_u=0.0000, cls=0.0000) | val=39.8333 | lr=1.00e-06
2026-08-13 13:54:48,081 | Epoch 2070/3000 | kl_g0_w=1.00 kl_u_w=1.00 | train=39.8333 (recon=49.7917, kl_g0=0.0000, kl_u=0.0000, cls=0.0000) | val=39.8333 | lr=1.00e-06
2026-08-13 13:54:50,802 | Epoch 2080/3000 | kl_g0_w=1.00 kl_u_w=1.00 | train=39.8333 (recon=49.7917, kl_g0=0.0000, kl_u=0.0000, cls=0.0000) | val=39.8333 | lr=1.00e-06
2026-08-13 13:54:53,479 | Epoch 2090/3000 | kl_g0_w=1.00 kl_u_w=1.00 | train=39.8333 (recon=49.7917, kl_g0=0.0000, kl_u=0.0000, cls=0.0000) | val=39.8333 | lr=1.00e-06
2026-08-13 13:54:56,155 | Epoch 2100/3000 | kl_g0_w=1.00 kl_u_w=1.00 | train=39.8333 (recon=49.7917, kl_g0=0.0000, kl_u=0.0000, cls=0.0000) | val=39.8333 | lr=1.00e-06
2026-08-13 13:54:58,839 | Epoch 2110/3000 | kl_g0_w=1.00 kl_u_w=1.00 | train=39.8333 (recon=49.7917, kl_g0=0.0000, kl_u=0.0000, cls=0.0000) | val=39.8333 | lr=1.00e-06
2026-08-13 13:55:01,595 | Epoch 2120/3000 | kl_g0_w=1.00 kl_u_w=1.00 | train=39.8333 (recon=49.7917, kl_g0=0.0000, kl_u=0.0000, cls=0.0000) | val=39.8333 | lr=1.00e-06
2026-08-13 13:55:04,281 | Epoch 2130/3000 | kl_g0_w=1.00 kl_u_w=1.00 | train=39.8333 (recon=49.7917, kl_g0=0.0000, kl_u=0.0000, cls=0.0000) | val=39.8333 | lr=1.00e-06
2026-08-13 13:55:06,966 | Epoch 2140/3000 | kl_g0_w=1.00 kl_u_w=1.00 | train=39.8333 (recon=49.7917, kl_g0=0.0000, kl_u=0.0000, cls=0.0000) | val=39.8333 | lr=1.00e-06
2026-08-13 13:55:09,626 | Epoch 2150/3000 | kl_g0_w=1.00 kl_u_w=1.00 | train=39.8333 (recon=49.7917, kl_g0=0.0000, kl_u=0.0000, cls=0.0000) | val=39.8333 | lr=1.00e-06
2026-08-13 13:55:12,277 | Epoch 2160/3000 | kl_g0_w=1.00 kl_u_w=1.00 | train=39.8333 (recon=49.7917, kl_g0=0.0000, kl_u=0.0000, cls=0.0000) | val=39.8333 | lr=1.00e-06
2026-08-13 13:55:14,934 | Epoch 2170/3000 | kl_g0_w=1.00 kl_u_w=1.00 | train=39.8333 (recon=49.7917, kl_g0=0.0000, kl_u=0.0000, cls=0.0000) | val=39.8333 | lr=1.00e-06
2026-08-13 13:55:17,580 | Epoch 2180/3000 | kl_g0_w=1.00 kl_u_w=1.00 | train=39.8333 (recon=49.7917, kl_g0=0.0000, kl_u=0.0000, cls=0.0000) | val=39.8333 | lr=1.00e-06
2026-08-13 13:55:20,245 | Epoch 2190/3000 | kl_g0_w=1.00 kl_u_w=1.00 | train=39.8333 (recon=49.7917, kl_g0=0.0000, kl_u=0.0000, cls=0.0000) | val=39.8333 | lr=1.00e-06
2026-08-13 13:55:22,918 | Epoch 2200/3000 | kl_g0_w=1.00 kl_u_w=1.00 | train=39.8333 (recon=49.7917, kl_g0=0.0000, kl_u=0.0000, cls=0.0000) | val=39.8333 | lr=1.00e-06
2026-08-13 13:55:25,580 | Epoch 2210/3000 | kl_g0_w=1.00 kl_u_w=1.00 | train=39.8333 (recon=49.7917, kl_g0=0.0000, kl_u=0.0000, cls=0.0000) | val=39.8333 | lr=1.00e-06
2026-08-13 13:55:28,248 | Epoch 2220/3000 | kl_g0_w=1.00 kl_u_w=1.00 | train=39.8333 (recon=49.7917, kl_g0=0.0000, kl_u=0.0000, cls=0.0000) | val=39.8333 | lr=1.00e-06
2026-08-13 13:55:30,924 | Epoch 2230/3000 | kl_g0_w=1.00 kl_u_w=1.00 | train=39.8333 (recon=49.7917, kl_g0=0.0000, kl_u=0.0000, cls=0.0000) | val=39.8333 | lr=1.00e-06
2026-08-13 13:55:33,583 | Epoch 2240/3000 | kl_g0_w=1.00 kl_u_w=1.00 | train=39.8333 (recon=49.7917, kl_g0=0.0000, kl_u=0.0000, cls=0.0000) | val=39.8333 | lr=1.00e-06
2026-08-13 13:55:36,305 | Epoch 2250/3000 | kl_g0_w=1.00 kl_u_w=1.00 | train=39.8333 (recon=49.7917, kl_g0=0.0000, kl_u=0.0000, cls=0.0000) | val=39.8333 | lr=1.00e-06
2026-08-13 13:55:39,000 | Epoch 2260/3000 | kl_g0_w=1.00 kl_u_w=1.00 | train=39.8333 (recon=49.7917, kl_g0=0.0000, kl_u=0.0000, cls=0.0000) | val=39.8333 | lr=1.00e-06
2026-08-13 13:55:41,652 | Epoch 2270/3000 | kl_g0_w=1.00 kl_u_w=1.00 | train=39.8333 (recon=49.7917, kl_g0=0.0000, kl_u=0.0000, cls=0.0000) | val=39.8333 | lr=1.00e-06
2026-08-13 13:55:44,292 | Epoch 2280/3000 | kl_g0_w=1.00 kl_u_w=1.00 | train=39.8333 (recon=49.7917, kl_g0=0.0000, kl_u=0.0000, cls=0.0000) | val=39.8333 | lr=1.00e-06
2026-08-13 13:55:46,951 | Epoch 2290/3000 | kl_g0_w=1.00 kl_u_w=1.00 | train=39.8333 (recon=49.7917, kl_g0=0.0000, kl_u=0.0000, cls=0.0000) | val=39.8333 | lr=1.00e-06
2026-08-13 13:55:49,621 | Epoch 2300/3000 | kl_g0_w=1.00 kl_u_w=1.00 | train=39.8333 (recon=49.7917, kl_g0=0.0000, kl_u=0.0000, cls=0.0000) | val=39.8333 | lr=1.00e-06
2026-08-13 13:55:52,294 | Epoch 2310/3000 | kl_g0_w=1.00 kl_u_w=1.00 | train=39.8333 (recon=49.7917, kl_g0=0.0000, kl_u=0.0000, cls=0.0000) | val=39.8333 | lr=1.00e-06
2026-08-13 13:55:54,956 | Epoch 2320/3000 | kl_g0_w=1.00 kl_u_w=1.00 | train=39.8333 (recon=49.7917, kl_g0=0.0000, kl_u=0.0000, cls=0.0000) | val=39.8333 | lr=1.00e-06
2026-08-13 13:55:57,617 | Epoch 2330/3000 | kl_g0_w=1.00 kl_u_w=1.00 | train=39.8333 (recon=49.7917, kl_g0=0.0000, kl_u=0.0000, cls=0.0000) | val=39.8333 | lr=1.00e-06
2026-08-13 13:56:00,317 | Epoch 2340/3000 | kl_g0_w=1.00 kl_u_w=1.00 | train=39.8333 (recon=49.7917, kl_g0=0.0000, kl_u=0.0000, cls=0.0000) | val=39.8333 | lr=1.00e-06
2026-08-13 13:56:03,001 | Epoch 2350/3000 | kl_g0_w=1.00 kl_u_w=1.00 | train=39.8333 (recon=49.7917, kl_g0=0.0000, kl_u=0.0000, cls=0.0000) | val=39.8333 | lr=1.00e-06
2026-08-13 13:56:05,700 | Epoch 2360/3000 | kl_g0_w=1.00 kl_u_w=1.00 | train=39.8333 (recon=49.7917, kl_g0=0.0000, kl_u=0.0000, cls=0.0000) | val=39.8333 | lr=1.00e-06
2026-08-13 13:56:08,347 | Epoch 2370/3000 | kl_g0_w=1.00 kl_u_w=1.00 | train=39.8333 (recon=49.7917, kl_g0=0.0000, kl_u=0.0000, cls=0.0000) | val=39.8333 | lr=1.00e-06
2026-08-13 13:56:11,029 | Epoch 2380/3000 | kl_g0_w=1.00 kl_u_w=1.00 | train=39.8333 (recon=49.7917, kl_g0=0.0000, kl_u=0.0000, cls=0.0000) | val=39.8333 | lr=1.00e-06
2026-08-13 13:56:13,739 | Epoch 2390/3000 | kl_g0_w=1.00 kl_u_w=1.00 | train=39.8333 (recon=49.7917, kl_g0=0.0000, kl_u=0.0000, cls=0.0000) | val=39.8333 | lr=1.00e-06
2026-08-13 13:56:16,420 | Epoch 2400/3000 | kl_g0_w=1.00 kl_u_w=1.00 | train=39.8333 (recon=49.7917, kl_g0=0.0000, kl_u=0.0000, cls=0.0000) | val=39.8333 | lr=1.00e-06
2026-08-13 13:56:19,114 | Epoch 2410/3000 | kl_g0_w=1.00 kl_u_w=1.00 | train=39.8333 (recon=49.7917, kl_g0=0.0000, kl_u=0.0000, cls=0.0000) | val=39.8333 | lr=1.00e-06
2026-08-13 13:56:21,812 | Epoch 2420/3000 | kl_g0_w=1.00 kl_u_w=1.00 | train=39.8333 (recon=49.7917, kl_g0=0.0000, kl_u=0.0000, cls=0.0000) | val=39.8333 | lr=1.00e-06
2026-08-13 13:56:24,492 | Epoch 2430/3000 | kl_g0_w=1.00 kl_u_w=1.00 | train=39.8333 (recon=49.7917, kl_g0=0.0000, kl_u=0.0000, cls=0.0000) | val=39.8333 | lr=1.00e-06
2026-08-13 13:56:27,196 | Epoch 2440/3000 | kl_g0_w=1.00 kl_u_w=1.00 | train=39.8333 (recon=49.7917, kl_g0=0.0000, kl_u=0.0000, cls=0.0000) | val=39.8333 | lr=1.00e-06
2026-08-13 13:56:29,861 | Epoch 2450/3000 | kl_g0_w=1.00 kl_u_w=1.00 | train=39.8333 (recon=49.7917, kl_g0=0.0000, kl_u=0.0000, cls=0.0000) | val=39.8333 | lr=1.00e-06
2026-08-13 13:56:32,535 | Epoch 2460/3000 | kl_g0_w=1.00 kl_u_w=1.00 | train=39.8333 (recon=49.7917, kl_g0=0.0000, kl_u=0.0000, cls=0.0000) | val=39.8333 | lr=1.00e-06
2026-08-13 13:56:35,214 | Epoch 2470/3000 | kl_g0_w=1.00 kl_u_w=1.00 | train=39.8333 (recon=49.7917, kl_g0=0.0000, kl_u=0.0000, cls=0.0000) | val=39.8333 | lr=1.00e-06
2026-08-13 13:56:37,882 | Epoch 2480/3000 | kl_g0_w=1.00 kl_u_w=1.00 | train=39.8333 (recon=49.7917, kl_g0=0.0000, kl_u=0.0000, cls=0.0000) | val=39.8333 | lr=1.00e-06
2026-08-13 13:56:40,545 | Epoch 2490/3000 | kl_g0_w=1.00 kl_u_w=1.00 | train=39.8333 (recon=49.7917, kl_g0=0.0000, kl_u=0.0000, cls=0.0000) | val=39.8333 | lr=1.00e-06
2026-08-13 13:56:43,199 | Epoch 2500/3000 | kl_g0_w=1.00 kl_u_w=1.00 | train=39.8333 (recon=49.7917, kl_g0=0.0000, kl_u=0.0000, cls=0.0000) | val=39.8333 | lr=1.00e-06
2026-08-13 13:56:45,893 | Epoch 2510/3000 | kl_g0_w=1.00 kl_u_w=1.00 | train=39.8333 (recon=49.7917, kl_g0=0.0000, kl_u=0.0000, cls=0.0000) | val=39.8333 | lr=1.00e-06
2026-08-13 13:56:48,603 | Epoch 2520/3000 | kl_g0_w=1.00 kl_u_w=1.00 | train=39.8333 (recon=49.7917, kl_g0=0.0000, kl_u=0.0000, cls=0.0000) | val=39.8333 | lr=1.00e-06
2026-08-13 13:56:51,343 | Epoch 2530/3000 | kl_g0_w=1.00 kl_u_w=1.00 | train=39.8333 (recon=49.7917, kl_g0=0.0000, kl_u=0.0000, cls=0.0000) | val=39.8333 | lr=1.00e-06
2026-08-13 13:56:54,012 | Epoch 2540/3000 | kl_g0_w=1.00 kl_u_w=1.00 | train=39.8333 (recon=49.7917, kl_g0=0.0000, kl_u=0.0000, cls=0.0000) | val=39.8333 | lr=1.00e-06
2026-08-13 13:56:56,700 | Epoch 2550/3000 | kl_g0_w=1.00 kl_u_w=1.00 | train=39.8333 (recon=49.7917, kl_g0=0.0000, kl_u=0.0000, cls=0.0000) | val=39.8333 | lr=1.00e-06
2026-08-13 13:56:59,345 | Epoch 2560/3000 | kl_g0_w=1.00 kl_u_w=1.00 | train=39.8333 (recon=49.7917, kl_g0=0.0000, kl_u=0.0000, cls=0.0000) | val=39.8333 | lr=1.00e-06
2026-08-13 13:57:02,014 | Epoch 2570/3000 | kl_g0_w=1.00 kl_u_w=1.00 | train=39.8333 (recon=49.7917, kl_g0=0.0000, kl_u=0.0000, cls=0.0000) | val=39.8333 | lr=1.00e-06
2026-08-13 13:57:04,681 | Epoch 2580/3000 | kl_g0_w=1.00 kl_u_w=1.00 | train=39.8333 (recon=49.7917, kl_g0=0.0000, kl_u=0.0000, cls=0.0000) | val=39.8333 | lr=1.00e-06
2026-08-13 13:57:07,335 | Epoch 2590/3000 | kl_g0_w=1.00 kl_u_w=1.00 | train=39.8333 (recon=49.7917, kl_g0=0.0000, kl_u=0.0000, cls=0.0000) | val=39.8333 | lr=1.00e-06
2026-08-13 13:57:10,013 | Epoch 2600/3000 | kl_g0_w=1.00 kl_u_w=1.00 | train=39.8333 (recon=49.7917, kl_g0=0.0000, kl_u=0.0000, cls=0.0000) | val=39.8333 | lr=1.00e-06
2026-08-13 13:57:12,684 | Epoch 2610/3000 | kl_g0_w=1.00 kl_u_w=1.00 | train=39.8333 (recon=49.7917, kl_g0=0.0000, kl_u=0.0000, cls=0.0000) | val=39.8333 | lr=1.00e-06
2026-08-13 13:57:15,353 | Epoch 2620/3000 | kl_g0_w=1.00 kl_u_w=1.00 | train=39.8333 (recon=49.7917, kl_g0=0.0000, kl_u=0.0000, cls=0.0000) | val=39.8333 | lr=1.00e-06
2026-08-13 13:57:18,008 | Epoch 2630/3000 | kl_g0_w=1.00 kl_u_w=1.00 | train=39.8333 (recon=49.7917, kl_g0=0.0000, kl_u=0.0000, cls=0.0000) | val=39.8333 | lr=1.00e-06
2026-08-13 13:57:20,660 | Epoch 2640/3000 | kl_g0_w=1.00 kl_u_w=1.00 | train=39.8333 (recon=49.7917, kl_g0=0.0000, kl_u=0.0000, cls=0.0000) | val=39.8333 | lr=1.00e-06
2026-08-13 13:57:23,293 | Epoch 2650/3000 | kl_g0_w=1.00 kl_u_w=1.00 | train=39.8333 (recon=49.7917, kl_g0=0.0000, kl_u=0.0000, cls=0.0000) | val=39.8333 | lr=1.00e-06
2026-08-13 13:57:25,977 | Epoch 2660/3000 | kl_g0_w=1.00 kl_u_w=1.00 | train=39.8333 (recon=49.7917, kl_g0=0.0000, kl_u=0.0000, cls=0.0000) | val=39.8333 | lr=1.00e-06
2026-08-13 13:57:28,650 | Epoch 2670/3000 | kl_g0_w=1.00 kl_u_w=1.00 | train=39.8333 (recon=49.7917, kl_g0=0.0000, kl_u=0.0000, cls=0.0000) | val=39.8333 | lr=1.00e-06
2026-08-13 13:57:31,299 | Epoch 2680/3000 | kl_g0_w=1.00 kl_u_w=1.00 | train=39.8333 (recon=49.7917, kl_g0=0.0000, kl_u=0.0000, cls=0.0000) | val=39.8333 | lr=1.00e-06
2026-08-13 13:57:33,995 | Epoch 2690/3000 | kl_g0_w=1.00 kl_u_w=1.00 | train=39.8333 (recon=49.7917, kl_g0=0.0000, kl_u=0.0000, cls=0.0000) | val=39.8333 | lr=1.00e-06
2026-08-13 13:57:36,658 | Epoch 2700/3000 | kl_g0_w=1.00 kl_u_w=1.00 | train=39.8333 (recon=49.7917, kl_g0=0.0000, kl_u=0.0000, cls=0.0000) | val=39.8333 | lr=1.00e-06
2026-08-13 13:57:39,343 | Epoch 2710/3000 | kl_g0_w=1.00 kl_u_w=1.00 | train=39.8333 (recon=49.7917, kl_g0=0.0000, kl_u=0.0000, cls=0.0000) | val=39.8333 | lr=1.00e-06
2026-08-13 13:57:42,021 | Epoch 2720/3000 | kl_g0_w=1.00 kl_u_w=1.00 | train=39.8333 (recon=49.7917, kl_g0=0.0000, kl_u=0.0000, cls=0.0000) | val=39.8333 | lr=1.00e-06
2026-08-13 13:57:44,663 | Epoch 2730/3000 | kl_g0_w=1.00 kl_u_w=1.00 | train=39.8333 (recon=49.7917, kl_g0=0.0000, kl_u=0.0000, cls=0.0000) | val=39.8333 | lr=1.00e-06
2026-08-13 13:57:47,321 | Epoch 2740/3000 | kl_g0_w=1.00 kl_u_w=1.00 | train=39.8333 (recon=49.7917, kl_g0=0.0000, kl_u=0.0000, cls=0.0000) | val=39.8333 | lr=1.00e-06
2026-08-13 13:57:49,975 | Epoch 2750/3000 | kl_g0_w=1.00 kl_u_w=1.00 | train=39.8333 (recon=49.7917, kl_g0=0.0000, kl_u=0.0000, cls=0.0000) | val=39.8333 | lr=1.00e-06
2026-08-13 13:57:52,654 | Epoch 2760/3000 | kl_g0_w=1.00 kl_u_w=1.00 | train=39.8333 (recon=49.7917, kl_g0=0.0000, kl_u=0.0000, cls=0.0000) | val=39.8333 | lr=1.00e-06
2026-08-13 13:57:55,318 | Epoch 2770/3000 | kl_g0_w=1.00 kl_u_w=1.00 | train=39.8333 (recon=49.7917, kl_g0=0.0000, kl_u=0.0000, cls=0.0000) | val=39.8333 | lr=1.00e-06
2026-08-13 13:57:57,996 | Epoch 2780/3000 | kl_g0_w=1.00 kl_u_w=1.00 | train=39.8333 (recon=49.7917, kl_g0=0.0000, kl_u=0.0000, cls=0.0000) | val=39.8333 | lr=1.00e-06
2026-08-13 13:58:00,681 | Epoch 2790/3000 | kl_g0_w=1.00 kl_u_w=1.00 | train=39.8333 (recon=49.7917, kl_g0=0.0000, kl_u=0.0000, cls=0.0000) | val=39.8333 | lr=1.00e-06
2026-08-13 13:58:03,329 | Epoch 2800/3000 | kl_g0_w=1.00 kl_u_w=1.00 | train=39.8333 (recon=49.7917, kl_g0=0.0000, kl_u=0.0000, cls=0.0000) | val=39.8333 | lr=1.00e-06
2026-08-13 13:58:05,979 | Epoch 2810/3000 | kl_g0_w=1.00 kl_u_w=1.00 | train=39.8333 (recon=49.7917, kl_g0=0.0000, kl_u=0.0000, cls=0.0000) | val=39.8333 | lr=1.00e-06
2026-08-13 13:58:08,615 | Epoch 2820/3000 | kl_g0_w=1.00 kl_u_w=1.00 | train=39.8333 (recon=49.7917, kl_g0=0.0000, kl_u=0.0000, cls=0.0000) | val=39.8333 | lr=1.00e-06
2026-08-13 13:58:11,256 | Epoch 2830/3000 | kl_g0_w=1.00 kl_u_w=1.00 | train=39.8333 (recon=49.7917, kl_g0=0.0000, kl_u=0.0000, cls=0.0000) | val=39.8333 | lr=1.00e-06
2026-08-13 13:58:13,947 | Epoch 2840/3000 | kl_g0_w=1.00 kl_u_w=1.00 | train=39.8333 (recon=49.7917, kl_g0=0.0000, kl_u=0.0000, cls=0.0000) | val=39.8333 | lr=1.00e-06
2026-08-13 13:58:16,654 | Epoch 2850/3000 | kl_g0_w=1.00 kl_u_w=1.00 | train=39.8333 (recon=49.7917, kl_g0=0.0000, kl_u=0.0000, cls=0.0000) | val=39.8333 | lr=1.00e-06
2026-08-13 13:58:19,306 | Epoch 2860/3000 | kl_g0_w=1.00 kl_u_w=1.00 | train=39.8333 (recon=49.7917, kl_g0=0.0000, kl_u=0.0000, cls=0.0000) | val=39.8333 | lr=1.00e-06
2026-08-13 13:58:22,001 | Epoch 2870/3000 | kl_g0_w=1.00 kl_u_w=1.00 | train=39.8333 (recon=49.7917, kl_g0=0.0000, kl_u=0.0000, cls=0.0000) | val=39.8333 | lr=1.00e-06
2026-08-13 13:58:24,657 | Epoch 2880/3000 | kl_g0_w=1.00 kl_u_w=1.00 | train=39.8333 (recon=49.7917, kl_g0=0.0000, kl_u=0.0000, cls=0.0000) | val=39.8333 | lr=1.00e-06
2026-08-13 13:58:27,339 | Epoch 2890/3000 | kl_g0_w=1.00 kl_u_w=1.00 | train=39.8333 (recon=49.7917, kl_g0=0.0000, kl_u=0.0000, cls=0.0000) | val=39.8333 | lr=1.00e-06
2026-08-13 13:58:29,997 | Epoch 2900/3000 | kl_g0_w=1.00 kl_u_w=1.00 | train=39.8333 (recon=49.7917, kl_g0=0.0000, kl_u=0.0000, cls=0.0000) | val=39.8333 | lr=1.00e-06
2026-08-13 13:58:32,660 | Epoch 2910/3000 | kl_g0_w=1.00 kl_u_w=1.00 | train=39.8333 (recon=49.7917, kl_g0=0.0000, kl_u=0.0000, cls=0.0000) | val=39.8333 | lr=1.00e-06
2026-08-13 13:58:35,301 | Epoch 2920/3000 | kl_g0_w=1.00 kl_u_w=1.00 | train=39.8333 (recon=49.7917, kl_g0=0.0000, kl_u=0.0000, cls=0.0000) | val=39.8333 | lr=1.00e-06
2026-08-13 13:58:37,966 | Epoch 2930/3000 | kl_g0_w=1.00 kl_u_w=1.00 | train=39.8333 (recon=49.7917, kl_g0=0.0000, kl_u=0.0000, cls=0.0000) | val=39.8333 | lr=1.00e-06
2026-08-13 13:58:40,628 | Epoch 2940/3000 | kl_g0_w=1.00 kl_u_w=1.00 | train=39.8333 (recon=49.7917, kl_g0=0.0000, kl_u=0.0000, cls=0.0000) | val=39.8333 | lr=1.00e-06
2026-08-13 13:58:43,326 | Epoch 2950/3000 | kl_g0_w=1.00 kl_u_w=1.00 | train=39.8333 (recon=49.7917, kl_g0=0.0000, kl_u=0.0000, cls=0.0000) | val=39.8333 | lr=1.00e-06
2026-08-13 13:58:46,010 | Epoch 2960/3000 | kl_g0_w=1.00 kl_u_w=1.00 | train=39.8333 (recon=49.7917, kl_g0=0.0000, kl_u=0.0000, cls=0.0000) | val=39.8333 | lr=1.00e-06
2026-08-13 13:58:48,675 | Epoch 2970/3000 | kl_g0_w=1.00 kl_u_w=1.00 | train=39.8333 (recon=49.7917, kl_g0=0.0000, kl_u=0.0000, cls=0.0000) | val=39.8333 | lr=1.00e-06
2026-08-13 13:58:51,369 | Epoch 2980/3000 | kl_g0_w=1.00 kl_u_w=1.00 | train=39.8333 (recon=49.7917, kl_g0=0.0000, kl_u=0.0000, cls=0.0000) | val=39.8333 | lr=1.00e-06
2026-08-13 13:58:54,041 | Epoch 2990/3000 | kl_g0_w=1.00 kl_u_w=1.00 | train=39.8333 (recon=49.7917, kl_g0=0.0000, kl_u=0.0000, cls=0.0000) | val=39.8333 | lr=1.00e-06
2026-08-13 13:58:56,703 | Epoch 3000/3000 | kl_g0_w=1.00 kl_u_w=1.00 | train=39.8333 (recon=49.7917, kl_g0=0.0000, kl_u=0.0000, cls=0.0000) | val=39.8333 | lr=1.00e-06
2026-08-13 13:58:56,708 | Final model saved to /home/nadegeo/LIFUS-BRICK/results/trained_models/ablation_3_batch_size_4/ablation_no_control_no_ic/final_model.pt
2026-08-13 13:58:56,708 | Best val loss: 39.8333
2026-08-13 13:58:56,708 | Best joint-best cls loss: val=0.0000, train=0.0000
2026-08-13 13:58:56,708 | Training complete.
