2026-07-23 15:13:15,575 | ============================================================
2026-07-23 15:13:15,575 | Task-State BRICK Training -- PRE model
2026-07-23 15:13:15,575 | num_classes=3, BETA=0.2, n_epochs=3000
2026-07-23 15:13:15,575 | Val subjects: ['fuspd12', 'fuspd08']
2026-07-23 15:13:15,575 | ============================================================
2026-07-23 15:13:15,605 | Split: 34 train | 4 val
2026-07-23 15:13:15,605 | Train label dist: {0: 17, 1: 9, 2: 8}
2026-07-23 15:13:15,606 | Val label dist:   {0: 2, 1: 1, 2: 1}
2026-07-23 15:13:15,640 | Model parameters: 554,799
2026-07-23 15:13:18,305 | Epoch    1/3000 | train=1070.4476 (recon=1337.5835, cls=1.0736) | val=110.0883 (cls=1.0732) | lr=1.00e-04
2026-07-23 15:13:18,331 |   -> New joint-best cls: val=1.0732, train=1.0736
2026-07-23 15:13:20,014 |   -> New joint-best cls: val=1.0701, train=1.0629
2026-07-23 15:13:30,807 | Epoch   10/3000 | train=47.2154 (recon=58.1391, cls=1.0595) | val=43.4787 (cls=1.0606) | lr=1.00e-04
2026-07-23 15:13:30,818 |   -> New joint-best cls: val=1.0606, train=1.0595
2026-07-23 15:13:31,879 |   -> New joint-best cls: val=1.0575, train=1.0575
2026-07-23 15:13:33,037 |   -> New joint-best cls: val=1.0551, train=1.0536
2026-07-23 15:13:35,894 |   -> New joint-best cls: val=1.0522, train=1.0490
2026-07-23 15:13:38,085 |   -> New joint-best cls: val=1.0494, train=1.0484
2026-07-23 15:13:41,888 | Epoch   20/3000 | train=36.0002 (recon=43.3763, cls=1.0468) | val=37.6175 (cls=1.0480) | lr=1.00e-04
2026-07-23 15:13:41,900 |   -> New joint-best cls: val=1.0480, train=1.0468
2026-07-23 15:13:46,795 |   -> New joint-best cls: val=1.0471, train=1.0448
2026-07-23 15:13:54,239 | Epoch   30/3000 | train=29.6284 (recon=35.1711, cls=1.0456) | val=31.6401 (cls=1.0454) | lr=1.00e-04
2026-07-23 15:14:06,976 |   -> New joint-best cls: val=1.0442, train=1.0440
2026-07-23 15:14:09,506 | Epoch   40/3000 | train=25.8998 (recon=30.4263, cls=1.0450) | val=27.5094 (cls=1.0440) | lr=1.00e-04
2026-07-23 15:14:12,971 |   -> New joint-best cls: val=1.0434, train=1.0426
2026-07-23 15:14:20,968 | Epoch   50/3000 | train=23.2873 (recon=27.1297, cls=1.0427) | val=25.2353 (cls=1.0433) | lr=1.00e-04
2026-07-23 15:14:22,990 |   -> New joint-best cls: val=1.0433, train=1.0423
2026-07-23 15:14:28,052 |   -> New joint-best cls: val=1.0433, train=1.0415
2026-07-23 15:14:32,463 | Epoch   60/3000 | train=21.3540 (recon=24.7044, cls=1.0423) | val=23.1920 (cls=1.0439) | lr=1.00e-04
2026-07-23 15:14:43,502 | Epoch   70/3000 | train=19.6227 (recon=22.5469, cls=1.0443) | val=21.0022 (cls=1.0427) | lr=1.00e-04
2026-07-23 15:14:47,894 |   -> New joint-best cls: val=1.0427, train=1.0401
2026-07-23 15:14:57,995 | Epoch   80/3000 | train=18.3516 (recon=20.9489, cls=1.0408) | val=19.6697 (cls=1.0428) | lr=1.00e-04
2026-07-23 15:15:06,176 |   -> New joint-best cls: val=1.0422, train=1.0396
2026-07-23 15:15:11,716 | Epoch   90/3000 | train=17.1789 (recon=19.4906, cls=1.0391) | val=18.3962 (cls=1.0425) | lr=1.00e-04
2026-07-23 15:15:24,182 | Epoch  100/3000 | train=16.1415 (recon=18.1923, cls=1.0415) | val=17.3266 (cls=1.0422) | lr=1.00e-04
2026-07-23 15:15:31,326 |   -> New joint-best cls: val=1.0419, train=1.0394
2026-07-23 15:15:38,321 | Epoch  110/3000 | train=15.0668 (recon=16.8623, cls=1.0417) | val=16.4656 (cls=1.0422) | lr=1.00e-04
2026-07-23 15:15:48,460 |   -> New joint-best cls: val=1.0418, train=1.0389
2026-07-23 15:15:52,684 | Epoch  120/3000 | train=14.2641 (recon=15.8483, cls=1.0386) | val=15.5210 (cls=1.0417) | lr=1.00e-04
2026-07-23 15:15:52,692 |   -> New joint-best cls: val=1.0417, train=1.0386
2026-07-23 15:16:04,580 | Epoch  130/3000 | train=13.4807 (recon=14.8872, cls=1.0387) | val=14.4935 (cls=1.0427) | lr=1.00e-04
2026-07-23 15:16:18,352 | Epoch  140/3000 | train=12.8749 (recon=14.1232, cls=1.0377) | val=14.0025 (cls=1.0421) | lr=1.00e-04
2026-07-23 15:16:33,489 | Epoch  150/3000 | train=12.2267 (recon=13.3186, cls=1.0395) | val=13.0176 (cls=1.0428) | lr=1.00e-04
2026-07-23 15:16:46,843 | Epoch  160/3000 | train=11.7342 (recon=12.7089, cls=1.0371) | val=12.4241 (cls=1.0427) | lr=1.00e-04
2026-07-23 15:16:58,458 | Epoch  170/3000 | train=11.2238 (recon=12.0863, cls=1.0382) | val=11.9573 (cls=1.0432) | lr=1.00e-04
2026-07-23 15:17:12,183 | Epoch  180/3000 | train=10.8124 (recon=11.5679, cls=1.0375) | val=11.4134 (cls=1.0425) | lr=1.00e-04
2026-07-23 15:17:25,828 | Epoch  190/3000 | train=10.3992 (recon=11.0642, cls=1.0372) | val=11.0476 (cls=1.0431) | lr=1.00e-04
2026-07-23 15:17:36,830 | Epoch  200/3000 | train=10.0673 (recon=10.6542, cls=1.0374) | val=10.5259 (cls=1.0434) | lr=1.00e-04
2026-07-23 15:17:49,516 | Epoch  210/3000 | train=9.6984 (recon=10.2042, cls=1.0358) | val=10.4552 (cls=1.0436) | lr=1.00e-04
2026-07-23 15:18:05,150 | Epoch  220/3000 | train=9.4458 (recon=9.8830, cls=1.0380) | val=9.9330 (cls=1.0439) | lr=1.00e-04
2026-07-23 15:18:18,384 | Epoch  230/3000 | train=9.1439 (recon=9.5270, cls=1.0366) | val=9.5748 (cls=1.0448) | lr=1.00e-04
2026-07-23 15:18:27,476 | Epoch  240/3000 | train=8.8165 (recon=9.1213, cls=1.0367) | val=9.4130 (cls=1.0449) | lr=1.00e-04
2026-07-23 15:18:38,846 | Epoch  250/3000 | train=8.6594 (recon=8.9313, cls=1.0351) | val=9.1201 (cls=1.0451) | lr=1.00e-04
2026-07-23 15:18:52,003 | Epoch  260/3000 | train=8.3808 (recon=8.5874, cls=1.0381) | val=8.8238 (cls=1.0458) | lr=1.00e-04
2026-07-23 15:19:04,545 | Epoch  270/3000 | train=8.1917 (recon=8.3564, cls=1.0350) | val=8.8698 (cls=1.0460) | lr=1.00e-04
2026-07-23 15:19:15,019 | Epoch  280/3000 | train=8.0202 (recon=8.1574, cls=1.0353) | val=8.4944 (cls=1.0453) | lr=1.00e-04
2026-07-23 15:19:24,667 | Epoch  290/3000 | train=7.8600 (recon=7.9525, cls=1.0372) | val=8.2713 (cls=1.0462) | lr=1.00e-04
2026-07-23 15:19:35,703 | Epoch  300/3000 | train=7.6262 (recon=7.6793, cls=1.0349) | val=8.1181 (cls=1.0467) | lr=1.00e-04
2026-07-23 15:19:47,208 | Epoch  310/3000 | train=7.5039 (recon=7.5278, cls=1.0344) | val=8.0259 (cls=1.0469) | lr=1.00e-04
2026-07-23 15:19:57,490 | Epoch  320/3000 | train=7.3446 (recon=7.3379, cls=1.0346) | val=7.8366 (cls=1.0474) | lr=1.00e-04
2026-07-23 15:20:07,092 | Epoch  330/3000 | train=7.1979 (recon=7.1637, cls=1.0340) | val=7.7273 (cls=1.0480) | lr=1.00e-04
2026-07-23 15:20:17,821 | Epoch  340/3000 | train=7.0280 (recon=6.9744, cls=1.0330) | val=7.5352 (cls=1.0480) | lr=1.00e-04
2026-07-23 15:20:30,309 | Epoch  350/3000 | train=6.8880 (recon=6.7983, cls=1.0343) | val=7.3998 (cls=1.0491) | lr=1.00e-04
2026-07-23 15:20:41,195 | Epoch  360/3000 | train=6.7556 (recon=6.6471, cls=1.0326) | val=7.2505 (cls=1.0496) | lr=1.00e-04
2026-07-23 15:20:51,875 | Epoch  370/3000 | train=6.6633 (recon=6.5378, cls=1.0330) | val=7.1779 (cls=1.0497) | lr=1.00e-04
2026-07-23 15:21:01,261 | Epoch  380/3000 | train=6.4927 (recon=6.3441, cls=1.0351) | val=7.0165 (cls=1.0498) | lr=1.00e-04
2026-07-23 15:21:10,363 | Epoch  390/3000 | train=6.3853 (recon=6.2186, cls=1.0320) | val=6.7864 (cls=1.0497) | lr=1.00e-04
2026-07-23 15:21:20,953 | Epoch  400/3000 | train=6.2505 (recon=6.0564, cls=1.0323) | val=6.7113 (cls=1.0507) | lr=1.00e-04
2026-07-23 15:21:33,033 | Epoch  410/3000 | train=6.1594 (recon=5.9582, cls=1.0318) | val=6.7280 (cls=1.0516) | lr=1.00e-04
2026-07-23 15:21:43,705 | Epoch  420/3000 | train=6.0486 (recon=5.8229, cls=1.0314) | val=6.5917 (cls=1.0511) | lr=1.00e-04
2026-07-23 15:21:53,271 | Epoch  430/3000 | train=5.9219 (recon=5.6746, cls=1.0306) | val=6.4591 (cls=1.0517) | lr=1.00e-04
2026-07-23 15:22:03,305 | Epoch  440/3000 | train=5.8465 (recon=5.5906, cls=1.0334) | val=6.3898 (cls=1.0531) | lr=1.00e-04
2026-07-23 15:22:15,261 | Epoch  450/3000 | train=5.7221 (recon=5.4428, cls=1.0314) | val=6.2558 (cls=1.0525) | lr=1.00e-04
2026-07-23 15:22:28,244 | Epoch  460/3000 | train=5.6491 (recon=5.3565, cls=1.0308) | val=6.1085 (cls=1.0517) | lr=1.00e-04
2026-07-23 15:22:41,594 | Epoch  470/3000 | train=5.5494 (recon=5.2407, cls=1.0303) | val=6.0696 (cls=1.0529) | lr=1.00e-04
2026-07-23 15:22:54,802 | Epoch  480/3000 | train=5.4864 (recon=5.1651, cls=1.0286) | val=6.0124 (cls=1.0533) | lr=1.00e-04
2026-07-23 15:23:06,164 | Epoch  490/3000 | train=5.4025 (recon=5.0679, cls=1.0302) | val=5.8978 (cls=1.0532) | lr=1.00e-04
2026-07-23 15:23:18,671 | Epoch  500/3000 | train=5.3185 (recon=4.9684, cls=1.0316) | val=5.9523 (cls=1.0547) | lr=1.00e-04
2026-07-23 15:23:29,221 | Epoch  510/3000 | train=5.2039 (recon=4.8285, cls=1.0280) | val=5.7127 (cls=1.0543) | lr=1.00e-04
2026-07-23 15:23:41,592 | Epoch  520/3000 | train=5.1165 (recon=4.7315, cls=1.0282) | val=5.6528 (cls=1.0551) | lr=1.00e-04
2026-07-23 15:23:52,858 | Epoch  530/3000 | train=5.0600 (recon=4.6676, cls=1.0273) | val=5.5604 (cls=1.0560) | lr=1.00e-04
2026-07-23 15:24:03,356 | Epoch  540/3000 | train=4.9564 (recon=4.5462, cls=1.0255) | val=5.5138 (cls=1.0552) | lr=1.00e-04
2026-07-23 15:24:16,295 | Epoch  550/3000 | train=4.8858 (recon=4.4604, cls=1.0259) | val=5.4264 (cls=1.0555) | lr=1.00e-04
2026-07-23 15:24:25,422 | Epoch  560/3000 | train=4.8113 (recon=4.3760, cls=1.0274) | val=5.3138 (cls=1.0561) | lr=1.00e-04
2026-07-23 15:24:37,603 | Epoch  570/3000 | train=4.7228 (recon=4.2701, cls=1.0251) | val=5.2999 (cls=1.0559) | lr=1.00e-04
2026-07-23 15:24:50,767 | Epoch  580/3000 | train=4.6779 (recon=4.2174, cls=1.0239) | val=5.2212 (cls=1.0556) | lr=1.00e-04
2026-07-23 15:25:03,963 | Epoch  590/3000 | train=4.5961 (recon=4.1182, cls=1.0245) | val=5.0993 (cls=1.0561) | lr=1.00e-04
2026-07-23 15:25:17,555 | Epoch  600/3000 | train=4.5323 (recon=4.0429, cls=1.0236) | val=5.1056 (cls=1.0565) | lr=1.00e-04
2026-07-23 15:25:30,695 | Epoch  610/3000 | train=4.4610 (recon=3.9581, cls=1.0248) | val=4.9936 (cls=1.0560) | lr=1.00e-04
2026-07-23 15:25:44,437 | Epoch  620/3000 | train=4.3946 (recon=3.8834, cls=1.0228) | val=4.8448 (cls=1.0563) | lr=1.00e-04
2026-07-23 15:25:53,900 | Epoch  630/3000 | train=4.3475 (recon=3.8288, cls=1.0210) | val=4.8305 (cls=1.0576) | lr=1.00e-04
2026-07-23 15:26:03,113 | Epoch  640/3000 | train=4.2771 (recon=3.7467, cls=1.0218) | val=4.7683 (cls=1.0571) | lr=1.00e-04
2026-07-23 15:26:15,867 | Epoch  650/3000 | train=4.2028 (recon=3.6529, cls=1.0202) | val=4.6931 (cls=1.0572) | lr=1.00e-04
2026-07-23 15:26:28,854 | Epoch  660/3000 | train=4.1513 (recon=3.5921, cls=1.0201) | val=4.6626 (cls=1.0589) | lr=1.00e-04
2026-07-23 15:26:39,500 | Epoch  670/3000 | train=4.0775 (recon=3.5089, cls=1.0195) | val=4.5632 (cls=1.0585) | lr=1.00e-04
2026-07-23 15:26:49,840 | Epoch  680/3000 | train=4.0372 (recon=3.4597, cls=1.0195) | val=4.5263 (cls=1.0598) | lr=1.00e-04
2026-07-23 15:27:02,527 | Epoch  690/3000 | train=3.9667 (recon=3.3781, cls=1.0198) | val=4.4394 (cls=1.0599) | lr=1.00e-04
2026-07-23 15:27:15,119 | Epoch  700/3000 | train=3.9040 (recon=3.3057, cls=1.0171) | val=4.3982 (cls=1.0600) | lr=1.00e-04
2026-07-23 15:27:26,661 | Epoch  710/3000 | train=3.8611 (recon=3.2529, cls=1.0172) | val=4.3645 (cls=1.0607) | lr=1.00e-04
2026-07-23 15:27:38,027 | Epoch  720/3000 | train=3.8051 (recon=3.1912, cls=1.0143) | val=4.2577 (cls=1.0602) | lr=1.00e-04
2026-07-23 15:27:50,206 | Epoch  730/3000 | train=3.7508 (recon=3.1270, cls=1.0169) | val=4.2089 (cls=1.0605) | lr=1.00e-04
2026-07-23 15:28:03,026 | Epoch  740/3000 | train=3.6980 (recon=3.0659, cls=1.0125) | val=4.1629 (cls=1.0608) | lr=1.00e-04
2026-07-23 15:28:15,265 | Epoch  750/3000 | train=3.6461 (recon=3.0078, cls=1.0124) | val=4.0944 (cls=1.0612) | lr=1.00e-04
2026-07-23 15:28:27,246 | Epoch  760/3000 | train=3.6028 (recon=2.9632, cls=1.0101) | val=4.0534 (cls=1.0614) | lr=1.00e-04
2026-07-23 15:28:35,251 | Epoch  770/3000 | train=3.5565 (recon=2.9086, cls=1.0104) | val=3.9844 (cls=1.0617) | lr=1.00e-04
2026-07-23 15:28:42,953 | Epoch  780/3000 | train=3.5028 (recon=2.8454, cls=1.0087) | val=3.9083 (cls=1.0619) | lr=1.00e-04
2026-07-23 15:28:51,229 | Epoch  790/3000 | train=3.4464 (recon=2.7832, cls=1.0083) | val=3.8806 (cls=1.0621) | lr=1.00e-04
2026-07-23 15:28:59,599 | Epoch  800/3000 | train=3.4007 (recon=2.7321, cls=1.0071) | val=3.8058 (cls=1.0642) | lr=1.00e-04
2026-07-23 15:29:07,505 | Epoch  810/3000 | train=3.3620 (recon=2.6903, cls=1.0080) | val=3.7385 (cls=1.0633) | lr=1.00e-04
2026-07-23 15:29:15,212 | Epoch  820/3000 | train=3.3004 (recon=2.6179, cls=1.0041) | val=3.7089 (cls=1.0645) | lr=1.00e-04
2026-07-23 15:29:22,997 | Epoch  830/3000 | train=3.2572 (recon=2.5711, cls=1.0031) | val=3.6926 (cls=1.0661) | lr=1.00e-04
2026-07-23 15:29:30,893 | Epoch  840/3000 | train=3.2181 (recon=2.5331, cls=1.0003) | val=3.6213 (cls=1.0674) | lr=1.00e-04
2026-07-23 15:29:38,828 | Epoch  850/3000 | train=3.1810 (recon=2.4931, cls=0.9981) | val=3.5765 (cls=1.0674) | lr=1.00e-04
2026-07-23 15:29:46,766 | Epoch  860/3000 | train=3.1279 (recon=2.4318, cls=0.9955) | val=3.4973 (cls=1.0676) | lr=1.00e-04
2026-07-23 15:29:54,470 | Epoch  870/3000 | train=3.0824 (recon=2.3829, cls=0.9946) | val=3.5049 (cls=1.0671) | lr=1.00e-04
2026-07-23 15:30:04,994 | Epoch  880/3000 | train=3.0451 (recon=2.3382, cls=0.9914) | val=3.4162 (cls=1.0687) | lr=1.00e-04
2026-07-23 15:30:14,023 | Epoch  890/3000 | train=3.0167 (recon=2.3105, cls=0.9902) | val=3.3898 (cls=1.0691) | lr=1.00e-04
2026-07-23 15:30:22,248 | Epoch  900/3000 | train=2.9586 (recon=2.2412, cls=0.9870) | val=3.3253 (cls=1.0691) | lr=1.00e-04
2026-07-23 15:30:32,914 | Epoch  910/3000 | train=2.9240 (recon=2.2046, cls=0.9857) | val=3.2759 (cls=1.0694) | lr=1.00e-04
2026-07-23 15:30:41,432 | Epoch  920/3000 | train=2.8828 (recon=2.1591, cls=0.9803) | val=3.2191 (cls=1.0710) | lr=1.00e-04
2026-07-23 15:30:49,201 | Epoch  930/3000 | train=2.8561 (recon=2.1306, cls=0.9770) | val=3.2494 (cls=1.0710) | lr=1.00e-04
2026-07-23 15:31:00,618 | Epoch  940/3000 | train=2.8008 (recon=2.0663, cls=0.9721) | val=3.1438 (cls=1.0724) | lr=1.00e-04
2026-07-23 15:31:10,498 | Epoch  950/3000 | train=2.7743 (recon=2.0409, cls=0.9674) | val=3.0881 (cls=1.0756) | lr=1.00e-04
2026-07-23 15:31:22,796 | Epoch  960/3000 | train=2.7375 (recon=1.9990, cls=0.9625) | val=3.0577 (cls=1.0760) | lr=1.00e-04
2026-07-23 15:31:34,517 | Epoch  970/3000 | train=2.7068 (recon=1.9658, cls=0.9570) | val=3.0356 (cls=1.0769) | lr=1.00e-04
2026-07-23 15:31:43,097 | Epoch  980/3000 | train=2.6581 (recon=1.9140, cls=0.9493) | val=2.9776 (cls=1.0783) | lr=1.00e-04
2026-07-23 15:31:51,002 | Epoch  990/3000 | train=2.6154 (recon=1.8662, cls=0.9382) | val=2.9314 (cls=1.0804) | lr=1.00e-04
2026-07-23 15:31:59,190 | Epoch 1000/3000 | train=2.5847 (recon=1.8338, cls=0.9345) | val=2.8935 (cls=1.0820) | lr=1.00e-04
2026-07-23 15:32:10,714 | Epoch 1010/3000 | train=2.5538 (recon=1.8013, cls=0.9229) | val=2.8553 (cls=1.0846) | lr=1.00e-04
2026-07-23 15:32:32,581 | Epoch 1020/3000 | train=2.5172 (recon=1.7653, cls=0.9047) | val=2.8051 (cls=1.0899) | lr=1.00e-04
2026-07-23 15:32:53,478 | Epoch 1030/3000 | train=2.4805 (recon=1.7277, cls=0.8892) | val=2.8125 (cls=1.0941) | lr=1.00e-04
2026-07-23 15:33:11,815 | Epoch 1040/3000 | train=2.4397 (recon=1.6907, cls=0.8645) | val=2.7498 (cls=1.0965) | lr=1.00e-04
2026-07-23 15:33:25,100 | Epoch 1050/3000 | train=2.4081 (recon=1.6622, cls=0.8415) | val=2.7071 (cls=1.0985) | lr=1.00e-04
2026-07-23 15:33:46,167 | Epoch 1060/3000 | train=2.3645 (recon=1.6221, cls=0.8075) | val=2.6998 (cls=1.1077) | lr=1.00e-04
2026-07-23 15:34:03,788 | Epoch 1070/3000 | train=2.3433 (recon=1.6030, cls=0.7688) | val=2.6742 (cls=1.1242) | lr=1.00e-04
2026-07-23 15:34:22,161 | Epoch 1080/3000 | train=2.3042 (recon=1.5726, cls=0.7167) | val=2.6212 (cls=1.1382) | lr=1.00e-04
2026-07-23 15:34:42,334 | Epoch 1090/3000 | train=2.2629 (recon=1.5416, cls=0.6632) | val=2.6071 (cls=1.1611) | lr=1.00e-04
2026-07-23 15:34:54,264 | Epoch 1100/3000 | train=2.2312 (recon=1.5171, cls=0.6028) | val=2.5794 (cls=1.1871) | lr=1.00e-04
2026-07-23 15:35:08,997 | Stopping at epoch 1109 — val cls 1.2453 exceeds best 1.0417 by >0.2
2026-07-23 15:35:09,007 | Training complete. Best val loss: 2.5330
2026-07-23 15:35:09,007 | Best cls: val=1.0417, train=1.0386
2026-07-28 10:03:43,239 | ============================================================
2026-07-28 10:03:43,239 | Task-State BRICK Training -- PRE model
2026-07-28 10:03:43,239 | num_classes=3, BETA=0.2, n_epochs=2700
2026-07-28 10:03:43,239 | Val subjects: ['fuspd23', 'fuspd20']
2026-07-28 10:03:43,239 | ============================================================
2026-07-28 10:03:43,272 | Split: 34 train | 4 val
2026-07-28 10:03:43,272 | Train label dist: {0: 17, 1: 9, 2: 8}
2026-07-28 10:03:43,272 | Val label dist:   {0: 2, 1: 1, 2: 1}
2026-07-28 10:03:43,288 | Model parameters: 554,799
2026-07-28 10:03:44,644 | Epoch    1/2700 | train=1006.5445 (recon=1257.6908, cls=1.1646) | val=102.1972 (cls=1.2069) | lr=1.00e-04
2026-07-28 10:03:44,653 |   -> New joint-best cls: val=1.2069, train=1.1646
2026-07-28 10:03:46,535 |   -> New joint-best cls: val=1.1413, train=1.1414
2026-07-28 10:03:47,176 |   -> New joint-best cls: val=1.1379, train=1.1235
2026-07-28 10:03:48,510 |   -> New joint-best cls: val=1.1365, train=1.1178
2026-07-28 10:03:49,884 |   -> New joint-best cls: val=1.1269, train=1.1156
2026-07-28 10:03:50,621 | Epoch   10/2700 | train=46.0633 (recon=56.7321, cls=1.1115) | val=43.9877 (cls=1.1203) | lr=1.00e-04
2026-07-28 10:03:50,630 |   -> New joint-best cls: val=1.1203, train=1.1115
2026-07-28 10:03:51,392 |   -> New joint-best cls: val=1.1172, train=1.1027
2026-07-28 10:03:52,153 |   -> New joint-best cls: val=1.1048, train=1.0981
2026-07-28 10:03:53,369 |   -> New joint-best cls: val=1.1012, train=1.0940
2026-07-28 10:03:54,538 |   -> New joint-best cls: val=1.0961, train=1.0875
2026-07-28 10:03:55,248 |   -> New joint-best cls: val=1.0880, train=1.0828
2026-07-28 10:03:56,735 |   -> New joint-best cls: val=1.0807, train=1.0739
2026-07-28 10:03:57,482 |   -> New joint-best cls: val=1.0771, train=1.0681
2026-07-28 10:03:58,966 | Epoch   20/2700 | train=35.7025 (recon=43.1641, cls=1.0616) | val=38.4487 (cls=1.0688) | lr=1.00e-04
2026-07-28 10:03:58,971 |   -> New joint-best cls: val=1.0688, train=1.0616
2026-07-28 10:03:59,715 |   -> New joint-best cls: val=1.0627, train=1.0592
2026-07-28 10:04:00,917 |   -> New joint-best cls: val=1.0600, train=1.0563
2026-07-28 10:04:01,680 |   -> New joint-best cls: val=1.0593, train=1.0540
2026-07-28 10:04:02,440 |   -> New joint-best cls: val=1.0564, train=1.0520
2026-07-28 10:04:03,220 |   -> New joint-best cls: val=1.0542, train=1.0476
2026-07-28 10:04:04,755 |   -> New joint-best cls: val=1.0504, train=1.0454
2026-07-28 10:04:05,512 |   -> New joint-best cls: val=1.0480, train=1.0445
2026-07-28 10:04:06,264 |   -> New joint-best cls: val=1.0462, train=1.0440
2026-07-28 10:04:07,013 | Epoch   30/2700 | train=29.3857 (recon=34.9822, cls=1.0452) | val=33.1381 (cls=1.0444) | lr=1.00e-04
2026-07-28 10:04:07,773 |   -> New joint-best cls: val=1.0440, train=1.0398
2026-07-28 10:04:11,408 |   -> New joint-best cls: val=1.0396, train=1.0389
2026-07-28 10:04:12,166 |   -> New joint-best cls: val=1.0387, train=1.0376
2026-07-28 10:04:13,703 |   -> New joint-best cls: val=1.0382, train=1.0362
2026-07-28 10:04:15,215 | Epoch   40/2700 | train=25.2320 (recon=29.6644, cls=1.0362) | val=29.8363 (cls=1.0377) | lr=1.00e-04
2026-07-28 10:04:15,988 |   -> New joint-best cls: val=1.0376, train=1.0352
2026-07-28 10:04:20,527 |   -> New joint-best cls: val=1.0369, train=1.0344
2026-07-28 10:04:23,729 | Epoch   50/2700 | train=22.7073 (recon=26.4483, cls=1.0355) | val=27.1118 (cls=1.0363) | lr=1.00e-04
2026-07-28 10:04:26,161 |   -> New joint-best cls: val=1.0365, train=1.0333
2026-07-28 10:04:31,521 |   -> New joint-best cls: val=1.0357, train=1.0320
2026-07-28 10:04:32,318 | Epoch   60/2700 | train=20.8924 (recon=24.1431, cls=1.0338) | val=25.2199 (cls=1.0365) | lr=1.00e-04
2026-07-28 10:04:36,291 |   -> New joint-best cls: val=1.0354, train=1.0319
2026-07-28 10:04:40,038 | Epoch   70/2700 | train=19.1672 (recon=21.9633, cls=1.0356) | val=23.5062 (cls=1.0349) | lr=1.00e-04
2026-07-28 10:04:47,731 | Epoch   80/2700 | train=17.6294 (recon=20.0241, cls=1.0343) | val=22.0429 (cls=1.0332) | lr=1.00e-04
2026-07-28 10:04:53,164 |   -> New joint-best cls: val=1.0334, train=1.0307
2026-07-28 10:04:55,493 | Epoch   90/2700 | train=16.3534 (recon=18.4216, cls=1.0314) | val=20.8979 (cls=1.0337) | lr=1.00e-04
2026-07-28 10:05:03,136 | Epoch  100/2700 | train=15.2893 (recon=17.0808, cls=1.0337) | val=19.5279 (cls=1.0328) | lr=1.00e-04
2026-07-28 10:05:08,542 |   -> New joint-best cls: val=1.0330, train=1.0300
2026-07-28 10:05:10,833 | Epoch  110/2700 | train=14.3673 (recon=15.9227, cls=1.0301) | val=18.3316 (cls=1.0326) | lr=1.00e-04
2026-07-28 10:05:18,442 | Epoch  120/2700 | train=13.6254 (recon=14.9902, cls=1.0318) | val=18.2216 (cls=1.0322) | lr=1.00e-04
2026-07-28 10:05:26,007 | Epoch  130/2700 | train=12.8746 (recon=14.0493, cls=1.0317) | val=16.8000 (cls=1.0314) | lr=1.00e-04
2026-07-28 10:05:33,583 | Epoch  140/2700 | train=12.2186 (recon=13.2306, cls=1.0328) | val=15.8873 (cls=1.0307) | lr=1.00e-04
2026-07-28 10:05:36,625 |   -> New joint-best cls: val=1.0301, train=1.0297
2026-07-28 10:05:41,150 | Epoch  150/2700 | train=11.6337 (recon=12.5065, cls=1.0328) | val=15.3159 (cls=1.0311) | lr=1.00e-04
2026-07-28 10:05:48,764 | Epoch  160/2700 | train=11.1097 (recon=11.8496, cls=1.0319) | val=14.4483 (cls=1.0308) | lr=1.00e-04
2026-07-28 10:05:56,289 | Epoch  170/2700 | train=10.5533 (recon=11.1645, cls=1.0325) | val=13.8072 (cls=1.0300) | lr=1.00e-04
2026-07-28 10:06:03,733 | Epoch  180/2700 | train=10.1603 (recon=10.6774, cls=1.0315) | val=13.2844 (cls=1.0291) | lr=1.00e-04
2026-07-28 10:06:15,831 | Epoch  190/2700 | train=9.8428 (recon=10.2857, cls=1.0323) | val=12.7774 (cls=1.0298) | lr=1.00e-04
2026-07-28 10:06:28,002 | Epoch  200/2700 | train=9.4590 (recon=9.8006, cls=1.0360) | val=12.3099 (cls=1.0289) | lr=1.00e-04
2026-07-28 10:06:35,977 | Epoch  210/2700 | train=9.1054 (recon=9.3788, cls=1.0349) | val=11.9224 (cls=1.0289) | lr=1.00e-04
2026-07-28 10:06:43,468 | Epoch  220/2700 | train=8.8336 (recon=9.0360, cls=1.0364) | val=11.6582 (cls=1.0280) | lr=1.00e-04
2026-07-28 10:06:51,063 | Epoch  230/2700 | train=8.5791 (recon=8.7313, cls=1.0310) | val=10.9273 (cls=1.0281) | lr=1.00e-04
2026-07-28 10:06:58,595 | Epoch  240/2700 | train=8.3306 (recon=8.4287, cls=1.0327) | val=10.6810 (cls=1.0280) | lr=1.00e-04
2026-07-28 10:07:06,070 | Epoch  250/2700 | train=8.1251 (recon=8.1743, cls=1.0332) | val=10.4372 (cls=1.0275) | lr=1.00e-04
2026-07-28 10:07:16,988 | Epoch  260/2700 | train=7.9151 (recon=7.9182, cls=1.0328) | val=10.1046 (cls=1.0280) | lr=1.00e-04
2026-07-28 10:07:29,083 | Epoch  270/2700 | train=7.7064 (recon=7.6638, cls=1.0323) | val=9.8980 (cls=1.0282) | lr=1.00e-04
2026-07-28 10:07:39,848 | Epoch  280/2700 | train=7.5464 (recon=7.4713, cls=1.0328) | val=9.7084 (cls=1.0281) | lr=1.00e-04
2026-07-28 10:07:47,370 | Epoch  290/2700 | train=7.3945 (recon=7.2839, cls=1.0316) | val=9.5635 (cls=1.0280) | lr=1.00e-04
2026-07-28 10:07:54,904 | Epoch  300/2700 | train=7.2139 (recon=7.0686, cls=1.0348) | val=9.4366 (cls=1.0276) | lr=1.00e-04
2026-07-28 10:08:02,479 | Epoch  310/2700 | train=7.1363 (recon=6.9753, cls=1.0303) | val=9.1565 (cls=1.0269) | lr=1.00e-04
2026-07-28 10:08:10,480 | Epoch  320/2700 | train=6.9259 (recon=6.7251, cls=1.0307) | val=8.9837 (cls=1.0270) | lr=1.00e-04
2026-07-28 10:08:18,062 | Epoch  330/2700 | train=6.8062 (recon=6.5832, cls=1.0308) | val=8.7790 (cls=1.0267) | lr=1.00e-04
2026-07-28 10:08:25,602 | Epoch  340/2700 | train=6.6921 (recon=6.4421, cls=1.0311) | val=8.5376 (cls=1.0267) | lr=1.00e-04
2026-07-28 10:08:32,377 |   -> New joint-best cls: val=1.0273, train=1.0296
2026-07-28 10:08:33,139 | Epoch  350/2700 | train=6.5457 (recon=6.2728, cls=1.0324) | val=8.4257 (cls=1.0272) | lr=1.00e-04
2026-07-28 10:08:41,651 | Epoch  360/2700 | train=6.4070 (recon=6.1095, cls=1.0306) | val=8.2447 (cls=1.0277) | lr=1.00e-04
2026-07-28 10:08:52,645 |   -> New joint-best cls: val=1.0256, train=1.0291
2026-07-28 10:08:53,865 | Epoch  370/2700 | train=6.3498 (recon=6.0438, cls=1.0297) | val=8.1506 (cls=1.0256) | lr=1.00e-04
2026-07-28 10:09:02,527 | Epoch  380/2700 | train=6.2041 (recon=5.8669, cls=1.0315) | val=8.0593 (cls=1.0258) | lr=1.00e-04
2026-07-28 10:09:10,053 | Epoch  390/2700 | train=6.1312 (recon=5.7854, cls=1.0291) | val=7.8445 (cls=1.0244) | lr=1.00e-04
2026-07-28 10:09:14,624 |   -> New joint-best cls: val=1.0255, train=1.0277
2026-07-28 10:09:17,720 | Epoch  400/2700 | train=6.0024 (recon=5.6360, cls=1.0298) | val=7.7623 (cls=1.0251) | lr=1.00e-04
2026-07-28 10:09:26,741 | Epoch  410/2700 | train=5.8781 (recon=5.4850, cls=1.0302) | val=7.6315 (cls=1.0245) | lr=1.00e-04
2026-07-28 10:09:38,610 | Epoch  420/2700 | train=5.8066 (recon=5.4051, cls=1.0293) | val=7.4612 (cls=1.0239) | lr=1.00e-04
2026-07-28 10:09:46,135 | Epoch  430/2700 | train=5.7105 (recon=5.2942, cls=1.0296) | val=7.3876 (cls=1.0236) | lr=1.00e-04
2026-07-28 10:09:49,940 |   -> New joint-best cls: val=1.0224, train=1.0272
2026-07-28 10:09:53,747 | Epoch  440/2700 | train=5.6000 (recon=5.1671, cls=1.0289) | val=7.3536 (cls=1.0233) | lr=1.00e-04
2026-07-28 10:10:01,381 | Epoch  450/2700 | train=5.5244 (recon=5.0859, cls=1.0277) | val=7.1810 (cls=1.0231) | lr=1.00e-04
2026-07-28 10:10:09,125 | Epoch  460/2700 | train=5.4253 (recon=4.9643, cls=1.0288) | val=6.9795 (cls=1.0244) | lr=1.00e-04
2026-07-28 10:10:16,631 | Epoch  470/2700 | train=5.3571 (recon=4.8975, cls=1.0281) | val=6.8422 (cls=1.0235) | lr=1.00e-04
2026-07-28 10:10:21,871 |   -> New joint-best cls: val=1.0223, train=1.0264
2026-07-28 10:10:24,194 | Epoch  480/2700 | train=5.2399 (recon=4.7585, cls=1.0282) | val=6.8343 (cls=1.0231) | lr=1.00e-04
2026-07-28 10:10:27,228 |   -> New joint-best cls: val=1.0222, train=1.0254
2026-07-28 10:10:31,800 | Epoch  490/2700 | train=5.1728 (recon=4.6837, cls=1.0279) | val=6.6168 (cls=1.0227) | lr=1.00e-04
2026-07-28 10:10:35,588 |   -> New joint-best cls: val=1.0215, train=1.0246
2026-07-28 10:10:39,394 | Epoch  500/2700 | train=5.0913 (recon=4.5913, cls=1.0274) | val=6.6450 (cls=1.0225) | lr=1.00e-04
2026-07-28 10:10:46,971 | Epoch  510/2700 | train=5.0042 (recon=4.4915, cls=1.0269) | val=6.5751 (cls=1.0214) | lr=1.00e-04
2026-07-28 10:10:53,047 |   -> New joint-best cls: val=1.0208, train=1.0234
2026-07-28 10:10:54,573 | Epoch  520/2700 | train=4.9273 (recon=4.4020, cls=1.0272) | val=6.3610 (cls=1.0206) | lr=1.00e-04
2026-07-28 10:11:03,628 | Epoch  530/2700 | train=4.8327 (recon=4.2944, cls=1.0264) | val=6.3087 (cls=1.0210) | lr=1.00e-04
2026-07-28 10:11:15,775 | Epoch  540/2700 | train=4.7775 (recon=4.2331, cls=1.0234) | val=6.1481 (cls=1.0195) | lr=1.00e-04
2026-07-28 10:11:15,784 |   -> New joint-best cls: val=1.0195, train=1.0234
2026-07-28 10:11:23,272 | Epoch  550/2700 | train=4.6996 (recon=4.1444, cls=1.0241) | val=6.1073 (cls=1.0198) | lr=1.00e-04
2026-07-28 10:11:24,037 |   -> New joint-best cls: val=1.0193, train=1.0232
2026-07-28 10:11:29,344 |   -> New joint-best cls: val=1.0189, train=1.0229
2026-07-28 10:11:31,794 | Epoch  560/2700 | train=4.6247 (recon=4.0534, cls=1.0242) | val=6.0383 (cls=1.0196) | lr=1.00e-04
2026-07-28 10:11:44,081 | Epoch  570/2700 | train=4.5770 (recon=4.0023, cls=1.0237) | val=5.9011 (cls=1.0195) | lr=1.00e-04
2026-07-28 10:11:51,462 |   -> New joint-best cls: val=1.0187, train=1.0218
2026-07-28 10:11:55,137 |   -> New joint-best cls: val=1.0186, train=1.0216
2026-07-28 10:11:55,914 | Epoch  580/2700 | train=4.4781 (recon=3.8899, cls=1.0230) | val=5.7544 (cls=1.0190) | lr=1.00e-04
2026-07-28 10:11:58,213 |   -> New joint-best cls: val=1.0181, train=1.0216
2026-07-28 10:12:02,762 |   -> New joint-best cls: val=1.0179, train=1.0214
2026-07-28 10:12:03,525 | Epoch  590/2700 | train=4.4401 (recon=3.8508, cls=1.0210) | val=5.7298 (cls=1.0176) | lr=1.00e-04
2026-07-28 10:12:03,530 |   -> New joint-best cls: val=1.0176, train=1.0210
2026-07-28 10:12:13,380 | Epoch  600/2700 | train=4.3806 (recon=3.7864, cls=1.0210) | val=5.6220 (cls=1.0186) | lr=1.00e-04
2026-07-28 10:12:25,682 | Epoch  610/2700 | train=4.3198 (recon=3.7157, cls=1.0208) | val=5.4982 (cls=1.0175) | lr=1.00e-04
2026-07-28 10:12:25,692 |   -> New joint-best cls: val=1.0175, train=1.0208
2026-07-28 10:12:26,927 |   -> New joint-best cls: val=1.0172, train=1.0203
2026-07-28 10:12:28,169 |   -> New joint-best cls: val=1.0172, train=1.0194
2026-07-28 10:12:37,964 | Epoch  620/2700 | train=4.2379 (recon=3.6244, cls=1.0200) | val=5.4407 (cls=1.0178) | lr=1.00e-04
2026-07-28 10:12:49,060 |   -> New joint-best cls: val=1.0169, train=1.0193
2026-07-28 10:12:49,841 | Epoch  630/2700 | train=4.1682 (recon=3.5459, cls=1.0178) | val=5.3815 (cls=1.0162) | lr=1.00e-04
2026-07-28 10:12:49,847 |   -> New joint-best cls: val=1.0162, train=1.0178
2026-07-28 10:13:00,709 | Epoch  640/2700 | train=4.0990 (recon=3.4696, cls=1.0178) | val=5.3124 (cls=1.0168) | lr=1.00e-04
2026-07-28 10:13:09,009 |   -> New joint-best cls: val=1.0159, train=1.0155
2026-07-28 10:13:09,797 | Epoch  650/2700 | train=4.0559 (recon=3.4211, cls=1.0170) | val=5.2223 (cls=1.0157) | lr=1.00e-04
2026-07-28 10:13:12,147 |   -> New joint-best cls: val=1.0154, train=1.0148
2026-07-28 10:13:17,562 | Epoch  660/2700 | train=3.9803 (recon=3.3354, cls=1.0147) | val=5.0843 (cls=1.0148) | lr=1.00e-04
2026-07-28 10:13:17,576 |   -> New joint-best cls: val=1.0148, train=1.0147
2026-07-28 10:13:25,089 | Epoch  670/2700 | train=3.9191 (recon=3.2660, cls=1.0160) | val=5.0096 (cls=1.0145) | lr=1.00e-04
2026-07-28 10:13:29,630 |   -> New joint-best cls: val=1.0148, train=1.0139
2026-07-28 10:13:32,643 | Epoch  680/2700 | train=3.8736 (recon=3.2213, cls=1.0140) | val=4.9638 (cls=1.0144) | lr=1.00e-04
2026-07-28 10:13:34,163 |   -> New joint-best cls: val=1.0137, train=1.0139
2026-07-28 10:13:34,922 |   -> New joint-best cls: val=1.0135, train=1.0138
2026-07-28 10:13:36,436 |   -> New joint-best cls: val=1.0130, train=1.0131
2026-07-28 10:13:37,956 |   -> New joint-best cls: val=1.0129, train=1.0128
2026-07-28 10:13:40,241 | Epoch  690/2700 | train=3.8196 (recon=3.1679, cls=1.0121) | val=4.8868 (cls=1.0129) | lr=1.00e-04
2026-07-28 10:13:47,810 | Epoch  700/2700 | train=3.7557 (recon=3.0965, cls=1.0127) | val=4.8107 (cls=1.0133) | lr=1.00e-04
2026-07-28 10:13:49,347 |   -> New joint-best cls: val=1.0126, train=1.0113
2026-07-28 10:13:50,112 |   -> New joint-best cls: val=1.0123, train=1.0104
2026-07-28 10:13:55,362 | Epoch  710/2700 | train=3.6828 (recon=3.0112, cls=1.0093) | val=4.7007 (cls=1.0128) | lr=1.00e-04
2026-07-28 10:13:56,123 |   -> New joint-best cls: val=1.0122, train=1.0103
2026-07-28 10:13:56,873 |   -> New joint-best cls: val=1.0114, train=1.0102
2026-07-28 10:14:02,816 | Epoch  720/2700 | train=3.6407 (recon=2.9678, cls=1.0095) | val=4.6370 (cls=1.0115) | lr=1.00e-04
2026-07-28 10:14:03,575 |   -> New joint-best cls: val=1.0110, train=1.0098
2026-07-28 10:14:05,860 |   -> New joint-best cls: val=1.0106, train=1.0072
2026-07-28 10:14:10,392 | Epoch  730/2700 | train=3.5679 (recon=2.8858, cls=1.0084) | val=4.6047 (cls=1.0116) | lr=1.00e-04
2026-07-28 10:14:17,165 |   -> New joint-best cls: val=1.0103, train=1.0070
2026-07-28 10:14:17,919 | Epoch  740/2700 | train=3.5294 (recon=2.8423, cls=1.0070) | val=4.5059 (cls=1.0106) | lr=1.00e-04
2026-07-28 10:14:18,697 |   -> New joint-best cls: val=1.0102, train=1.0062
2026-07-28 10:14:19,462 |   -> New joint-best cls: val=1.0097, train=1.0058
2026-07-28 10:14:21,004 |   -> New joint-best cls: val=1.0093, train=1.0048
2026-07-28 10:14:25,549 | Epoch  750/2700 | train=3.4792 (recon=2.7863, cls=1.0049) | val=4.4138 (cls=1.0098) | lr=1.00e-04
2026-07-28 10:14:34,041 |   -> New joint-best cls: val=1.0090, train=1.0035
2026-07-28 10:14:35,261 | Epoch  760/2700 | train=3.4352 (recon=2.7342, cls=1.0052) | val=4.3832 (cls=1.0090) | lr=1.00e-04
2026-07-28 10:14:38,945 |   -> New joint-best cls: val=1.0077, train=1.0020
2026-07-28 10:14:45,079 |   -> New joint-best cls: val=1.0076, train=1.0019
2026-07-28 10:14:46,316 |   -> New joint-best cls: val=1.0072, train=1.0018
2026-07-28 10:14:47,545 | Epoch  770/2700 | train=3.3947 (recon=2.6935, cls=1.0054) | val=4.3264 (cls=1.0071) | lr=1.00e-04
2026-07-28 10:14:53,714 |   -> New joint-best cls: val=1.0071, train=1.0013
2026-07-28 10:14:55,254 |   -> New joint-best cls: val=1.0069, train=1.0010
2026-07-28 10:14:56,801 |   -> New joint-best cls: val=1.0068, train=1.0007
2026-07-28 10:14:57,561 | Epoch  780/2700 | train=3.3444 (recon=2.6398, cls=1.0017) | val=4.2219 (cls=1.0061) | lr=1.00e-04
2026-07-28 10:14:58,336 |   -> New joint-best cls: val=1.0059, train=0.9995
2026-07-28 10:15:02,897 |   -> New joint-best cls: val=1.0051, train=0.9972
2026-07-28 10:15:05,161 | Epoch  790/2700 | train=3.3047 (recon=2.5969, cls=0.9972) | val=4.2172 (cls=1.0054) | lr=1.00e-04
2026-07-28 10:15:10,806 |   -> New joint-best cls: val=1.0048, train=0.9969
2026-07-28 10:15:14,465 |   -> New joint-best cls: val=1.0048, train=0.9967
2026-07-28 10:15:15,978 | Epoch  800/2700 | train=3.2472 (recon=2.5386, cls=0.9954) | val=4.1217 (cls=1.0044) | lr=1.00e-04
2026-07-28 10:15:15,983 |   -> New joint-best cls: val=1.0044, train=0.9954
2026-07-28 10:15:16,743 |   -> New joint-best cls: val=1.0041, train=0.9945
2026-07-28 10:15:20,567 |   -> New joint-best cls: val=1.0035, train=0.9939
2026-07-28 10:15:23,620 | Epoch  810/2700 | train=3.1996 (recon=2.4810, cls=0.9964) | val=4.0753 (cls=1.0024) | lr=1.00e-04
2026-07-28 10:15:24,385 |   -> New joint-best cls: val=1.0020, train=0.9930
2026-07-28 10:15:26,677 |   -> New joint-best cls: val=1.0020, train=0.9912
2026-07-28 10:15:31,255 | Epoch  820/2700 | train=3.1530 (recon=2.4322, cls=0.9918) | val=3.9861 (cls=1.0003) | lr=1.00e-04
2026-07-28 10:15:32,808 |   -> New joint-best cls: val=0.9999, train=0.9903
2026-07-28 10:15:38,900 | Epoch  830/2700 | train=3.1182 (recon=2.3972, cls=0.9871) | val=3.9468 (cls=0.9995) | lr=1.00e-04
2026-07-28 10:15:38,905 |   -> New joint-best cls: val=0.9995, train=0.9871
2026-07-28 10:15:39,678 |   -> New joint-best cls: val=0.9993, train=0.9870
2026-07-28 10:15:44,043 |   -> New joint-best cls: val=0.9968, train=0.9867
2026-07-28 10:15:47,593 | Epoch  840/2700 | train=3.0580 (recon=2.3293, cls=0.9840) | val=3.8870 (cls=0.9979) | lr=1.00e-04
2026-07-28 10:15:59,758 | Epoch  850/2700 | train=3.0259 (recon=2.2971, cls=0.9819) | val=3.8054 (cls=0.9967) | lr=1.00e-04
2026-07-28 10:15:59,774 |   -> New joint-best cls: val=0.9967, train=0.9819
2026-07-28 10:16:01,335 |   -> New joint-best cls: val=0.9958, train=0.9804
2026-07-28 10:16:03,645 |   -> New joint-best cls: val=0.9942, train=0.9783
2026-07-28 10:16:05,194 |   -> New joint-best cls: val=0.9931, train=0.9779
2026-07-28 10:16:07,517 | Epoch  860/2700 | train=2.9778 (recon=2.2443, cls=0.9792) | val=3.7491 (cls=0.9933) | lr=1.00e-04
2026-07-28 10:16:09,073 |   -> New joint-best cls: val=0.9928, train=0.9778
2026-07-28 10:16:10,635 |   -> New joint-best cls: val=0.9926, train=0.9771
2026-07-28 10:16:11,407 |   -> New joint-best cls: val=0.9920, train=0.9760
2026-07-28 10:16:12,189 |   -> New joint-best cls: val=0.9917, train=0.9750
2026-07-28 10:16:13,732 |   -> New joint-best cls: val=0.9912, train=0.9745
2026-07-28 10:16:14,514 |   -> New joint-best cls: val=0.9910, train=0.9737
2026-07-28 10:16:15,284 | Epoch  870/2700 | train=2.9371 (recon=2.2013, cls=0.9742) | val=3.6909 (cls=0.9913) | lr=1.00e-04
2026-07-28 10:16:19,879 |   -> New joint-best cls: val=0.9908, train=0.9720
2026-07-28 10:16:20,653 |   -> New joint-best cls: val=0.9900, train=0.9717
2026-07-28 10:16:21,426 |   -> New joint-best cls: val=0.9899, train=0.9685
2026-07-28 10:16:22,975 | Epoch  880/2700 | train=2.8937 (recon=2.1509, cls=0.9670) | val=3.6418 (cls=0.9889) | lr=1.00e-04
2026-07-28 10:16:22,986 |   -> New joint-best cls: val=0.9889, train=0.9670
2026-07-28 10:16:26,051 |   -> New joint-best cls: val=0.9869, train=0.9634
2026-07-28 10:16:30,820 |   -> New joint-best cls: val=0.9857, train=0.9633
2026-07-28 10:16:32,041 | Epoch  890/2700 | train=2.8587 (recon=2.1165, cls=0.9644) | val=3.6310 (cls=0.9850) | lr=1.00e-04
2026-07-28 10:16:33,271 |   -> New joint-best cls: val=0.9850, train=0.9632
2026-07-28 10:16:35,754 |   -> New joint-best cls: val=0.9847, train=0.9606
2026-07-28 10:16:37,280 |   -> New joint-best cls: val=0.9836, train=0.9591
2026-07-28 10:16:38,816 |   -> New joint-best cls: val=0.9828, train=0.9578
2026-07-28 10:16:41,118 | Epoch  900/2700 | train=2.8205 (recon=2.0740, cls=0.9599) | val=3.5447 (cls=0.9828) | lr=1.00e-04
2026-07-28 10:16:41,894 |   -> New joint-best cls: val=0.9823, train=0.9556
2026-07-28 10:16:44,243 |   -> New joint-best cls: val=0.9800, train=0.9547
2026-07-28 10:16:48,125 |   -> New joint-best cls: val=0.9796, train=0.9506
2026-07-28 10:16:48,904 | Epoch  910/2700 | train=2.7771 (recon=2.0323, cls=0.9498) | val=3.4804 (cls=0.9791) | lr=1.00e-04
2026-07-28 10:16:48,915 |   -> New joint-best cls: val=0.9791, train=0.9498
2026-07-28 10:16:50,184 |   -> New joint-best cls: val=0.9786, train=0.9452
2026-07-28 10:16:53,970 |   -> New joint-best cls: val=0.9773, train=0.9444
2026-07-28 10:16:57,250 |   -> New joint-best cls: val=0.9765, train=0.9433
2026-07-28 10:16:58,016 |   -> New joint-best cls: val=0.9758, train=0.9424
2026-07-28 10:16:58,784 |   -> New joint-best cls: val=0.9753, train=0.9405
2026-07-28 10:16:59,550 | Epoch  920/2700 | train=2.7423 (recon=1.9976, cls=0.9415) | val=3.4222 (cls=0.9743) | lr=1.00e-04
2026-07-28 10:17:00,331 |   -> New joint-best cls: val=0.9748, train=0.9394
2026-07-28 10:17:01,110 |   -> New joint-best cls: val=0.9738, train=0.9391
2026-07-28 10:17:01,892 |   -> New joint-best cls: val=0.9733, train=0.9363
2026-07-28 10:17:02,673 |   -> New joint-best cls: val=0.9723, train=0.9355
2026-07-28 10:17:04,994 |   -> New joint-best cls: val=0.9722, train=0.9338
2026-07-28 10:17:06,543 |   -> New joint-best cls: val=0.9705, train=0.9294
2026-07-28 10:17:07,316 | Epoch  930/2700 | train=2.6953 (recon=1.9429, cls=0.9276) | val=3.3774 (cls=0.9696) | lr=1.00e-04
2026-07-28 10:17:07,326 |   -> New joint-best cls: val=0.9696, train=0.9276
2026-07-28 10:17:08,099 |   -> New joint-best cls: val=0.9694, train=0.9276
2026-07-28 10:17:08,879 |   -> New joint-best cls: val=0.9685, train=0.9264
2026-07-28 10:17:09,648 |   -> New joint-best cls: val=0.9679, train=0.9251
2026-07-28 10:17:11,185 |   -> New joint-best cls: val=0.9667, train=0.9217
2026-07-28 10:17:11,957 |   -> New joint-best cls: val=0.9662, train=0.9197
2026-07-28 10:17:15,003 | Epoch  940/2700 | train=2.6664 (recon=1.9213, cls=0.9155) | val=3.3298 (cls=0.9641) | lr=1.00e-04
2026-07-28 10:17:15,008 |   -> New joint-best cls: val=0.9641, train=0.9155
2026-07-28 10:17:18,071 |   -> New joint-best cls: val=0.9632, train=0.9081
2026-07-28 10:17:19,628 |   -> New joint-best cls: val=0.9625, train=0.9077
2026-07-28 10:17:20,398 |   -> New joint-best cls: val=0.9617, train=0.9055
2026-07-28 10:17:21,188 |   -> New joint-best cls: val=0.9615, train=0.9036
2026-07-28 10:17:21,962 |   -> New joint-best cls: val=0.9598, train=0.9016
2026-07-28 10:17:22,728 | Epoch  950/2700 | train=2.6246 (recon=1.8781, cls=0.9032) | val=3.2793 (cls=0.9588) | lr=1.00e-04
2026-07-28 10:17:23,507 |   -> New joint-best cls: val=0.9581, train=0.8961
2026-07-28 10:17:26,593 |   -> New joint-best cls: val=0.9557, train=0.8909
2026-07-28 10:17:27,378 |   -> New joint-best cls: val=0.9550, train=0.8904
2026-07-28 10:17:28,167 |   -> New joint-best cls: val=0.9537, train=0.8866
2026-07-28 10:17:28,951 |   -> New joint-best cls: val=0.9527, train=0.8808
2026-07-28 10:17:30,789 | Epoch  960/2700 | train=2.5838 (recon=1.8365, cls=0.8787) | val=3.2263 (cls=0.9521) | lr=1.00e-04
2026-07-28 10:17:30,794 |   -> New joint-best cls: val=0.9521, train=0.8787
2026-07-28 10:17:33,642 |   -> New joint-best cls: val=0.9468, train=0.8678
2026-07-28 10:17:35,143 |   -> New joint-best cls: val=0.9465, train=0.8668
2026-07-28 10:17:36,655 |   -> New joint-best cls: val=0.9432, train=0.8634
2026-07-28 10:17:37,414 |   -> New joint-best cls: val=0.9415, train=0.8617
2026-07-28 10:17:38,163 | Epoch  970/2700 | train=2.5501 (recon=1.8072, cls=0.8587) | val=3.1708 (cls=0.9434) | lr=1.00e-04
2026-07-28 10:17:39,674 |   -> New joint-best cls: val=0.9399, train=0.8469
2026-07-28 10:17:41,943 |   -> New joint-best cls: val=0.9392, train=0.8416
2026-07-28 10:17:42,707 |   -> New joint-best cls: val=0.9377, train=0.8385
2026-07-28 10:17:43,474 |   -> New joint-best cls: val=0.9359, train=0.8324
2026-07-28 10:17:44,234 |   -> New joint-best cls: val=0.9349, train=0.8315
2026-07-28 10:17:45,769 | Epoch  980/2700 | train=2.5007 (recon=1.7564, cls=0.8302) | val=3.1339 (cls=0.9344) | lr=1.00e-04
2026-07-28 10:17:45,774 |   -> New joint-best cls: val=0.9344, train=0.8302
2026-07-28 10:17:46,540 |   -> New joint-best cls: val=0.9312, train=0.8261
2026-07-28 10:17:47,311 |   -> New joint-best cls: val=0.9295, train=0.8171
2026-07-28 10:17:48,847 |   -> New joint-best cls: val=0.9287, train=0.8078
2026-07-28 10:17:51,229 |   -> New joint-best cls: val=0.9272, train=0.7990
2026-07-28 10:17:52,027 |   -> New joint-best cls: val=0.9266, train=0.7908
2026-07-28 10:17:52,828 |   -> New joint-best cls: val=0.9259, train=0.7894
2026-07-28 10:17:53,621 | Epoch  990/2700 | train=2.4755 (recon=1.7448, cls=0.7823) | val=3.0566 (cls=0.9292) | lr=1.00e-04
2026-07-28 10:17:55,206 |   -> New joint-best cls: val=0.9253, train=0.7832
2026-07-28 10:17:57,575 |   -> New joint-best cls: val=0.9235, train=0.7625
2026-07-28 10:17:59,914 |   -> New joint-best cls: val=0.9216, train=0.7410
2026-07-28 10:18:01,468 | Epoch 1000/2700 | train=2.4282 (recon=1.7037, cls=0.7330) | val=3.0435 (cls=0.9280) | lr=1.00e-04
2026-07-28 10:18:09,086 | Epoch 1010/2700 | train=2.3837 (recon=1.6667, cls=0.6787) | val=2.9790 (cls=0.9257) | lr=1.00e-04
2026-07-28 10:18:16,617 | Epoch 1020/2700 | train=2.3493 (recon=1.6458, cls=0.6108) | val=2.9394 (cls=0.9348) | lr=1.00e-04
2026-07-28 10:18:25,601 | Epoch 1030/2700 | train=2.3089 (recon=1.6117, cls=0.5558) | val=2.9117 (cls=0.9682) | lr=1.00e-04
2026-07-28 10:18:36,414 | Epoch 1040/2700 | train=2.2694 (recon=1.5821, cls=0.4898) | val=2.8711 (cls=1.0001) | lr=1.00e-04
2026-07-28 10:18:43,955 | Epoch 1050/2700 | train=2.2292 (recon=1.5484, cls=0.4486) | val=2.8391 (cls=1.0314) | lr=1.00e-04
2026-07-28 10:18:51,552 | Epoch 1060/2700 | train=2.1967 (recon=1.5234, cls=0.4047) | val=2.8116 (cls=1.0551) | lr=1.00e-04
2026-07-28 10:18:59,113 | Epoch 1070/2700 | train=2.1598 (recon=1.4865, cls=0.3802) | val=2.7680 (cls=1.0977) | lr=1.00e-04
2026-07-28 10:19:06,650 | Epoch 1080/2700 | train=2.1386 (recon=1.4742, cls=0.3490) | val=2.7300 (cls=1.1184) | lr=1.00e-04
2026-07-28 10:19:14,288 | Epoch 1090/2700 | train=2.1001 (recon=1.4296, cls=0.3444) | val=2.7227 (cls=1.1823) | lr=1.00e-04
2026-07-28 10:19:21,869 | Epoch 1100/2700 | train=2.0637 (recon=1.3988, cls=0.3098) | val=2.6769 (cls=1.1675) | lr=1.00e-04
2026-07-28 10:19:29,465 | Epoch 1110/2700 | train=2.0447 (recon=1.3851, cls=0.2855) | val=2.6307 (cls=1.2063) | lr=1.00e-04
2026-07-28 10:19:30,240 | Stopping at epoch 1111 — val cls 1.2335 exceeds best 0.9216 by >0.3
2026-07-28 10:19:30,245 | Training complete. Best val loss: 2.6294
2026-07-28 10:19:30,245 | Best cls: val=0.9216, train=0.7410
