2026-07-23 15:35:09,007 | ============================================================
2026-07-23 15:35:09,008 | Task-State BRICK Training -- POST model
2026-07-23 15:35:09,008 | num_classes=4, BETA=0.2, n_epochs=3000
2026-07-23 15:35:09,008 | Val subjects: ['fuspd12', 'fuspd08']
2026-07-23 15:35:09,008 | ============================================================
2026-07-23 15:35:09,022 | Split: 34 train | 4 val
2026-07-23 15:35:09,022 | Train label dist: {0: 8, 1: 9, 2: 9, 3: 8}
2026-07-23 15:35:09,022 | Val label dist:   {0: 1, 1: 1, 2: 1, 3: 1}
2026-07-23 15:35:09,037 | Model parameters: 554,896
2026-07-23 15:35:10,000 | Epoch    1/3000 | train=1410.9963 (recon=1763.1983, cls=1.3854) | val=145.0820 (cls=1.3911) | lr=1.00e-04
2026-07-23 15:35:10,012 |   -> New joint-best cls: val=1.3911, train=1.3854
2026-07-23 15:35:25,147 | Epoch   10/3000 | train=45.5445 (recon=55.9853, cls=1.3870) | val=42.4067 (cls=1.3955) | lr=1.00e-04
2026-07-23 15:35:46,895 | Epoch   20/3000 | train=36.6457 (recon=44.1855, cls=1.3827) | val=37.5188 (cls=1.3938) | lr=1.00e-04
2026-07-23 15:36:07,449 | Epoch   30/3000 | train=30.5677 (recon=36.3299, cls=1.3794) | val=32.8570 (cls=1.3910) | lr=1.00e-04
2026-07-23 15:36:07,474 |   -> New joint-best cls: val=1.3910, train=1.3794
2026-07-23 15:36:30,500 | Epoch   40/3000 | train=26.7360 (recon=31.4248, cls=1.3784) | val=29.2128 (cls=1.3863) | lr=1.00e-04
2026-07-23 15:36:30,516 |   -> New joint-best cls: val=1.3863, train=1.3784
2026-07-23 15:36:45,653 |   -> New joint-best cls: val=1.3830, train=1.3775
2026-07-23 15:36:48,008 | Epoch   50/3000 | train=24.0691 (recon=28.0312, cls=1.3789) | val=26.4540 (cls=1.3832) | lr=1.00e-04
2026-07-23 15:36:58,639 |   -> New joint-best cls: val=1.3828, train=1.3773
2026-07-23 15:37:06,702 | Epoch   60/3000 | train=22.1426 (recon=25.5988, cls=1.3801) | val=24.3438 (cls=1.3819) | lr=1.00e-04
2026-07-23 15:37:20,108 |   -> New joint-best cls: val=1.3816, train=1.3770
2026-07-23 15:37:24,987 | Epoch   70/3000 | train=20.2997 (recon=23.2820, cls=1.3791) | val=22.4796 (cls=1.3819) | lr=1.00e-04
2026-07-23 15:37:42,210 | Epoch   80/3000 | train=18.9063 (recon=21.5317, cls=1.3796) | val=21.3158 (cls=1.3818) | lr=1.00e-04
2026-07-23 15:37:51,497 |   -> New joint-best cls: val=1.3814, train=1.3762
2026-07-23 15:38:02,355 | Epoch   90/3000 | train=17.6034 (recon=19.8990, cls=1.3795) | val=19.4254 (cls=1.3813) | lr=1.00e-04
2026-07-23 15:38:19,060 | Epoch  100/3000 | train=16.4701 (recon=18.4812, cls=1.3761) | val=18.0487 (cls=1.3811) | lr=1.00e-04
2026-07-23 15:38:19,082 |   -> New joint-best cls: val=1.3811, train=1.3761
2026-07-23 15:38:24,207 |   -> New joint-best cls: val=1.3803, train=1.3749
2026-07-23 15:38:38,120 | Epoch  110/3000 | train=15.5807 (recon=17.3596, cls=1.3772) | val=16.6482 (cls=1.3805) | lr=1.00e-04
2026-07-23 15:38:59,284 | Epoch  120/3000 | train=14.8163 (recon=16.4041, cls=1.3774) | val=15.8928 (cls=1.3816) | lr=1.00e-04
2026-07-23 15:39:15,993 | Epoch  130/3000 | train=13.9406 (recon=15.3107, cls=1.3784) | val=15.1508 (cls=1.3809) | lr=1.00e-04
2026-07-23 15:39:28,451 | Epoch  140/3000 | train=13.3071 (recon=14.5112, cls=1.3783) | val=13.9996 (cls=1.3812) | lr=1.00e-04
2026-07-23 15:39:40,903 | Epoch  150/3000 | train=12.6149 (recon=13.6475, cls=1.3776) | val=13.6367 (cls=1.3818) | lr=1.00e-04
2026-07-23 15:39:53,141 | Epoch  160/3000 | train=12.1202 (recon=13.0277, cls=1.3740) | val=12.9603 (cls=1.3811) | lr=1.00e-04
2026-07-23 15:40:05,462 | Epoch  170/3000 | train=11.5808 (recon=12.3543, cls=1.3762) | val=12.4394 (cls=1.3833) | lr=1.00e-04
2026-07-23 15:40:16,038 | Epoch  180/3000 | train=11.1566 (recon=11.8370, cls=1.3754) | val=12.1834 (cls=1.3833) | lr=1.00e-04
2026-07-23 15:40:26,218 | Epoch  190/3000 | train=10.8323 (recon=11.4326, cls=1.3740) | val=11.5158 (cls=1.3833) | lr=1.00e-04
2026-07-23 15:40:38,294 | Epoch  200/3000 | train=10.3815 (recon=10.8642, cls=1.3744) | val=10.9904 (cls=1.3831) | lr=1.00e-04
2026-07-23 15:40:50,483 | Epoch  210/3000 | train=9.9851 (recon=10.3808, cls=1.3760) | val=10.6284 (cls=1.3830) | lr=1.00e-04
2026-07-23 15:40:58,601 | Epoch  220/3000 | train=9.6859 (recon=10.0133, cls=1.3752) | val=10.5389 (cls=1.3833) | lr=1.00e-04
2026-07-23 15:41:10,104 | Epoch  230/3000 | train=9.3911 (recon=9.6553, cls=1.3750) | val=10.0847 (cls=1.3845) | lr=1.00e-04
2026-07-23 15:41:18,063 | Epoch  240/3000 | train=9.1669 (recon=9.3823, cls=1.3733) | val=9.7773 (cls=1.3853) | lr=1.00e-04
2026-07-23 15:41:25,920 | Epoch  250/3000 | train=8.8646 (recon=9.0222, cls=1.3743) | val=9.4292 (cls=1.3852) | lr=1.00e-04
2026-07-23 15:41:33,637 | Epoch  260/3000 | train=8.6579 (recon=8.7623, cls=1.3736) | val=9.2108 (cls=1.3853) | lr=1.00e-04
2026-07-23 15:41:45,803 | Epoch  270/3000 | train=8.4179 (recon=8.4785, cls=1.3708) | val=8.9662 (cls=1.3855) | lr=1.00e-04
2026-07-23 15:41:53,410 | Epoch  280/3000 | train=8.2232 (recon=8.2426, cls=1.3730) | val=8.8504 (cls=1.3850) | lr=1.00e-04
2026-07-23 15:42:05,932 | Epoch  290/3000 | train=8.0881 (recon=8.0829, cls=1.3726) | val=8.7398 (cls=1.3850) | lr=1.00e-04
2026-07-23 15:42:13,683 | Epoch  300/3000 | train=7.9331 (recon=7.8939, cls=1.3689) | val=8.6871 (cls=1.3854) | lr=1.00e-04
2026-07-23 15:42:21,375 | Epoch  310/3000 | train=7.7482 (recon=7.6687, cls=1.3704) | val=8.4021 (cls=1.3855) | lr=1.00e-04
2026-07-23 15:42:29,178 | Epoch  320/3000 | train=7.5885 (recon=7.4845, cls=1.3693) | val=8.1224 (cls=1.3848) | lr=1.00e-04
2026-07-23 15:42:37,002 | Epoch  330/3000 | train=7.4652 (recon=7.3319, cls=1.3699) | val=7.9458 (cls=1.3846) | lr=1.00e-04
2026-07-23 15:42:46,538 | Epoch  340/3000 | train=7.2896 (recon=7.1179, cls=1.3683) | val=7.9103 (cls=1.3855) | lr=1.00e-04
2026-07-23 15:42:59,015 | Epoch  350/3000 | train=7.2017 (recon=7.0210, cls=1.3693) | val=7.7004 (cls=1.3855) | lr=1.00e-04
2026-07-23 15:43:11,461 | Epoch  360/3000 | train=7.0189 (recon=6.8075, cls=1.3687) | val=7.5555 (cls=1.3864) | lr=1.00e-04
2026-07-23 15:43:23,807 | Epoch  370/3000 | train=6.9229 (recon=6.6889, cls=1.3649) | val=7.4477 (cls=1.3861) | lr=1.00e-04
2026-07-23 15:43:36,156 | Epoch  380/3000 | train=6.7700 (recon=6.5157, cls=1.3671) | val=7.4397 (cls=1.3859) | lr=1.00e-04
2026-07-23 15:43:48,508 | Epoch  390/3000 | train=6.6736 (recon=6.3960, cls=1.3665) | val=7.2913 (cls=1.3854) | lr=1.00e-04
2026-07-23 15:44:01,143 | Epoch  400/3000 | train=6.5696 (recon=6.2759, cls=1.3663) | val=7.1191 (cls=1.3842) | lr=1.00e-04
2026-07-23 15:44:13,876 | Epoch  410/3000 | train=6.4508 (recon=6.1298, cls=1.3642) | val=6.9653 (cls=1.3850) | lr=1.00e-04
2026-07-23 15:44:22,205 | Epoch  420/3000 | train=6.3292 (recon=5.9883, cls=1.3632) | val=6.9140 (cls=1.3849) | lr=1.00e-04
2026-07-23 15:44:32,696 | Epoch  430/3000 | train=6.2458 (recon=5.8920, cls=1.3624) | val=6.8327 (cls=1.3840) | lr=1.00e-04
2026-07-23 15:44:40,398 | Epoch  440/3000 | train=6.1156 (recon=5.7347, cls=1.3619) | val=6.6814 (cls=1.3833) | lr=1.00e-04
2026-07-23 15:44:48,094 | Epoch  450/3000 | train=6.0144 (recon=5.6173, cls=1.3608) | val=6.5259 (cls=1.3836) | lr=1.00e-04
2026-07-23 15:44:55,951 | Epoch  460/3000 | train=5.9126 (recon=5.4930, cls=1.3614) | val=6.5030 (cls=1.3845) | lr=1.00e-04
2026-07-23 15:45:03,812 | Epoch  470/3000 | train=5.8422 (recon=5.4097, cls=1.3586) | val=6.4595 (cls=1.3826) | lr=1.00e-04
2026-07-23 15:45:11,776 | Epoch  480/3000 | train=5.7546 (recon=5.3115, cls=1.3586) | val=6.3606 (cls=1.3830) | lr=1.00e-04
2026-07-23 15:45:20,019 | Epoch  490/3000 | train=5.6474 (recon=5.1891, cls=1.3581) | val=6.2894 (cls=1.3832) | lr=1.00e-04
2026-07-23 15:45:28,251 | Epoch  500/3000 | train=5.5739 (recon=5.1016, cls=1.3576) | val=6.1505 (cls=1.3818) | lr=1.00e-04
2026-07-23 15:45:39,868 | Epoch  510/3000 | train=5.4829 (recon=4.9935, cls=1.3525) | val=5.9809 (cls=1.3830) | lr=1.00e-04
2026-07-23 15:45:53,836 | Epoch  520/3000 | train=5.3737 (recon=4.8725, cls=1.3544) | val=5.9659 (cls=1.3817) | lr=1.00e-04
2026-07-23 15:46:10,910 | Epoch  530/3000 | train=5.3040 (recon=4.7912, cls=1.3546) | val=5.9054 (cls=1.3825) | lr=1.00e-04
2026-07-23 15:46:29,081 | Epoch  540/3000 | train=5.2088 (recon=4.6810, cls=1.3511) | val=5.7324 (cls=1.3822) | lr=1.00e-04
2026-07-23 15:46:33,424 |   -> New joint-best cls: val=1.3802, train=1.3513
2026-07-23 15:46:38,019 |   -> New joint-best cls: val=1.3799, train=1.3512
2026-07-23 15:46:39,692 |   -> New joint-best cls: val=1.3797, train=1.3507
2026-07-23 15:46:40,584 | Epoch  550/3000 | train=5.1413 (recon=4.6046, cls=1.3508) | val=5.7256 (cls=1.3799) | lr=1.00e-04
2026-07-23 15:46:56,362 | Epoch  560/3000 | train=5.0688 (recon=4.5257, cls=1.3487) | val=5.6728 (cls=1.3799) | lr=1.00e-04
2026-07-23 15:47:01,754 |   -> New joint-best cls: val=1.3796, train=1.3497
2026-07-23 15:47:11,722 | Epoch  570/3000 | train=4.9991 (recon=4.4449, cls=1.3487) | val=5.5516 (cls=1.3800) | lr=1.00e-04
2026-07-23 15:47:15,785 |   -> New joint-best cls: val=1.3793, train=1.3488
2026-07-23 15:47:16,630 |   -> New joint-best cls: val=1.3788, train=1.3470
2026-07-23 15:47:29,329 | Epoch  580/3000 | train=4.9151 (recon=4.3485, cls=1.3442) | val=5.5262 (cls=1.3785) | lr=1.00e-04
2026-07-23 15:47:29,339 |   -> New joint-best cls: val=1.3785, train=1.3442
2026-07-23 15:47:46,374 | Epoch  590/3000 | train=4.8350 (recon=4.2535, cls=1.3455) | val=5.3902 (cls=1.3771) | lr=1.00e-04
2026-07-23 15:47:47,706 |   -> New joint-best cls: val=1.3769, train=1.3441
2026-07-23 15:48:02,842 | Epoch  600/3000 | train=4.7560 (recon=4.1626, cls=1.3457) | val=5.3246 (cls=1.3779) | lr=1.00e-04
2026-07-23 15:48:20,441 |   -> New joint-best cls: val=1.3764, train=1.3410
2026-07-23 15:48:21,368 | Epoch  610/3000 | train=4.6862 (recon=4.0817, cls=1.3398) | val=5.2129 (cls=1.3768) | lr=1.00e-04
2026-07-23 15:48:37,316 | Epoch  620/3000 | train=4.6383 (recon=4.0284, cls=1.3400) | val=5.1427 (cls=1.3767) | lr=1.00e-04
2026-07-23 15:48:44,845 |   -> New joint-best cls: val=1.3759, train=1.3379
2026-07-23 15:48:52,579 | Epoch  630/3000 | train=4.5572 (recon=3.9333, cls=1.3369) | val=5.0862 (cls=1.3769) | lr=1.00e-04
2026-07-23 15:48:56,967 |   -> New joint-best cls: val=1.3758, train=1.3374
2026-07-23 15:48:58,342 |   -> New joint-best cls: val=1.3758, train=1.3370
2026-07-23 15:49:00,944 |   -> New joint-best cls: val=1.3743, train=1.3362
2026-07-23 15:49:06,917 | Epoch  640/3000 | train=4.4935 (recon=3.8597, cls=1.3354) | val=4.9572 (cls=1.3751) | lr=1.00e-04
2026-07-23 15:49:15,856 |   -> New joint-best cls: val=1.3742, train=1.3319
2026-07-23 15:49:17,667 | Epoch  650/3000 | train=4.4267 (recon=3.7845, cls=1.3328) | val=4.9307 (cls=1.3737) | lr=1.00e-04
2026-07-23 15:49:34,967 | Epoch  660/3000 | train=4.3571 (recon=3.7016, cls=1.3332) | val=4.8483 (cls=1.3735) | lr=1.00e-04
2026-07-23 15:49:37,526 |   -> New joint-best cls: val=1.3732, train=1.3295
2026-07-23 15:49:39,146 |   -> New joint-best cls: val=1.3724, train=1.3284
2026-07-23 15:49:51,547 | Epoch  670/3000 | train=4.2889 (recon=3.6262, cls=1.3283) | val=4.7610 (cls=1.3727) | lr=1.00e-04
2026-07-23 15:49:55,473 |   -> New joint-best cls: val=1.3723, train=1.3265
2026-07-23 15:50:02,339 |   -> New joint-best cls: val=1.3721, train=1.3264
2026-07-23 15:50:04,258 |   -> New joint-best cls: val=1.3721, train=1.3253
2026-07-23 15:50:05,543 | Epoch  680/3000 | train=4.2250 (recon=3.5490, cls=1.3283) | val=4.7262 (cls=1.3720) | lr=1.00e-04
2026-07-23 15:50:06,832 |   -> New joint-best cls: val=1.3719, train=1.3250
2026-07-23 15:50:12,711 |   -> New joint-best cls: val=1.3719, train=1.3238
2026-07-23 15:50:19,723 |   -> New joint-best cls: val=1.3718, train=1.3228
2026-07-23 15:50:20,543 | Epoch  690/3000 | train=4.1757 (recon=3.4957, cls=1.3235) | val=4.6175 (cls=1.3714) | lr=1.00e-04
2026-07-23 15:50:21,412 |   -> New joint-best cls: val=1.3716, train=1.3215
2026-07-23 15:50:25,399 |   -> New joint-best cls: val=1.3710, train=1.3201
2026-07-23 15:50:31,678 |   -> New joint-best cls: val=1.3695, train=1.3200
2026-07-23 15:50:35,048 | Epoch  700/3000 | train=4.1099 (recon=3.4209, cls=1.3174) | val=4.5683 (cls=1.3696) | lr=1.00e-04
2026-07-23 15:50:39,280 |   -> New joint-best cls: val=1.3692, train=1.3192
2026-07-23 15:50:42,078 |   -> New joint-best cls: val=1.3685, train=1.3178
2026-07-23 15:50:51,815 | Epoch  710/3000 | train=4.0423 (recon=3.3410, cls=1.3151) | val=4.5008 (cls=1.3698) | lr=1.00e-04
2026-07-23 15:51:09,624 | Epoch  720/3000 | train=3.9880 (recon=3.2833, cls=1.3130) | val=4.4653 (cls=1.3694) | lr=1.00e-04
2026-07-23 15:51:12,267 |   -> New joint-best cls: val=1.3680, train=1.3112
2026-07-23 15:51:13,618 |   -> New joint-best cls: val=1.3679, train=1.3107
2026-07-23 15:51:20,080 |   -> New joint-best cls: val=1.3677, train=1.3101
2026-07-23 15:51:21,171 |   -> New joint-best cls: val=1.3672, train=1.3093
2026-07-23 15:51:22,604 |   -> New joint-best cls: val=1.3672, train=1.3086
2026-07-23 15:51:25,462 | Epoch  730/3000 | train=3.9314 (recon=3.2218, cls=1.3090) | val=4.3889 (cls=1.3667) | lr=1.00e-04
2026-07-23 15:51:28,544 |   -> New joint-best cls: val=1.3661, train=1.3077
2026-07-23 15:51:37,530 |   -> New joint-best cls: val=1.3654, train=1.3076
2026-07-23 15:51:41,731 |   -> New joint-best cls: val=1.3650, train=1.3025
2026-07-23 15:51:42,668 | Epoch  740/3000 | train=3.8643 (recon=3.1450, cls=1.3011) | val=4.3108 (cls=1.3649) | lr=1.00e-04
2026-07-23 15:51:42,674 |   -> New joint-best cls: val=1.3649, train=1.3011
2026-07-23 15:51:52,394 |   -> New joint-best cls: val=1.3647, train=1.2987
2026-07-23 15:51:56,235 | Epoch  750/3000 | train=3.8169 (recon=3.0885, cls=1.2973) | val=4.2753 (cls=1.3654) | lr=1.00e-04
2026-07-23 15:51:58,250 |   -> New joint-best cls: val=1.3646, train=1.2983
2026-07-23 15:52:04,218 |   -> New joint-best cls: val=1.3633, train=1.2956
2026-07-23 15:52:06,053 |   -> New joint-best cls: val=1.3631, train=1.2948
2026-07-23 15:52:07,943 | Epoch  760/3000 | train=3.7569 (recon=3.0205, cls=1.2951) | val=4.2051 (cls=1.3635) | lr=1.00e-04
2026-07-23 15:52:13,644 |   -> New joint-best cls: val=1.3625, train=1.2929
2026-07-23 15:52:15,763 |   -> New joint-best cls: val=1.3622, train=1.2904
2026-07-23 15:52:19,454 |   -> New joint-best cls: val=1.3619, train=1.2895
2026-07-23 15:52:22,035 | Epoch  770/3000 | train=3.7002 (recon=2.9571, cls=1.2893) | val=4.1128 (cls=1.3615) | lr=1.00e-04
2026-07-23 15:52:22,053 |   -> New joint-best cls: val=1.3615, train=1.2893
2026-07-23 15:52:23,559 |   -> New joint-best cls: val=1.3607, train=1.2887
2026-07-23 15:52:26,767 |   -> New joint-best cls: val=1.3605, train=1.2866
2026-07-23 15:52:28,603 |   -> New joint-best cls: val=1.3598, train=1.2852
2026-07-23 15:52:30,308 |   -> New joint-best cls: val=1.3596, train=1.2841
2026-07-23 15:52:35,671 | Epoch  780/3000 | train=3.6394 (recon=2.8858, cls=1.2838) | val=4.0960 (cls=1.3588) | lr=1.00e-04
2026-07-23 15:52:35,676 |   -> New joint-best cls: val=1.3588, train=1.2838
2026-07-23 15:52:37,349 |   -> New joint-best cls: val=1.3583, train=1.2802
2026-07-23 15:52:44,070 |   -> New joint-best cls: val=1.3580, train=1.2782
2026-07-23 15:52:45,309 |   -> New joint-best cls: val=1.3578, train=1.2771
2026-07-23 15:52:50,586 | Epoch  790/3000 | train=3.5959 (recon=2.8368, cls=1.2759) | val=4.0312 (cls=1.3577) | lr=1.00e-04
2026-07-23 15:52:50,596 |   -> New joint-best cls: val=1.3577, train=1.2759
2026-07-23 15:52:52,246 |   -> New joint-best cls: val=1.3575, train=1.2753
2026-07-23 15:53:01,712 |   -> New joint-best cls: val=1.3575, train=1.2705
2026-07-23 15:53:04,882 | Epoch  800/3000 | train=3.5525 (recon=2.7870, cls=1.2684) | val=3.9532 (cls=1.3569) | lr=1.00e-04
2026-07-23 15:53:04,889 |   -> New joint-best cls: val=1.3569, train=1.2684
2026-07-23 15:53:07,965 |   -> New joint-best cls: val=1.3555, train=1.2684
2026-07-23 15:53:09,251 |   -> New joint-best cls: val=1.3542, train=1.2671
2026-07-23 15:53:13,494 |   -> New joint-best cls: val=1.3535, train=1.2621
2026-07-23 15:53:15,950 |   -> New joint-best cls: val=1.3533, train=1.2619
2026-07-23 15:53:19,243 | Epoch  810/3000 | train=3.5037 (recon=2.7339, cls=1.2563) | val=3.9117 (cls=1.3544) | lr=1.00e-04
2026-07-23 15:53:30,766 |   -> New joint-best cls: val=1.3532, train=1.2524
2026-07-23 15:53:32,017 |   -> New joint-best cls: val=1.3525, train=1.2508
2026-07-23 15:53:34,643 |   -> New joint-best cls: val=1.3521, train=1.2495
2026-07-23 15:53:36,854 | Epoch  820/3000 | train=3.4505 (recon=2.6717, cls=1.2501) | val=3.8763 (cls=1.3506) | lr=1.00e-04
2026-07-23 15:53:38,222 |   -> New joint-best cls: val=1.3499, train=1.2462
2026-07-23 15:53:45,013 |   -> New joint-best cls: val=1.3488, train=1.2457
2026-07-23 15:53:46,281 |   -> New joint-best cls: val=1.3484, train=1.2445
2026-07-23 15:53:49,609 | Epoch  830/3000 | train=3.3913 (recon=2.6073, cls=1.2355) | val=3.7928 (cls=1.3498) | lr=1.00e-04
2026-07-23 15:54:02,641 |   -> New joint-best cls: val=1.3477, train=1.2288
2026-07-23 15:54:05,593 |   -> New joint-best cls: val=1.3462, train=1.2287
2026-07-23 15:54:08,895 | Epoch  840/3000 | train=3.3561 (recon=2.5718, cls=1.2253) | val=3.7195 (cls=1.3471) | lr=1.00e-04
2026-07-23 15:54:16,296 |   -> New joint-best cls: val=1.3461, train=1.2183
2026-07-23 15:54:19,383 |   -> New joint-best cls: val=1.3444, train=1.2161
2026-07-23 15:54:20,527 |   -> New joint-best cls: val=1.3426, train=1.2135
2026-07-23 15:54:24,092 | Epoch  850/3000 | train=3.3062 (recon=2.5169, cls=1.2119) | val=3.7052 (cls=1.3438) | lr=1.00e-04
2026-07-23 15:54:31,893 |   -> New joint-best cls: val=1.3421, train=1.2060
2026-07-23 15:54:33,316 |   -> New joint-best cls: val=1.3421, train=1.2049
2026-07-23 15:54:35,056 |   -> New joint-best cls: val=1.3420, train=1.1980
2026-07-23 15:54:39,188 |   -> New joint-best cls: val=1.3403, train=1.1960
2026-07-23 15:54:40,010 | Epoch  860/3000 | train=3.2567 (recon=2.4632, cls=1.1976) | val=3.6480 (cls=1.3399) | lr=1.00e-04
2026-07-23 15:54:46,373 |   -> New joint-best cls: val=1.3402, train=1.1852
2026-07-23 15:54:49,987 |   -> New joint-best cls: val=1.3377, train=1.1840
2026-07-23 15:54:51,653 |   -> New joint-best cls: val=1.3373, train=1.1748
2026-07-23 15:54:54,013 | Epoch  870/3000 | train=3.2098 (recon=2.4176, cls=1.1750) | val=3.5995 (cls=1.3379) | lr=1.00e-04
2026-07-23 15:54:54,876 |   -> New joint-best cls: val=1.3360, train=1.1725
2026-07-23 15:54:56,528 |   -> New joint-best cls: val=1.3358, train=1.1669
2026-07-23 15:54:59,075 |   -> New joint-best cls: val=1.3347, train=1.1629
2026-07-23 15:55:03,598 |   -> New joint-best cls: val=1.3340, train=1.1589
2026-07-23 15:55:05,215 | Epoch  880/3000 | train=3.1637 (recon=2.3701, cls=1.1509) | val=3.5741 (cls=1.3335) | lr=1.00e-04
2026-07-23 15:55:05,221 |   -> New joint-best cls: val=1.3335, train=1.1509
2026-07-23 15:55:06,890 |   -> New joint-best cls: val=1.3316, train=1.1479
2026-07-23 15:55:17,764 |   -> New joint-best cls: val=1.3314, train=1.1355
2026-07-23 15:55:20,628 | Epoch  890/3000 | train=3.1300 (recon=2.3396, cls=1.1315) | val=3.5418 (cls=1.3307) | lr=1.00e-04
2026-07-23 15:55:20,635 |   -> New joint-best cls: val=1.3307, train=1.1315
2026-07-23 15:55:23,171 |   -> New joint-best cls: val=1.3295, train=1.1196
2026-07-23 15:55:27,752 |   -> New joint-best cls: val=1.3260, train=1.1161
2026-07-23 15:55:34,627 | Epoch  900/3000 | train=3.0678 (recon=2.2747, cls=1.0957) | val=3.4859 (cls=1.3284) | lr=1.00e-04
2026-07-23 15:55:35,428 |   -> New joint-best cls: val=1.3214, train=1.0966
2026-07-23 15:55:38,383 |   -> New joint-best cls: val=1.3196, train=1.0918
2026-07-23 15:55:44,185 |   -> New joint-best cls: val=1.3185, train=1.0760
2026-07-23 15:55:50,229 | Epoch  910/3000 | train=3.0204 (recon=2.2284, cls=1.0710) | val=3.4210 (cls=1.3290) | lr=1.00e-04
2026-07-23 15:55:54,741 |   -> New joint-best cls: val=1.3176, train=1.0527
2026-07-23 15:55:58,139 |   -> New joint-best cls: val=1.3102, train=1.0525
2026-07-23 15:56:05,552 | Epoch  920/3000 | train=2.9916 (recon=2.2030, cls=1.0393) | val=3.3882 (cls=1.3098) | lr=1.00e-04
2026-07-23 15:56:05,562 |   -> New joint-best cls: val=1.3098, train=1.0393
2026-07-23 15:56:13,194 |   -> New joint-best cls: val=1.3058, train=1.0102
2026-07-23 15:56:17,551 | Epoch  930/3000 | train=2.9316 (recon=2.1475, cls=0.9879) | val=3.3365 (cls=1.3149) | lr=1.00e-04
2026-07-23 15:56:21,513 |   -> New joint-best cls: val=1.3055, train=0.9635
2026-07-23 15:56:23,151 |   -> New joint-best cls: val=1.3010, train=0.9595
2026-07-23 15:56:25,646 |   -> New joint-best cls: val=1.2984, train=0.9445
2026-07-23 15:56:26,457 | Epoch  940/3000 | train=2.8972 (recon=2.1211, cls=0.9399) | val=3.2622 (cls=1.3016) | lr=1.00e-04
2026-07-23 15:56:28,311 |   -> New joint-best cls: val=1.2966, train=0.9387
2026-07-23 15:56:30,892 |   -> New joint-best cls: val=1.2912, train=0.9151
2026-07-23 15:56:34,964 | Epoch  950/3000 | train=2.8445 (recon=2.0690, cls=0.8963) | val=3.2280 (cls=1.2899) | lr=1.00e-04
2026-07-23 15:56:34,974 |   -> New joint-best cls: val=1.2899, train=0.8963
2026-07-23 15:56:50,919 |   -> New joint-best cls: val=1.2791, train=0.8552
2026-07-23 15:56:53,115 | Epoch  960/3000 | train=2.8078 (recon=2.0369, cls=0.8595) | val=3.2227 (cls=1.2917) | lr=1.00e-04
2026-07-23 15:56:56,077 |   -> New joint-best cls: val=1.2534, train=0.8432
2026-07-23 15:57:13,976 | Epoch  970/3000 | train=2.7710 (recon=2.0104, cls=0.8088) | val=3.1360 (cls=1.2691) | lr=1.00e-04
2026-07-23 15:57:29,806 |   -> New joint-best cls: val=1.2477, train=0.7655
2026-07-23 15:57:33,849 | Epoch  980/3000 | train=2.7331 (recon=1.9814, cls=0.7543) | val=3.1061 (cls=1.2381) | lr=1.00e-04
2026-07-23 15:57:33,872 |   -> New joint-best cls: val=1.2381, train=0.7543
2026-07-23 15:57:43,284 |   -> New joint-best cls: val=1.2356, train=0.7407
2026-07-23 15:57:54,882 | Epoch  990/3000 | train=2.6684 (recon=1.9213, cls=0.7081) | val=3.0413 (cls=1.2185) | lr=1.00e-04
2026-07-23 15:57:54,904 |   -> New joint-best cls: val=1.2185, train=0.7081
2026-07-23 15:58:02,904 |   -> New joint-best cls: val=1.2166, train=0.6924
2026-07-23 15:58:10,422 |   -> New joint-best cls: val=1.2001, train=0.6789
2026-07-23 15:58:16,345 | Epoch 1000/3000 | train=2.6416 (recon=1.8991, cls=0.6768) | val=3.0339 (cls=1.2374) | lr=1.00e-04
2026-07-23 15:58:39,304 | Epoch 1010/3000 | train=2.6074 (recon=1.8730, cls=0.6307) | val=3.0055 (cls=1.2021) | lr=1.00e-04
2026-07-23 15:58:41,191 |   -> New joint-best cls: val=1.1996, train=0.6245
2026-07-23 15:58:52,031 |   -> New joint-best cls: val=1.1804, train=0.6060
2026-07-23 15:59:00,786 | Epoch 1020/3000 | train=2.5541 (recon=1.8221, cls=0.5858) | val=2.9408 (cls=1.1775) | lr=1.00e-04
2026-07-23 15:59:00,797 |   -> New joint-best cls: val=1.1775, train=0.5858
2026-07-23 15:59:16,911 |   -> New joint-best cls: val=1.1630, train=0.5493
2026-07-23 15:59:19,691 | Epoch 1030/3000 | train=2.5247 (recon=1.8038, cls=0.5427) | val=2.9051 (cls=1.1978) | lr=1.00e-04
2026-07-23 15:59:25,502 |   -> New joint-best cls: val=1.1446, train=0.5290
2026-07-23 15:59:36,856 |   -> New joint-best cls: val=1.1104, train=0.5088
2026-07-23 15:59:38,276 | Epoch 1040/3000 | train=2.4948 (recon=1.7836, cls=0.5027) | val=2.8645 (cls=1.1976) | lr=1.00e-04
2026-07-23 15:59:56,706 | Epoch 1050/3000 | train=2.4430 (recon=1.7311, cls=0.4678) | val=2.8480 (cls=1.2425) | lr=1.00e-04
2026-07-23 16:00:17,772 | Epoch 1060/3000 | train=2.4084 (recon=1.7033, cls=0.4338) | val=2.8239 (cls=1.1985) | lr=1.00e-04
2026-07-23 16:00:22,249 |   -> New joint-best cls: val=1.0949, train=0.4350
2026-07-23 16:00:38,491 | Epoch 1070/3000 | train=2.3705 (recon=1.6707, cls=0.4019) | val=2.7297 (cls=1.1785) | lr=1.00e-04
2026-07-23 16:01:00,651 | Epoch 1080/3000 | train=2.3275 (recon=1.6317, cls=0.3643) | val=2.7134 (cls=1.1398) | lr=1.00e-04
2026-07-23 16:01:05,057 |   -> New joint-best cls: val=1.0628, train=0.3616
2026-07-23 16:01:21,888 | Epoch 1090/3000 | train=2.2898 (recon=1.6014, cls=0.3310) | val=2.6519 (cls=1.1055) | lr=1.00e-04
2026-07-23 16:01:43,555 | Epoch 1100/3000 | train=2.2698 (recon=1.5884, cls=0.3033) | val=2.6217 (cls=1.1129) | lr=1.00e-04
2026-07-23 16:01:57,253 |   -> New joint-best cls: val=1.0517, train=0.2879
2026-07-23 16:02:06,556 | Epoch 1110/3000 | train=2.2353 (recon=1.5578, cls=0.2764) | val=2.5931 (cls=1.0574) | lr=1.00e-04
2026-07-23 16:02:09,339 |   -> New joint-best cls: val=1.0443, train=0.2745
2026-07-23 16:02:12,778 |   -> New joint-best cls: val=1.0176, train=0.2700
2026-07-23 16:02:22,499 |   -> New joint-best cls: val=1.0121, train=0.2601
2026-07-23 16:02:32,386 | Epoch 1120/3000 | train=2.1833 (recon=1.5049, cls=0.2544) | val=2.5494 (cls=1.0737) | lr=1.00e-04
2026-07-23 16:02:37,249 |   -> New joint-best cls: val=1.0051, train=0.2397
2026-07-23 16:02:53,488 | Epoch 1130/3000 | train=2.1600 (recon=1.4855, cls=0.2231) | val=2.4980 (cls=1.0474) | lr=1.00e-04
2026-07-23 16:03:00,423 |   -> New joint-best cls: val=0.9772, train=0.2154
2026-07-23 16:03:15,447 | Epoch 1140/3000 | train=2.1183 (recon=1.4431, cls=0.2057) | val=2.4365 (cls=0.9598) | lr=1.00e-04
2026-07-23 16:03:15,461 |   -> New joint-best cls: val=0.9598, train=0.2057
2026-07-23 16:03:38,894 | Epoch 1150/3000 | train=2.0918 (recon=1.4199, cls=0.1811) | val=2.4305 (cls=1.0998) | lr=1.00e-04
2026-07-23 16:04:00,459 | Epoch 1160/3000 | train=2.0664 (recon=1.3949, cls=0.1660) | val=2.4220 (cls=1.0212) | lr=1.00e-04
2026-07-23 16:04:15,140 |   -> New joint-best cls: val=0.9429, train=0.1592
2026-07-23 16:04:19,279 | Epoch 1170/3000 | train=2.0290 (recon=1.3555, cls=0.1498) | val=2.3770 (cls=1.0420) | lr=1.00e-04
2026-07-23 16:04:42,628 | Epoch 1180/3000 | train=1.9978 (recon=1.3236, cls=0.1397) | val=2.3172 (cls=1.0131) | lr=1.00e-04
2026-07-23 16:05:02,416 | Epoch 1190/3000 | train=1.9872 (recon=1.3169, cls=0.1269) | val=2.2652 (cls=0.9705) | lr=1.00e-04
2026-07-23 16:05:23,891 | Epoch 1200/3000 | train=1.9520 (recon=1.2824, cls=0.1172) | val=2.2760 (cls=1.0038) | lr=1.00e-04
2026-07-23 16:05:42,687 | Epoch 1210/3000 | train=1.9319 (recon=1.2621, cls=0.1164) | val=2.2039 (cls=0.9404) | lr=1.00e-04
2026-07-23 16:05:42,712 |   -> New joint-best cls: val=0.9404, train=0.1164
2026-07-23 16:05:49,393 | Stopping at epoch 1213 — val cls 1.1679 exceeds best 0.9404 by >0.2
2026-07-23 16:05:49,403 | Training complete. Best val loss: 2.2039
2026-07-23 16:05:49,403 | Best cls: val=0.9404, train=0.1164
2026-07-28 10:19:30,245 | ============================================================
2026-07-28 10:19:30,247 | Task-State BRICK Training -- POST model
2026-07-28 10:19:30,247 | num_classes=4, BETA=0.2, n_epochs=2700
2026-07-28 10:19:30,247 | Val subjects: ['fuspd23', 'fuspd20']
2026-07-28 10:19:30,247 | ============================================================
2026-07-28 10:19:30,255 | Split: 34 train | 4 val
2026-07-28 10:19:30,255 | Train label dist: {0: 8, 1: 9, 2: 9, 3: 8}
2026-07-28 10:19:30,255 | Val label dist:   {0: 1, 1: 1, 2: 1, 3: 1}
2026-07-28 10:19:30,260 | Model parameters: 554,896
2026-07-28 10:19:31,044 | Epoch    1/2700 | train=955.9933 (recon=1194.4274, cls=1.4352) | val=106.8247 (cls=1.4170) | lr=1.00e-04
2026-07-28 10:19:31,054 |   -> New joint-best cls: val=1.4170, train=1.4352
2026-07-28 10:19:31,830 |   -> New joint-best cls: val=1.4097, train=1.4310
2026-07-28 10:19:32,611 |   -> New joint-best cls: val=1.4048, train=1.4250
2026-07-28 10:19:33,390 |   -> New joint-best cls: val=1.4004, train=1.4103
2026-07-28 10:19:35,698 |   -> New joint-best cls: val=1.3967, train=1.4093
2026-07-28 10:19:37,232 |   -> New joint-best cls: val=1.3940, train=1.4065
2026-07-28 10:19:37,992 | Epoch   10/2700 | train=47.3306 (recon=58.1705, cls=1.4041) | val=44.6192 (cls=1.3949) | lr=1.00e-04
2026-07-28 10:19:38,774 |   -> New joint-best cls: val=1.3924, train=1.3993
2026-07-28 10:19:41,877 |   -> New joint-best cls: val=1.3913, train=1.3985
2026-07-28 10:19:42,654 |   -> New joint-best cls: val=1.3905, train=1.3964
2026-07-28 10:19:44,209 |   -> New joint-best cls: val=1.3887, train=1.3936
2026-07-28 10:19:45,747 | Epoch   20/2700 | train=37.5973 (recon=45.3039, cls=1.3952) | val=39.7859 (cls=1.3874) | lr=1.00e-04
2026-07-28 10:19:46,534 |   -> New joint-best cls: val=1.3857, train=1.3918
2026-07-28 10:19:48,108 |   -> New joint-best cls: val=1.3854, train=1.3910
2026-07-28 10:19:48,901 |   -> New joint-best cls: val=1.3851, train=1.3898
2026-07-28 10:19:53,477 | Epoch   30/2700 | train=30.9285 (recon=36.7274, cls=1.3882) | val=33.9870 (cls=1.3837) | lr=1.00e-04
2026-07-28 10:19:53,487 |   -> New joint-best cls: val=1.3837, train=1.3882
2026-07-28 10:19:55,775 |   -> New joint-best cls: val=1.3834, train=1.3868
2026-07-28 10:20:01,323 |   -> New joint-best cls: val=1.3828, train=1.3858
2026-07-28 10:20:02,110 | Epoch   40/2700 | train=27.2169 (recon=32.0020, cls=1.3896) | val=31.0678 (cls=1.3831) | lr=1.00e-04
2026-07-28 10:20:03,687 |   -> New joint-best cls: val=1.3827, train=1.3848
2026-07-28 10:20:09,892 | Epoch   50/2700 | train=24.8277 (recon=28.9820, cls=1.3849) | val=28.7938 (cls=1.3817) | lr=1.00e-04
2026-07-28 10:20:10,765 |   -> New joint-best cls: val=1.3825, train=1.3841
2026-07-28 10:20:11,564 |   -> New joint-best cls: val=1.3823, train=1.3838
2026-07-28 10:20:17,749 | Epoch   60/2700 | train=22.9009 (recon=26.5519, cls=1.3853) | val=27.1387 (cls=1.3837) | lr=1.00e-04
2026-07-28 10:20:25,432 | Epoch   70/2700 | train=20.7526 (recon=23.8594, cls=1.3858) | val=24.3013 (cls=1.3842) | lr=1.00e-04
2026-07-28 10:20:33,305 | Epoch   80/2700 | train=19.4736 (recon=22.2614, cls=1.3835) | val=23.0591 (cls=1.3835) | lr=1.00e-04
2026-07-28 10:20:41,288 | Epoch   90/2700 | train=18.1918 (recon=20.6546, cls=1.3825) | val=21.7850 (cls=1.3845) | lr=1.00e-04
2026-07-28 10:20:51,146 | Epoch  100/2700 | train=17.1076 (recon=19.3041, cls=1.3822) | val=20.7266 (cls=1.3850) | lr=1.00e-04
2026-07-28 10:20:59,405 | Epoch  110/2700 | train=16.0105 (recon=17.9322, cls=1.3788) | val=19.5254 (cls=1.3850) | lr=1.00e-04
2026-07-28 10:21:07,155 | Epoch  120/2700 | train=15.1285 (recon=16.8266, cls=1.3808) | val=18.5673 (cls=1.3877) | lr=1.00e-04
2026-07-28 10:21:17,115 | Epoch  130/2700 | train=14.3117 (recon=15.8157, cls=1.3757) | val=17.6000 (cls=1.3877) | lr=1.00e-04
2026-07-28 10:21:29,350 | Epoch  140/2700 | train=13.6074 (recon=14.9411, cls=1.3806) | val=16.7399 (cls=1.3862) | lr=1.00e-04
2026-07-28 10:21:37,473 | Epoch  150/2700 | train=12.8427 (recon=13.9823, cls=1.3798) | val=15.7425 (cls=1.3866) | lr=1.00e-04
2026-07-28 10:21:45,054 | Epoch  160/2700 | train=12.2583 (recon=13.2590, cls=1.3774) | val=15.1886 (cls=1.3861) | lr=1.00e-04
2026-07-28 10:21:52,646 | Epoch  170/2700 | train=11.8210 (recon=12.7056, cls=1.3768) | val=14.7278 (cls=1.3876) | lr=1.00e-04
2026-07-28 10:22:02,114 | Epoch  180/2700 | train=11.2283 (recon=11.9760, cls=1.3783) | val=13.8686 (cls=1.3875) | lr=1.00e-04
2026-07-28 10:22:12,087 | Epoch  190/2700 | train=10.9125 (recon=11.5814, cls=1.3748) | val=13.5810 (cls=1.3874) | lr=1.00e-04
2026-07-28 10:22:20,881 | Epoch  200/2700 | train=10.4751 (recon=11.0431, cls=1.3767) | val=12.9323 (cls=1.3870) | lr=1.00e-04
2026-07-28 10:22:32,106 | Epoch  210/2700 | train=10.0706 (recon=10.5494, cls=1.3756) | val=12.8851 (cls=1.3859) | lr=1.00e-04
2026-07-28 10:22:44,765 | Epoch  220/2700 | train=9.7746 (recon=10.1853, cls=1.3751) | val=12.3542 (cls=1.3861) | lr=1.00e-04
2026-07-28 10:22:57,165 | Epoch  230/2700 | train=9.4912 (recon=9.8335, cls=1.3735) | val=11.9296 (cls=1.3852) | lr=1.00e-04
2026-07-28 10:23:09,551 | Epoch  240/2700 | train=9.1383 (recon=9.3982, cls=1.3745) | val=11.6215 (cls=1.3855) | lr=1.00e-04
2026-07-28 10:23:18,959 | Epoch  250/2700 | train=8.9062 (recon=9.1311, cls=1.3737) | val=11.3743 (cls=1.3866) | lr=1.00e-04
2026-07-28 10:23:26,476 | Epoch  260/2700 | train=8.7349 (recon=8.9163, cls=1.3710) | val=11.1736 (cls=1.3851) | lr=1.00e-04
2026-07-28 10:23:34,012 | Epoch  270/2700 | train=8.4572 (recon=8.5745, cls=1.3689) | val=10.8670 (cls=1.3856) | lr=1.00e-04
2026-07-28 10:23:41,508 | Epoch  280/2700 | train=8.2502 (recon=8.3241, cls=1.3696) | val=10.7385 (cls=1.3839) | lr=1.00e-04
2026-07-28 10:23:53,345 | Epoch  290/2700 | train=8.0786 (recon=8.1235, cls=1.3699) | val=10.3272 (cls=1.3838) | lr=1.00e-04
2026-07-28 10:24:04,617 | Epoch  300/2700 | train=7.8823 (recon=7.8756, cls=1.3690) | val=10.1480 (cls=1.3848) | lr=1.00e-04
2026-07-28 10:24:12,188 | Epoch  310/2700 | train=7.6981 (recon=7.6705, cls=1.3671) | val=9.9144 (cls=1.3844) | lr=1.00e-04
2026-07-28 10:24:19,757 | Epoch  320/2700 | train=7.5685 (recon=7.5146, cls=1.3663) | val=9.8053 (cls=1.3866) | lr=1.00e-04
2026-07-28 10:24:27,356 | Epoch  330/2700 | train=7.4022 (recon=7.3141, cls=1.3639) | val=9.6237 (cls=1.3851) | lr=1.00e-04
2026-07-28 10:24:35,013 | Epoch  340/2700 | train=7.2608 (recon=7.1429, cls=1.3617) | val=9.4376 (cls=1.3850) | lr=1.00e-04
2026-07-28 10:24:42,654 | Epoch  350/2700 | train=7.1318 (recon=6.9973, cls=1.3614) | val=9.2642 (cls=1.3860) | lr=1.00e-04
2026-07-28 10:24:50,297 | Epoch  360/2700 | train=7.0221 (recon=6.8721, cls=1.3608) | val=9.2206 (cls=1.3861) | lr=1.00e-04
2026-07-28 10:24:58,072 | Epoch  370/2700 | train=6.8937 (recon=6.7169, cls=1.3604) | val=9.0309 (cls=1.3877) | lr=1.00e-04
2026-07-28 10:25:05,725 | Epoch  380/2700 | train=6.7213 (recon=6.5094, cls=1.3573) | val=8.8630 (cls=1.3878) | lr=1.00e-04
2026-07-28 10:25:13,387 | Epoch  390/2700 | train=6.6010 (recon=6.3688, cls=1.3562) | val=8.6987 (cls=1.3878) | lr=1.00e-04
2026-07-28 10:25:21,187 | Epoch  400/2700 | train=6.4936 (recon=6.2465, cls=1.3569) | val=8.6145 (cls=1.3878) | lr=1.00e-04
2026-07-28 10:25:33,645 | Epoch  410/2700 | train=6.4330 (recon=6.1783, cls=1.3546) | val=8.5940 (cls=1.3878) | lr=1.00e-04
2026-07-28 10:25:43,178 | Epoch  420/2700 | train=6.2842 (recon=6.0077, cls=1.3513) | val=8.3036 (cls=1.3893) | lr=1.00e-04
2026-07-28 10:25:55,387 | Epoch  430/2700 | train=6.1927 (recon=5.8956, cls=1.3509) | val=8.2780 (cls=1.3887) | lr=1.00e-04
2026-07-28 10:26:07,729 | Epoch  440/2700 | train=6.0746 (recon=5.7577, cls=1.3501) | val=8.1830 (cls=1.3890) | lr=1.00e-04
2026-07-28 10:26:19,985 | Epoch  450/2700 | train=5.9853 (recon=5.6541, cls=1.3464) | val=8.0249 (cls=1.3904) | lr=1.00e-04
2026-07-28 10:26:32,286 | Epoch  460/2700 | train=5.8792 (recon=5.5324, cls=1.3464) | val=7.8843 (cls=1.3914) | lr=1.00e-04
2026-07-28 10:26:44,510 | Epoch  470/2700 | train=5.7935 (recon=5.4227, cls=1.3443) | val=7.8382 (cls=1.3909) | lr=1.00e-04
2026-07-28 10:26:56,697 | Epoch  480/2700 | train=5.7244 (recon=5.3488, cls=1.3446) | val=7.6384 (cls=1.3924) | lr=1.00e-04
2026-07-28 10:27:08,891 | Epoch  490/2700 | train=5.6563 (recon=5.2670, cls=1.3385) | val=7.6409 (cls=1.3929) | lr=1.00e-04
2026-07-28 10:27:21,086 | Epoch  500/2700 | train=5.5299 (recon=5.1179, cls=1.3395) | val=7.4735 (cls=1.3931) | lr=1.00e-04
2026-07-28 10:27:33,413 | Epoch  510/2700 | train=5.4445 (recon=5.0161, cls=1.3358) | val=7.4137 (cls=1.3945) | lr=1.00e-04
2026-07-28 10:27:45,718 | Epoch  520/2700 | train=5.3764 (recon=4.9331, cls=1.3343) | val=7.3208 (cls=1.3934) | lr=1.00e-04
2026-07-28 10:27:58,001 | Epoch  530/2700 | train=5.2785 (recon=4.8209, cls=1.3305) | val=7.2113 (cls=1.3933) | lr=1.00e-04
2026-07-28 10:28:10,281 | Epoch  540/2700 | train=5.2009 (recon=4.7323, cls=1.3293) | val=7.0371 (cls=1.3956) | lr=1.00e-04
2026-07-28 10:28:22,575 | Epoch  550/2700 | train=5.1297 (recon=4.6473, cls=1.3272) | val=7.0524 (cls=1.3957) | lr=1.00e-04
2026-07-28 10:28:34,854 | Epoch  560/2700 | train=5.0637 (recon=4.5742, cls=1.3233) | val=6.8867 (cls=1.3961) | lr=1.00e-04
2026-07-28 10:28:47,151 | Epoch  570/2700 | train=4.9687 (recon=4.4637, cls=1.3200) | val=6.7770 (cls=1.3960) | lr=1.00e-04
2026-07-28 10:28:59,483 | Epoch  580/2700 | train=4.9111 (recon=4.3976, cls=1.3188) | val=6.7566 (cls=1.3965) | lr=1.00e-04
2026-07-28 10:29:11,770 | Epoch  590/2700 | train=4.8031 (recon=4.2676, cls=1.3115) | val=6.5889 (cls=1.3983) | lr=1.00e-04
2026-07-28 10:29:24,051 | Epoch  600/2700 | train=4.7581 (recon=4.2159, cls=1.3100) | val=6.5145 (cls=1.3964) | lr=1.00e-04
2026-07-28 10:29:36,441 | Epoch  610/2700 | train=4.7041 (recon=4.1558, cls=1.3091) | val=6.4709 (cls=1.3979) | lr=1.00e-04
2026-07-28 10:29:48,834 | Epoch  620/2700 | train=4.6137 (recon=4.0471, cls=1.2990) | val=6.4057 (cls=1.3975) | lr=1.00e-04
2026-07-28 10:29:57,295 | Epoch  630/2700 | train=4.5787 (recon=4.0108, cls=1.2977) | val=6.3107 (cls=1.3983) | lr=1.00e-04
2026-07-28 10:30:04,897 | Epoch  640/2700 | train=4.5024 (recon=3.9230, cls=1.2935) | val=6.1757 (cls=1.3982) | lr=1.00e-04
2026-07-28 10:30:12,465 | Epoch  650/2700 | train=4.4043 (recon=3.8110, cls=1.2861) | val=6.0476 (cls=1.3992) | lr=1.00e-04
2026-07-28 10:30:20,005 | Epoch  660/2700 | train=4.3494 (recon=3.7477, cls=1.2813) | val=5.9898 (cls=1.3986) | lr=1.00e-04
2026-07-28 10:30:28,191 | Epoch  670/2700 | train=4.3052 (recon=3.6997, cls=1.2766) | val=5.9411 (cls=1.3977) | lr=1.00e-04
2026-07-28 10:30:38,137 | Epoch  680/2700 | train=4.2387 (recon=3.6178, cls=1.2670) | val=5.8186 (cls=1.3965) | lr=1.00e-04
2026-07-28 10:30:45,876 | Epoch  690/2700 | train=4.1722 (recon=3.5497, cls=1.2585) | val=5.7451 (cls=1.3958) | lr=1.00e-04
2026-07-28 10:30:53,922 | Epoch  700/2700 | train=4.1181 (recon=3.4840, cls=1.2545) | val=5.6892 (cls=1.3959) | lr=1.00e-04
2026-07-28 10:31:01,921 | Epoch  710/2700 | train=4.0623 (recon=3.4216, cls=1.2431) | val=5.6224 (cls=1.3929) | lr=1.00e-04
2026-07-28 10:31:09,579 | Epoch  720/2700 | train=3.9930 (recon=3.3405, cls=1.2362) | val=5.5164 (cls=1.3891) | lr=1.00e-04
2026-07-28 10:31:17,400 | Epoch  730/2700 | train=3.9426 (recon=3.2918, cls=1.2231) | val=5.4329 (cls=1.3881) | lr=1.00e-04
2026-07-28 10:31:25,177 | Epoch  740/2700 | train=3.8860 (recon=3.2260, cls=1.2111) | val=5.3718 (cls=1.3832) | lr=1.00e-04
2026-07-28 10:31:26,015 |   -> New joint-best cls: val=1.3823, train=1.2093
2026-07-28 10:31:27,620 |   -> New joint-best cls: val=1.3817, train=1.2028
2026-07-28 10:31:29,199 |   -> New joint-best cls: val=1.3799, train=1.2004
2026-07-28 10:31:31,568 |   -> New joint-best cls: val=1.3779, train=1.1988
2026-07-28 10:31:33,142 | Epoch  750/2700 | train=3.8313 (recon=3.1681, cls=1.1985) | val=5.3253 (cls=1.3774) | lr=1.00e-04
2026-07-28 10:31:33,149 |   -> New joint-best cls: val=1.3774, train=1.1985
2026-07-28 10:31:36,541 |   -> New joint-best cls: val=1.3771, train=1.1925
2026-07-28 10:31:37,328 |   -> New joint-best cls: val=1.3766, train=1.1846
2026-07-28 10:31:38,134 |   -> New joint-best cls: val=1.3759, train=1.1814
2026-07-28 10:31:40,197 |   -> New joint-best cls: val=1.3741, train=1.1811
2026-07-28 10:31:42,275 | Epoch  760/2700 | train=3.7612 (recon=3.0895, cls=1.1811) | val=5.2228 (cls=1.3738) | lr=1.00e-04
2026-07-28 10:31:43,836 |   -> New joint-best cls: val=1.3738, train=1.1795
2026-07-28 10:31:45,242 |   -> New joint-best cls: val=1.3714, train=1.1768
2026-07-28 10:31:46,019 |   -> New joint-best cls: val=1.3706, train=1.1750
2026-07-28 10:31:47,879 |   -> New joint-best cls: val=1.3686, train=1.1748
2026-07-28 10:31:48,679 |   -> New joint-best cls: val=1.3665, train=1.1706
2026-07-28 10:31:49,479 |   -> New joint-best cls: val=1.3662, train=1.1662
2026-07-28 10:31:50,273 |   -> New joint-best cls: val=1.3661, train=1.1629
2026-07-28 10:31:51,865 | Epoch  770/2700 | train=3.7138 (recon=3.0383, cls=1.1694) | val=5.1415 (cls=1.3648) | lr=1.00e-04
2026-07-28 10:31:52,659 |   -> New joint-best cls: val=1.3637, train=1.1580
2026-07-28 10:31:53,446 |   -> New joint-best cls: val=1.3627, train=1.1559
2026-07-28 10:31:55,796 |   -> New joint-best cls: val=1.3623, train=1.1521
2026-07-28 10:31:56,591 |   -> New joint-best cls: val=1.3606, train=1.1460
2026-07-28 10:31:58,186 |   -> New joint-best cls: val=1.3606, train=1.1426
2026-07-28 10:32:00,064 | Epoch  780/2700 | train=3.6594 (recon=2.9808, cls=1.1431) | val=5.0827 (cls=1.3591) | lr=1.00e-04
2026-07-28 10:32:00,916 |   -> New joint-best cls: val=1.3556, train=1.1362
2026-07-28 10:32:03,366 |   -> New joint-best cls: val=1.3533, train=1.1291
2026-07-28 10:32:08,194 | Epoch  790/2700 | train=3.6173 (recon=2.9346, cls=1.1214) | val=5.0244 (cls=1.3502) | lr=1.00e-04
2026-07-28 10:32:08,200 |   -> New joint-best cls: val=1.3502, train=1.1214
2026-07-28 10:32:08,972 |   -> New joint-best cls: val=1.3474, train=1.1175
2026-07-28 10:32:10,508 |   -> New joint-best cls: val=1.3455, train=1.1044
2026-07-28 10:32:12,871 |   -> New joint-best cls: val=1.3400, train=1.1040
2026-07-28 10:32:13,691 |   -> New joint-best cls: val=1.3392, train=1.0987
2026-07-28 10:32:16,084 | Epoch  800/2700 | train=3.5439 (recon=2.8548, cls=1.0925) | val=4.9422 (cls=1.3355) | lr=1.00e-04
2026-07-28 10:32:16,089 |   -> New joint-best cls: val=1.3355, train=1.0925
2026-07-28 10:32:16,900 |   -> New joint-best cls: val=1.3338, train=1.0890
2026-07-28 10:32:17,711 |   -> New joint-best cls: val=1.3301, train=1.0888
2026-07-28 10:32:18,501 |   -> New joint-best cls: val=1.3282, train=1.0802
2026-07-28 10:32:19,287 |   -> New joint-best cls: val=1.3260, train=1.0772
2026-07-28 10:32:20,076 |   -> New joint-best cls: val=1.3225, train=1.0750
2026-07-28 10:32:22,549 |   -> New joint-best cls: val=1.3197, train=1.0705
2026-07-28 10:32:23,335 |   -> New joint-best cls: val=1.3179, train=1.0575
2026-07-28 10:32:24,128 | Epoch  810/2700 | train=3.4978 (recon=2.8098, cls=1.0614) | val=4.8888 (cls=1.3151) | lr=1.00e-04
2026-07-28 10:32:25,734 |   -> New joint-best cls: val=1.3117, train=1.0471
2026-07-28 10:32:27,426 |   -> New joint-best cls: val=1.3094, train=1.0451
2026-07-28 10:32:29,079 |   -> New joint-best cls: val=1.3088, train=1.0384
2026-07-28 10:32:29,964 |   -> New joint-best cls: val=1.3050, train=1.0374
2026-07-28 10:32:30,859 |   -> New joint-best cls: val=1.3018, train=1.0343
2026-07-28 10:32:31,649 |   -> New joint-best cls: val=1.3006, train=1.0301
2026-07-28 10:32:32,439 | Epoch  820/2700 | train=3.4543 (recon=2.7657, cls=1.0270) | val=4.7965 (cls=1.2963) | lr=1.00e-04
2026-07-28 10:32:32,449 |   -> New joint-best cls: val=1.2963, train=1.0270
2026-07-28 10:32:34,028 |   -> New joint-best cls: val=1.2955, train=1.0190
2026-07-28 10:32:34,814 |   -> New joint-best cls: val=1.2896, train=1.0174
2026-07-28 10:32:35,615 |   -> New joint-best cls: val=1.2872, train=1.0142
2026-07-28 10:32:36,501 |   -> New joint-best cls: val=1.2842, train=1.0099
2026-07-28 10:32:38,961 |   -> New joint-best cls: val=1.2780, train=0.9965
2026-07-28 10:32:40,239 |   -> New joint-best cls: val=1.2756, train=0.9944
2026-07-28 10:32:41,062 |   -> New joint-best cls: val=1.2732, train=0.9871
2026-07-28 10:32:41,866 | Epoch  830/2700 | train=3.3879 (recon=2.7001, cls=0.9773) | val=4.7295 (cls=1.2696) | lr=1.00e-04
2026-07-28 10:32:41,871 |   -> New joint-best cls: val=1.2696, train=0.9773
2026-07-28 10:32:43,435 |   -> New joint-best cls: val=1.2693, train=0.9773
2026-07-28 10:32:44,217 |   -> New joint-best cls: val=1.2628, train=0.9691
2026-07-28 10:32:45,013 |   -> New joint-best cls: val=1.2623, train=0.9663
2026-07-28 10:32:46,582 |   -> New joint-best cls: val=1.2614, train=0.9597
2026-07-28 10:32:47,361 |   -> New joint-best cls: val=1.2549, train=0.9595
2026-07-28 10:32:48,187 |   -> New joint-best cls: val=1.2547, train=0.9486
2026-07-28 10:32:49,771 | Epoch  840/2700 | train=3.3399 (recon=2.6528, cls=0.9411) | val=4.6438 (cls=1.2525) | lr=1.00e-04
2026-07-28 10:32:49,786 |   -> New joint-best cls: val=1.2525, train=0.9411
2026-07-28 10:32:50,587 |   -> New joint-best cls: val=1.2510, train=0.9384
2026-07-28 10:32:52,311 |   -> New joint-best cls: val=1.2487, train=0.9367
2026-07-28 10:32:53,751 |   -> New joint-best cls: val=1.2472, train=0.9243
2026-07-28 10:32:56,690 |   -> New joint-best cls: val=1.2408, train=0.9177
2026-07-28 10:32:57,459 |   -> New joint-best cls: val=1.2403, train=0.9149
2026-07-28 10:32:59,989 |   -> New joint-best cls: val=1.2339, train=0.9030
2026-07-28 10:33:02,492 | Epoch  850/2700 | train=3.2932 (recon=2.6083, cls=0.8938) | val=4.6138 (cls=1.2223) | lr=1.00e-04
2026-07-28 10:33:02,508 |   -> New joint-best cls: val=1.2223, train=0.8938
2026-07-28 10:33:04,061 |   -> New joint-best cls: val=1.2118, train=0.8916
2026-07-28 10:33:04,844 |   -> New joint-best cls: val=1.2102, train=0.8756
2026-07-28 10:33:06,392 |   -> New joint-best cls: val=1.2061, train=0.8676
2026-07-28 10:33:07,172 |   -> New joint-best cls: val=1.2028, train=0.8610
2026-07-28 10:33:09,663 |   -> New joint-best cls: val=1.1943, train=0.8596
2026-07-28 10:33:10,439 |   -> New joint-best cls: val=1.1933, train=0.8452
2026-07-28 10:33:11,209 | Epoch  860/2700 | train=3.2558 (recon=2.5779, cls=0.8535) | val=4.5152 (cls=1.1896) | lr=1.00e-04
2026-07-28 10:33:14,933 |   -> New joint-best cls: val=1.1909, train=0.8376
2026-07-28 10:33:16,178 |   -> New joint-best cls: val=1.1832, train=0.8255
2026-07-28 10:33:17,723 |   -> New joint-best cls: val=1.1813, train=0.8176
2026-07-28 10:33:18,514 |   -> New joint-best cls: val=1.1784, train=0.8060
2026-07-28 10:33:22,233 | Epoch  870/2700 | train=3.1875 (recon=2.5075, cls=0.8009) | val=4.4744 (cls=1.1853) | lr=1.00e-04
2026-07-28 10:33:24,736 |   -> New joint-best cls: val=1.1720, train=0.7898
2026-07-28 10:33:25,521 |   -> New joint-best cls: val=1.1696, train=0.7892
2026-07-28 10:33:26,317 |   -> New joint-best cls: val=1.1671, train=0.7771
2026-07-28 10:33:27,907 |   -> New joint-best cls: val=1.1584, train=0.7722
2026-07-28 10:33:30,225 |   -> New joint-best cls: val=1.1527, train=0.7625
2026-07-28 10:33:30,983 | Epoch  880/2700 | train=3.1382 (recon=2.4585, cls=0.7529) | val=4.4011 (cls=1.1601) | lr=1.00e-04
2026-07-28 10:33:32,176 |   -> New joint-best cls: val=1.1452, train=0.7495
2026-07-28 10:33:35,203 |   -> New joint-best cls: val=1.1408, train=0.7316
2026-07-28 10:33:35,964 |   -> New joint-best cls: val=1.1362, train=0.7178
2026-07-28 10:33:37,504 |   -> New joint-best cls: val=1.1308, train=0.7089
2026-07-28 10:33:39,020 | Epoch  890/2700 | train=3.0921 (recon=2.4186, cls=0.7062) | val=4.3321 (cls=1.1329) | lr=1.00e-04
2026-07-28 10:33:39,788 |   -> New joint-best cls: val=1.1307, train=0.7031
2026-07-28 10:33:40,559 |   -> New joint-best cls: val=1.1278, train=0.6914
2026-07-28 10:33:42,944 |   -> New joint-best cls: val=1.1236, train=0.6776
2026-07-28 10:33:43,721 |   -> New joint-best cls: val=1.1117, train=0.6735
2026-07-28 10:33:45,319 |   -> New joint-best cls: val=1.1108, train=0.6639
2026-07-28 10:33:47,766 | Epoch  900/2700 | train=3.0557 (recon=2.3911, cls=0.6675) | val=4.2572 (cls=1.1106) | lr=1.00e-04
2026-07-28 10:33:51,666 |   -> New joint-best cls: val=1.0985, train=0.6420
2026-07-28 10:33:57,106 | Epoch  910/2700 | train=2.9976 (recon=2.3300, cls=0.6199) | val=4.2282 (cls=1.1096) | lr=1.00e-04
2026-07-28 10:34:01,404 |   -> New joint-best cls: val=1.0962, train=0.5982
2026-07-28 10:34:02,983 |   -> New joint-best cls: val=1.0910, train=0.5977
2026-07-28 10:34:04,514 |   -> New joint-best cls: val=1.0832, train=0.5893
2026-07-28 10:34:05,452 | Epoch  920/2700 | train=2.9522 (recon=2.2861, cls=0.5853) | val=4.1336 (cls=1.0904) | lr=1.00e-04
2026-07-28 10:34:10,689 |   -> New joint-best cls: val=1.0802, train=0.5589
2026-07-28 10:34:13,049 | Epoch  930/2700 | train=2.8950 (recon=2.2280, cls=0.5480) | val=4.0757 (cls=1.0788) | lr=1.00e-04
2026-07-28 10:34:13,059 |   -> New joint-best cls: val=1.0788, train=0.5480
2026-07-28 10:34:14,584 |   -> New joint-best cls: val=1.0694, train=0.5418
2026-07-28 10:34:21,302 | Epoch  940/2700 | train=2.8741 (recon=2.2129, cls=0.5232) | val=4.0257 (cls=1.0828) | lr=1.00e-04
2026-07-28 10:34:23,637 |   -> New joint-best cls: val=1.0670, train=0.5067
2026-07-28 10:34:29,047 | Epoch  950/2700 | train=2.8194 (recon=2.1591, cls=0.4742) | val=3.9697 (cls=1.0823) | lr=1.00e-04
2026-07-28 10:34:31,350 |   -> New joint-best cls: val=1.0658, train=0.4620
2026-07-28 10:34:34,484 |   -> New joint-best cls: val=1.0407, train=0.4554
2026-07-28 10:34:36,808 | Epoch  960/2700 | train=2.7877 (recon=2.1349, cls=0.4394) | val=3.9454 (cls=1.0588) | lr=1.00e-04
2026-07-28 10:34:44,457 | Epoch  970/2700 | train=2.7277 (recon=2.0731, cls=0.4003) | val=3.8440 (cls=1.0519) | lr=1.00e-04
2026-07-28 10:34:46,012 |   -> New joint-best cls: val=1.0390, train=0.3962
2026-07-28 10:34:50,607 |   -> New joint-best cls: val=1.0329, train=0.3749
2026-07-28 10:34:52,150 | Epoch  980/2700 | train=2.7044 (recon=2.0531, cls=0.3712) | val=3.8067 (cls=1.0401) | lr=1.00e-04
2026-07-28 10:34:59,049 |   -> New joint-best cls: val=1.0287, train=0.3396
2026-07-28 10:34:59,823 | Epoch  990/2700 | train=2.6475 (recon=1.9929, cls=0.3331) | val=3.7765 (cls=1.0496) | lr=1.00e-04
2026-07-28 10:35:02,160 |   -> New joint-best cls: val=1.0183, train=0.3226
2026-07-28 10:35:07,554 | Epoch 1000/2700 | train=2.6112 (recon=1.9600, cls=0.3013) | val=3.7158 (cls=1.0528) | lr=1.00e-04
2026-07-28 10:35:08,345 |   -> New joint-best cls: val=1.0121, train=0.2947
2026-07-28 10:35:15,237 | Epoch 1010/2700 | train=2.5666 (recon=1.9203, cls=0.2671) | val=3.6592 (cls=1.0404) | lr=1.00e-04
2026-07-28 10:35:16,011 |   -> New joint-best cls: val=1.0097, train=0.2634
2026-07-28 10:35:16,789 |   -> New joint-best cls: val=1.0045, train=0.2599
2026-07-28 10:35:22,882 | Epoch 1020/2700 | train=2.5332 (recon=1.8874, cls=0.2466) | val=3.6085 (cls=1.0248) | lr=1.00e-04
2026-07-28 10:35:23,663 |   -> New joint-best cls: val=0.9814, train=0.2576
2026-07-28 10:35:30,346 | Epoch 1030/2700 | train=2.5015 (recon=1.8603, cls=0.2187) | val=3.5482 (cls=1.0415) | lr=1.00e-04
2026-07-28 10:35:34,187 |   -> New joint-best cls: val=0.9790, train=0.2065
2026-07-28 10:35:39,253 |   -> New joint-best cls: val=0.9763, train=0.1927
2026-07-28 10:35:40,498 | Epoch 1040/2700 | train=2.4750 (recon=1.8409, cls=0.1919) | val=3.4868 (cls=0.9983) | lr=1.00e-04
2026-07-28 10:35:44,275 |   -> New joint-best cls: val=0.9709, train=0.1880
2026-07-28 10:35:46,795 |   -> New joint-best cls: val=0.9611, train=0.1848
2026-07-28 10:35:53,004 | Epoch 1050/2700 | train=2.4325 (recon=1.7977, cls=0.1724) | val=3.4407 (cls=1.0334) | lr=1.00e-04
2026-07-28 10:35:56,278 |   -> New joint-best cls: val=0.9459, train=0.1727
2026-07-28 10:36:01,729 | Epoch 1060/2700 | train=2.3864 (recon=1.7484, cls=0.1652) | val=3.4019 (cls=1.0347) | lr=1.00e-04
2026-07-28 10:36:13,550 | Epoch 1070/2700 | train=2.3483 (recon=1.7077, cls=0.1503) | val=3.3591 (cls=1.0192) | lr=1.00e-04
2026-07-28 10:36:17,289 |   -> New joint-best cls: val=0.9079, train=0.1495
2026-07-28 10:36:22,751 | Epoch 1080/2700 | train=2.3107 (recon=1.6696, cls=0.1416) | val=3.3011 (cls=0.9992) | lr=1.00e-04
2026-07-28 10:36:30,427 | Epoch 1090/2700 | train=2.2881 (recon=1.6479, cls=0.1286) | val=3.2411 (cls=0.9593) | lr=1.00e-04
2026-07-28 10:36:38,073 | Epoch 1100/2700 | train=2.2568 (recon=1.6202, cls=0.1237) | val=3.1937 (cls=0.9752) | lr=1.00e-04
2026-07-28 10:36:45,693 | Epoch 1110/2700 | train=2.2221 (recon=1.5868, cls=0.1165) | val=3.1607 (cls=0.9895) | lr=1.00e-04
2026-07-28 10:36:53,636 | Epoch 1120/2700 | train=2.1886 (recon=1.5521, cls=0.1098) | val=3.0898 (cls=0.9785) | lr=1.00e-04
2026-07-28 10:37:01,377 | Epoch 1130/2700 | train=2.1468 (recon=1.5078, cls=0.1022) | val=3.0816 (cls=1.0635) | lr=1.00e-04
2026-07-28 10:37:12,802 | Epoch 1140/2700 | train=2.1278 (recon=1.4919, cls=0.0985) | val=3.0041 (cls=0.9779) | lr=1.00e-04
2026-07-28 10:37:18,967 |   -> New joint-best cls: val=0.9046, train=0.0989
2026-07-28 10:37:22,861 | Epoch 1150/2700 | train=2.1070 (recon=1.4686, cls=0.0998) | val=2.9440 (cls=0.9531) | lr=1.00e-04
2026-07-28 10:37:25,972 |   -> New joint-best cls: val=0.9023, train=0.0969
2026-07-28 10:37:30,637 | Epoch 1160/2700 | train=2.0762 (recon=1.4372, cls=0.0898) | val=2.8992 (cls=0.9444) | lr=1.00e-04
2026-07-28 10:37:32,187 |   -> New joint-best cls: val=0.8700, train=0.0933
2026-07-28 10:37:38,280 | Epoch 1170/2700 | train=2.0410 (recon=1.3977, cls=0.0889) | val=2.8625 (cls=0.9152) | lr=1.00e-04
2026-07-28 10:37:46,784 | Epoch 1180/2700 | train=2.0167 (recon=1.3754, cls=0.0821) | val=2.8353 (cls=0.9808) | lr=1.00e-04
2026-07-28 10:37:58,550 | Epoch 1190/2700 | train=1.9907 (recon=1.3483, cls=0.0794) | val=2.7602 (cls=0.8915) | lr=1.00e-04
2026-07-28 10:38:06,219 | Epoch 1200/2700 | train=1.9618 (recon=1.3206, cls=0.0742) | val=2.7388 (cls=0.9765) | lr=1.00e-04
2026-07-28 10:38:13,974 | Epoch 1210/2700 | train=1.9423 (recon=1.3027, cls=0.0728) | val=2.6864 (cls=0.9389) | lr=1.00e-04
2026-07-28 10:38:21,745 | Epoch 1220/2700 | train=1.9122 (recon=1.2716, cls=0.0684) | val=2.6535 (cls=0.9388) | lr=1.00e-04
2026-07-28 10:38:29,566 | Epoch 1230/2700 | train=1.8892 (recon=1.2498, cls=0.0699) | val=2.5975 (cls=0.8935) | lr=1.00e-04
2026-07-28 10:38:37,892 | Epoch 1240/2700 | train=1.8616 (recon=1.2208, cls=0.0643) | val=2.5482 (cls=0.9226) | lr=1.00e-04
2026-07-28 10:38:43,315 |   -> New joint-best cls: val=0.8627, train=0.0623
2026-07-28 10:38:45,662 | Epoch 1250/2700 | train=1.8395 (recon=1.2006, cls=0.0660) | val=2.5509 (cls=0.9736) | lr=1.00e-04
2026-07-28 10:38:47,249 |   -> New joint-best cls: val=0.8552, train=0.0613
2026-07-28 10:38:53,469 | Epoch 1260/2700 | train=1.8181 (recon=1.1822, cls=0.0646) | val=2.5120 (cls=1.0190) | lr=1.00e-04
2026-07-28 10:39:01,237 | Epoch 1270/2700 | train=1.7866 (recon=1.1522, cls=0.0611) | val=2.4657 (cls=0.9887) | lr=1.00e-04
2026-07-28 10:39:10,855 | Epoch 1280/2700 | train=1.7614 (recon=1.1242, cls=0.0613) | val=2.4174 (cls=0.9452) | lr=1.00e-04
2026-07-28 10:39:23,089 | Epoch 1290/2700 | train=1.7470 (recon=1.1127, cls=0.0572) | val=2.3761 (cls=0.8789) | lr=1.00e-04
2026-07-28 10:39:35,368 | Epoch 1300/2700 | train=1.7183 (recon=1.0822, cls=0.0531) | val=2.3409 (cls=0.9118) | lr=1.00e-04
2026-07-28 10:39:42,791 |   -> New joint-best cls: val=0.8414, train=0.0529
2026-07-28 10:39:45,856 | Epoch 1310/2700 | train=1.7011 (recon=1.0644, cls=0.0510) | val=2.3090 (cls=0.9485) | lr=1.00e-04
2026-07-28 10:39:53,530 | Epoch 1320/2700 | train=1.6769 (recon=1.0362, cls=0.0529) | val=2.2858 (cls=0.9579) | lr=1.00e-04
2026-07-28 10:40:01,333 | Epoch 1330/2700 | train=1.6536 (recon=1.0140, cls=0.0468) | val=2.2622 (cls=0.9437) | lr=1.00e-04
2026-07-28 10:40:09,193 | Epoch 1340/2700 | train=1.6421 (recon=1.0028, cls=0.0504) | val=2.2419 (cls=0.9960) | lr=1.00e-04
2026-07-28 10:40:16,971 | Epoch 1350/2700 | train=1.6212 (recon=0.9831, cls=0.0474) | val=2.1601 (cls=0.8513) | lr=1.00e-04
2026-07-28 10:40:17,757 |   -> New joint-best cls: val=0.8390, train=0.0484
2026-07-28 10:40:24,658 | Epoch 1360/2700 | train=1.5979 (recon=0.9581, cls=0.0454) | val=2.1541 (cls=0.8903) | lr=1.00e-04
2026-07-28 10:40:32,411 | Epoch 1370/2700 | train=1.5814 (recon=0.9401, cls=0.0421) | val=2.1286 (cls=0.9258) | lr=1.00e-04
2026-07-28 10:40:38,787 |   -> New joint-best cls: val=0.8319, train=0.0433
2026-07-28 10:40:40,417 | Epoch 1380/2700 | train=1.5600 (recon=0.9212, cls=0.0431) | val=2.0885 (cls=0.8650) | lr=1.00e-04
2026-07-28 10:40:48,378 | Epoch 1390/2700 | train=1.5445 (recon=0.9042, cls=0.0418) | val=2.0895 (cls=0.9846) | lr=1.00e-04
2026-07-28 10:40:56,222 | Epoch 1400/2700 | train=1.5272 (recon=0.8882, cls=0.0414) | val=2.0216 (cls=0.9147) | lr=1.00e-04
2026-07-28 10:41:03,939 | Epoch 1410/2700 | train=1.5096 (recon=0.8711, cls=0.0421) | val=1.9825 (cls=0.8396) | lr=1.00e-04
2026-07-28 10:41:11,640 | Epoch 1420/2700 | train=1.4906 (recon=0.8566, cls=0.0390) | val=1.9697 (cls=0.8447) | lr=1.00e-04
2026-07-28 10:41:19,264 | Epoch 1430/2700 | train=1.4721 (recon=0.8391, cls=0.0386) | val=1.9785 (cls=1.0297) | lr=1.00e-04
2026-07-28 10:41:27,047 | Epoch 1440/2700 | train=1.4562 (recon=0.8216, cls=0.0344) | val=1.9258 (cls=0.8958) | lr=1.00e-04
2026-07-28 10:41:34,672 | Epoch 1450/2700 | train=1.4449 (recon=0.8111, cls=0.0436) | val=1.9328 (cls=1.0379) | lr=1.00e-04
2026-07-28 10:41:42,355 | Epoch 1460/2700 | train=1.4240 (recon=0.7916, cls=0.0367) | val=1.8724 (cls=0.9058) | lr=1.00e-04
2026-07-28 10:41:50,024 | Epoch 1470/2700 | train=1.4096 (recon=0.7763, cls=0.0342) | val=1.8642 (cls=0.9248) | lr=1.00e-04
2026-07-28 10:41:57,736 | Epoch 1480/2700 | train=1.3990 (recon=0.7653, cls=0.0328) | val=1.8014 (cls=0.7994) | lr=1.00e-04
2026-07-28 10:41:57,746 |   -> New joint-best cls: val=0.7994, train=0.0328
2026-07-28 10:42:05,530 | Epoch 1490/2700 | train=1.3816 (recon=0.7459, cls=0.0328) | val=1.8212 (cls=0.9234) | lr=1.00e-04
2026-07-28 10:42:13,649 | Epoch 1500/2700 | train=1.3765 (recon=0.7423, cls=0.0342) | val=1.8041 (cls=0.9732) | lr=1.00e-04
2026-07-28 10:42:21,351 | Epoch 1510/2700 | train=1.3579 (recon=0.7204, cls=0.0350) | val=1.7818 (cls=1.0067) | lr=1.00e-04
2026-07-28 10:42:23,671 |   -> New joint-best cls: val=0.7924, train=0.0326
2026-07-28 10:42:29,030 | Epoch 1520/2700 | train=1.3463 (recon=0.7093, cls=0.0310) | val=1.7254 (cls=0.8689) | lr=1.00e-04
2026-07-28 10:42:36,108 | Stopping at epoch 1529 — val cls 1.1623 exceeds best 0.7924 by >0.3
2026-07-28 10:42:36,113 | Training complete. Best val loss: 1.7254
2026-07-28 10:42:36,113 | Best cls: val=0.7924, train=0.0326
